<html>
<body>
<pre>
<h1>µVision Build Log</h1>
<h2>Project:</h2>
C:\MicroFrameworkPK_v4_2\playground\Keil\lwip Test\lwip.uvproj
Project File Date:  04/04/2012

<h2>Output:</h2>
Build target 'Target 1'
compiling main.c...
main.c(266): warning:  #223-D: function "_psTraceStr" declared implicitly
main.c(270): warning:  #223-D: function "_psTrace" declared implicitly
main.c(728): warning:  #111-D: statement is unreachable
main.c(633): warning:  #550-D: variable "sdrc" was set but never used
main.c(738): warning:  #550-D: variable "totalProcessed" was set but never used
compiling start.c...
start.c(85): warning:  #223-D: function "mainSSLTest" declared implicitly
start.c(270): warning:  #1-D: last line of file ends without a newline
compiling stm32f10x_it.c...
compiling hmac.c...
compiling md5.c...
compiling sha1.c...
compiling asn1.c...
compiling base64.c...
compiling x509.c...
compiling pstm.c...
compiling prng.c...
matrixssl-3-3-open\crypto\prng\prng.c(112): warning:  #111-D: statement is unreachable
compiling yarrow.c...
compiling pkcs.c...
compiling pubkey.c...
compiling rsa.c...
compiling aes.c...
compiling arc4.c...
compiling des3.c...
compiling rc2.c...
compiling noOs.c...
matrixssl-3-3-open\core\noOs\noOs.c(402): warning:  #940-D: missing return statement at end of non-void function "psCoreOpen"
matrixssl-3-3-open\core\noOs\noOs.c(31): warning:  #177-D: variable "g_ulClockRate" was declared but never referenced
compiling cipherSuite.c...
compiling matrixssl.c...
compiling matrixsslApi.c...
compiling sslDecode.c...
compiling sslEncode.c...
matrixssl-3-3-open\matrixssl\sslEncode.c(1344): warning:  #550-D: variable "cipherDetails" was set but never used
compiling sslv3.c...
compiling tls.c...
matrixssl-3-3-open\matrixssl\tls.c(242): warning:  #111-D: statement is unreachable
linking...
.\output\lwip.sct(7): error: L6236E: No section matches selector - no section to be FIRST/LAST.
".\output\lwip.axf" - 1 Error(s), 12 Warning(s).
Build target 'Target 1'
assembling startup_stm32f10x_xl.s...
linking...
Program Size: Code=58824 RO-data=7600 RW-data=2336 ZI-data=5672  
FromELF: creating hex file...
".\output\lwip.axf" - 0 Error(s), 0 Warning(s).
Load "C:\\MicroFrameworkPK_v4_2\\playground\\Keil\\lwip Test\\output\\lwip.AXF" 
Erase Done.
Programming Done.
Verify OK.
Build target 'Target 1'
compiling start.c...
start.c(85): warning:  #223-D: function "mainSSLTest" declared implicitly
start.c(270): warning:  #1-D: last line of file ends without a newline
linking...
Program Size: Code=58828 RO-data=7600 RW-data=2336 ZI-data=5672  
FromELF: creating hex file...
".\output\lwip.axf" - 0 Error(s), 2 Warning(s).
Load "C:\\MicroFrameworkPK_v4_2\\playground\\Keil\\lwip Test\\output\\lwip.AXF" 
Erase Done.
Programming Done.
Verify OK.
Build target 'Target 1'
compiling start.c...
start.c(85): warning:  #223-D: function "mainSSLTest" declared implicitly
start.c(270): warning:  #1-D: last line of file ends without a newline
linking...
Program Size: Code=58824 RO-data=7600 RW-data=2336 ZI-data=5672  
FromELF: creating hex file...
".\output\lwip.axf" - 0 Error(s), 2 Warning(s).
Load "C:\\MicroFrameworkPK_v4_2\\playground\\Keil\\lwip Test\\output\\lwip.AXF" 
Erase Done.
Programming Done.
Verify OK.
Build target 'Target 1'
compiling start.c...
start.c(85): warning:  #223-D: function "mainSSLTest" declared implicitly
start.c(174): error:  #20: identifier "RCC_APB2Periph_USART2" is undefined
start.c(270): warning:  #1-D: last line of file ends without a newline
Target not created
Build target 'Target 1'
compiling start.c...
start.c(85): warning:  #223-D: function "mainSSLTest" declared implicitly
start.c(271): warning:  #1-D: last line of file ends without a newline
linking...
Program Size: Code=58800 RO-data=7600 RW-data=2336 ZI-data=5672  
FromELF: creating hex file...
".\output\lwip.axf" - 0 Error(s), 2 Warning(s).
Load "C:\\MicroFrameworkPK_v4_2\\playground\\Keil\\lwip Test\\output\\lwip.AXF" 
Erase Done.
Programming Done.
Verify OK.
Load "C:\\MicroFrameworkPK_v4_2\\playground\\Keil\\lwip Test\\output\\lwip.AXF" 
Load "C:\\MicroFrameworkPK_v4_2\\playground\\Keil\\lwip Test\\output\\lwip.AXF" 
Erase Done.
Programming Done.
Verify OK.
Build target 'Target 1'
assembling startup_stm32f10x_xl.s...
linking...
Program Size: Code=58800 RO-data=7600 RW-data=2336 ZI-data=37928  
FromELF: creating hex file...
".\output\lwip.axf" - 0 Error(s), 0 Warning(s).
Load "C:\\MicroFrameworkPK_v4_2\\playground\\Keil\\lwip Test\\output\\lwip.AXF" 
Erase Done.
Programming Done.
Verify OK.
Build target 'Target 1'
compiling start.c...
start.c(85): warning:  #223-D: function "mainSSLTest" declared implicitly
start.c(272): warning:  #1-D: last line of file ends without a newline
linking...
Program Size: Code=58832 RO-data=7600 RW-data=2336 ZI-data=37928  
FromELF: creating hex file...
".\output\lwip.axf" - 0 Error(s), 2 Warning(s).
Load "C:\\MicroFrameworkPK_v4_2\\playground\\Keil\\lwip Test\\output\\lwip.AXF" 
Erase Done.
Programming Done.
Verify OK.
Build target 'Target 1'
compiling start.c...
start.c(85): warning:  #223-D: function "mainSSLTest" declared implicitly
start.c(272): warning:  #1-D: last line of file ends without a newline
linking...
Program Size: Code=58828 RO-data=7600 RW-data=2336 ZI-data=37928  
FromELF: creating hex file...
".\output\lwip.axf" - 0 Error(s), 2 Warning(s).
Load "C:\\MicroFrameworkPK_v4_2\\playground\\Keil\\lwip Test\\output\\lwip.AXF" 
Erase Done.
Programming Done.
Verify OK.
Build target 'Target 1'
compiling start.c...
start.c(85): warning:  #223-D: function "mainSSLTest" declared implicitly
start.c(276): warning:  #1-D: last line of file ends without a newline
linking...
Program Size: Code=58840 RO-data=7600 RW-data=2336 ZI-data=37928  
FromELF: creating hex file...
".\output\lwip.axf" - 0 Error(s), 2 Warning(s).
Load "C:\\MicroFrameworkPK_v4_2\\playground\\Keil\\lwip Test\\output\\lwip.AXF" 
Erase Done.
Programming Done.
Verify OK.
Build target 'Target 1'
compiling start.c...
start.c(85): warning:  #223-D: function "mainSSLTest" declared implicitly
start.c(280): warning:  #1-D: last line of file ends without a newline
linking...
Program Size: Code=58852 RO-data=7600 RW-data=2336 ZI-data=37928  
FromELF: creating hex file...
".\output\lwip.axf" - 0 Error(s), 2 Warning(s).
Load "C:\\MicroFrameworkPK_v4_2\\playground\\Keil\\lwip Test\\output\\lwip.AXF" 
Erase Done.
Programming Done.
Verify OK.
Build target 'Target 1'
compiling start.c...
start.c(85): warning:  #223-D: function "mainSSLTest" declared implicitly
start.c(278): warning:  #1-D: last line of file ends without a newline
linking...
Program Size: Code=58852 RO-data=7600 RW-data=2336 ZI-data=37928  
FromELF: creating hex file...
".\output\lwip.axf" - 0 Error(s), 2 Warning(s).
Load "C:\\MicroFrameworkPK_v4_2\\playground\\Keil\\lwip Test\\output\\lwip.AXF" 
Erase Done.
Programming Done.
Verify OK.
Build target 'Target 1'
compiling main.c...
.\matrixssl-3-3-open\matrixssl/matrixssllib.h(129): error:  #35: #error directive: "Enable USE_ARC4 in cryptoConfig.h for SSL_RSA_WITH_RC4_128_SHA suite"
compiling cipherSuite.c...
matrixssl-3-3-open\matrixssl\matrixssllib.h(129): error:  #35: #error directive: "Enable USE_ARC4 in cryptoConfig.h for SSL_RSA_WITH_RC4_128_SHA suite"
compiling matrixssl.c...
matrixssl-3-3-open\matrixssl\matrixssllib.h(129): error:  #35: #error directive: "Enable USE_ARC4 in cryptoConfig.h for SSL_RSA_WITH_RC4_128_SHA suite"
compiling matrixsslApi.c...
matrixssl-3-3-open\matrixssl\matrixssllib.h(129): error:  #35: #error directive: "Enable USE_ARC4 in cryptoConfig.h for SSL_RSA_WITH_RC4_128_SHA suite"
compiling sslDecode.c...
matrixssl-3-3-open\matrixssl\matrixssllib.h(129): error:  #35: #error directive: "Enable USE_ARC4 in cryptoConfig.h for SSL_RSA_WITH_RC4_128_SHA suite"
compiling sslEncode.c...
matrixssl-3-3-open\matrixssl\matrixssllib.h(129): error:  #35: #error directive: "Enable USE_ARC4 in cryptoConfig.h for SSL_RSA_WITH_RC4_128_SHA suite"
compiling sslv3.c...
matrixssl-3-3-open\matrixssl\matrixssllib.h(129): error:  #35: #error directive: "Enable USE_ARC4 in cryptoConfig.h for SSL_RSA_WITH_RC4_128_SHA suite"
compiling tls.c...
matrixssl-3-3-open\matrixssl\matrixssllib.h(129): error:  #35: #error directive: "Enable USE_ARC4 in cryptoConfig.h for SSL_RSA_WITH_RC4_128_SHA suite"
Target not created
Build target 'Target 1'
compiling main.c...
main.c(266): warning:  #223-D: function "_psTraceStr" declared implicitly
main.c(270): warning:  #223-D: function "_psTrace" declared implicitly
main.c(728): warning:  #111-D: statement is unreachable
main.c(633): warning:  #550-D: variable "sdrc" was set but never used
main.c(738): warning:  #550-D: variable "totalProcessed" was set but never used
compiling cipherSuite.c...
compiling matrixssl.c...
compiling matrixsslApi.c...
compiling sslDecode.c...
compiling sslEncode.c...
matrixssl-3-3-open\matrixssl\sslEncode.c(1344): warning:  #550-D: variable "cipherDetails" was set but never used
compiling sslv3.c...
compiling tls.c...
matrixssl-3-3-open\matrixssl\tls.c(242): warning:  #111-D: statement is unreachable
linking...
Program Size: Code=59020 RO-data=7600 RW-data=2440 ZI-data=37928  
FromELF: creating hex file...
".\output\lwip.axf" - 0 Error(s), 7 Warning(s).
Build target 'Target 1'
compiling main.c...
main.c(266): warning:  #223-D: function "_psTraceStr" declared implicitly
main.c(270): warning:  #223-D: function "_psTrace" declared implicitly
main.c(728): warning:  #111-D: statement is unreachable
main.c(633): warning:  #550-D: variable "sdrc" was set but never used
main.c(738): warning:  #550-D: variable "totalProcessed" was set but never used
compiling cipherSuite.c...
compiling matrixssl.c...
compiling matrixsslApi.c...
compiling sslDecode.c...
compiling sslEncode.c...
matrixssl-3-3-open\matrixssl\sslEncode.c(1344): warning:  #550-D: variable "cipherDetails" was set but never used
compiling sslv3.c...
compiling tls.c...
matrixssl-3-3-open\matrixssl\tls.c(242): warning:  #111-D: statement is unreachable
linking...
Program Size: Code=59020 RO-data=7600 RW-data=2440 ZI-data=35336  
FromELF: creating hex file...
".\output\lwip.axf" - 0 Error(s), 7 Warning(s).
Build target 'Target 1'
linking...
Program Size: Code=59020 RO-data=7600 RW-data=2440 ZI-data=35336  
FromELF: creating hex file...
".\output\lwip.axf" - 0 Error(s), 0 Warning(s).
Build target 'Target 1'
compiling main.c...
.\matrixssl-3-3-open\matrixssl/matrixssllib.h(129): error:  #35: #error directive: "Enable USE_ARC4 in cryptoConfig.h for SSL_RSA_WITH_RC4_128_SHA suite"
compiling cipherSuite.c...
matrixssl-3-3-open\matrixssl\matrixssllib.h(129): error:  #35: #error directive: "Enable USE_ARC4 in cryptoConfig.h for SSL_RSA_WITH_RC4_128_SHA suite"
compiling matrixssl.c...
matrixssl-3-3-open\matrixssl\matrixssllib.h(129): error:  #35: #error directive: "Enable USE_ARC4 in cryptoConfig.h for SSL_RSA_WITH_RC4_128_SHA suite"
compiling matrixsslApi.c...
matrixssl-3-3-open\matrixssl\matrixssllib.h(129): error:  #35: #error directive: "Enable USE_ARC4 in cryptoConfig.h for SSL_RSA_WITH_RC4_128_SHA suite"
compiling sslDecode.c...
matrixssl-3-3-open\matrixssl\matrixssllib.h(129): error:  #35: #error directive: "Enable USE_ARC4 in cryptoConfig.h for SSL_RSA_WITH_RC4_128_SHA suite"
compiling sslEncode.c...
matrixssl-3-3-open\matrixssl\matrixssllib.h(129): error:  #35: #error directive: "Enable USE_ARC4 in cryptoConfig.h for SSL_RSA_WITH_RC4_128_SHA suite"
compiling sslv3.c...
matrixssl-3-3-open\matrixssl\matrixssllib.h(129): error:  #35: #error directive: "Enable USE_ARC4 in cryptoConfig.h for SSL_RSA_WITH_RC4_128_SHA suite"
compiling tls.c...
matrixssl-3-3-open\matrixssl\matrixssllib.h(129): error:  #35: #error directive: "Enable USE_ARC4 in cryptoConfig.h for SSL_RSA_WITH_RC4_128_SHA suite"
Target not created
Build target 'Target 1'
compiling main.c...
main.c(266): warning:  #223-D: function "_psTraceStr" declared implicitly
main.c(270): warning:  #223-D: function "_psTrace" declared implicitly
main.c(728): warning:  #111-D: statement is unreachable
main.c(633): warning:  #550-D: variable "sdrc" was set but never used
main.c(738): warning:  #550-D: variable "totalProcessed" was set but never used
compiling hmac.c...
compiling md5.c...
compiling sha1.c...
compiling asn1.c...
compiling base64.c...
compiling x509.c...
compiling pstm.c...
compiling prng.c...
matrixssl-3-3-open\crypto\prng\prng.c(112): warning:  #111-D: statement is unreachable
compiling yarrow.c...
compiling pkcs.c...
compiling pubkey.c...
compiling rsa.c...
compiling aes.c...
compiling arc4.c...
compiling des3.c...
compiling rc2.c...
compiling cipherSuite.c...
compiling matrixssl.c...
compiling matrixsslApi.c...
compiling sslDecode.c...
compiling sslEncode.c...
matrixssl-3-3-open\matrixssl\sslEncode.c(1344): warning:  #550-D: variable "cipherDetails" was set but never used
compiling sslv3.c...
compiling tls.c...
matrixssl-3-3-open\matrixssl\tls.c(242): warning:  #111-D: statement is unreachable
linking...
Program Size: Code=59832 RO-data=7600 RW-data=2648 ZI-data=35336  
FromELF: creating hex file...
".\output\lwip.axf" - 0 Error(s), 8 Warning(s).
Load "C:\\MicroFrameworkPK_v4_2\\playground\\Keil\\lwip Test\\output\\lwip.AXF" 
Erase Done.
Programming Done.
Verify OK.
