ARM Linker, 4.1 [Build 644] [Standard]

==============================================================================

Section Cross References

    main.o(.text) refers to matrixssl.o(.text) for matrixSslDeleteSession
    main.o(.text) refers to matrixsslapi.o(.text) for matrixSslGetWritebuf
    main.o(.text) refers to printf8.o(i.__0fprintf$8) for __2fprintf
    main.o(.text) refers to noos.o(.text) for psBreak
    main.o(.text) refers to memseta.o(.text) for __aeabi_memset
    main.o(.text) refers to memmovea.o(.text) for __aeabi_memcpy
    main.o(.text) refers to printf8.o(i.__0printf$8) for __2printf
    main.o(.text) refers to stderr.o(.data) for __stderr
    main.o(.text) refers to main.o(.data) for CAcertSrvBuf
    main.o(.text) refers to mallocr.o(i.__malloc$realloc) for malloc
    main.o(.text) refers to main.o(.bss) for clientSessionId
    main.o(.text) refers to mallocr.o(i.__free$realloc) for free
    start.o(.text) refers to stm32f10x_usart.o(i.USART_Init) for USART_Init
    start.o(.text) refers to stm32f10x_usart.o(i.USART_Cmd) for USART_Cmd
    start.o(.text) refers to stm32f10x_gpio.o(i.GPIO_Init) for GPIO_Init
    start.o(.text) refers to stm32f10x_nvic.o(i.NVIC_SetVectorTable) for NVIC_SetVectorTable
    start.o(.text) refers to stm32f10x_rcc.o(i.RCC_DeInit) for RCC_DeInit
    start.o(.text) refers to stm32f10x_rcc.o(i.RCC_HSEConfig) for RCC_HSEConfig
    start.o(.text) refers to stm32f10x_rcc.o(i.RCC_WaitForHSEStartUp) for RCC_WaitForHSEStartUp
    start.o(.text) refers to stm32f10x_flash.o(i.FLASH_PrefetchBufferCmd) for FLASH_PrefetchBufferCmd
    start.o(.text) refers to stm32f10x_flash.o(i.FLASH_SetLatency) for FLASH_SetLatency
    start.o(.text) refers to stm32f10x_rcc.o(i.RCC_HCLKConfig) for RCC_HCLKConfig
    start.o(.text) refers to stm32f10x_rcc.o(i.RCC_PCLK2Config) for RCC_PCLK2Config
    start.o(.text) refers to stm32f10x_rcc.o(i.RCC_PCLK1Config) for RCC_PCLK1Config
    start.o(.text) refers to stm32f10x_rcc.o(i.RCC_PLLConfig) for RCC_PLLConfig
    start.o(.text) refers to stm32f10x_rcc.o(i.RCC_PLLCmd) for RCC_PLLCmd
    start.o(.text) refers to stm32f10x_rcc.o(i.RCC_GetFlagStatus) for RCC_GetFlagStatus
    start.o(.text) refers to stm32f10x_rcc.o(i.RCC_SYSCLKConfig) for RCC_SYSCLKConfig
    start.o(.text) refers to stm32f10x_rcc.o(i.RCC_GetSYSCLKSource) for RCC_GetSYSCLKSource
    start.o(.text) refers to stm32f10x_rcc.o(i.RCC_APB2PeriphClockCmd) for RCC_APB2PeriphClockCmd
    start.o(.text) refers to stm32f10x_rcc.o(i.RCC_APB1PeriphClockCmd) for RCC_APB1PeriphClockCmd
    start.o(.text) refers to printf8.o(i.__0printf$8) for __2printf
    start.o(.text) refers to main.o(.text) for mainSSLTest
    start.o(.text) refers to stm32f10x_usart.o(i.USART_SendData) for USART_SendData
    start.o(.text) refers to stm32f10x_usart.o(i.USART_GetFlagStatus) for USART_GetFlagStatus
    start.o(.text) refers to start.o(.data) for HSEStartUpStatus
    startup_stm32f10x_xl.o(RESET) refers to startup_stm32f10x_xl.o(STACK) for __initial_sp
    startup_stm32f10x_xl.o(RESET) refers to startup_stm32f10x_xl.o(.text) for Reset_Handler
    startup_stm32f10x_xl.o(RESET) refers to stm32f10x_it.o(.text) for NMI_Handler
    startup_stm32f10x_xl.o(.text) refers to main.o(.text) for SystemInit
    startup_stm32f10x_xl.o(.text) refers to entry.o(.ARM.Collect$$$$00000000) for __main
    stm32f10x_flash.o(i.FLASH_EnableWriteProtection) refers to stm32f10x_flash.o(i.FLASH_WaitForLastOperation) for FLASH_WaitForLastOperation
    stm32f10x_flash.o(i.FLASH_EraseAllPages) refers to stm32f10x_flash.o(i.FLASH_WaitForLastOperation) for FLASH_WaitForLastOperation
    stm32f10x_flash.o(i.FLASH_EraseOptionBytes) refers to stm32f10x_flash.o(i.FLASH_WaitForLastOperation) for FLASH_WaitForLastOperation
    stm32f10x_flash.o(i.FLASH_ErasePage) refers to stm32f10x_flash.o(i.FLASH_WaitForLastOperation) for FLASH_WaitForLastOperation
    stm32f10x_flash.o(i.FLASH_ProgramHalfWord) refers to stm32f10x_flash.o(i.FLASH_WaitForLastOperation) for FLASH_WaitForLastOperation
    stm32f10x_flash.o(i.FLASH_ProgramOptionByteData) refers to stm32f10x_flash.o(i.FLASH_WaitForLastOperation) for FLASH_WaitForLastOperation
    stm32f10x_flash.o(i.FLASH_ProgramWord) refers to stm32f10x_flash.o(i.FLASH_WaitForLastOperation) for FLASH_WaitForLastOperation
    stm32f10x_flash.o(i.FLASH_ReadOutProtection) refers to stm32f10x_flash.o(i.FLASH_WaitForLastOperation) for FLASH_WaitForLastOperation
    stm32f10x_flash.o(i.FLASH_UserOptionByteConfig) refers to stm32f10x_flash.o(i.FLASH_WaitForLastOperation) for FLASH_WaitForLastOperation
    stm32f10x_flash.o(i.FLASH_WaitForLastOperation) refers to stm32f10x_flash.o(i.FLASH_GetStatus) for FLASH_GetStatus
    stm32f10x_gpio.o(i.GPIO_AFIODeInit) refers to stm32f10x_rcc.o(i.RCC_APB2PeriphResetCmd) for RCC_APB2PeriphResetCmd
    stm32f10x_gpio.o(i.GPIO_DeInit) refers to stm32f10x_rcc.o(i.RCC_APB2PeriphResetCmd) for RCC_APB2PeriphResetCmd
[...]
    mallocr.o(i.realloc) refers to mallocr.o(i.__free$realloc) for free
    mallocr.o(i.realloc) refers to mallocr.o(i.internal_alloc) for internal_alloc
    mallocr.o(i.realloc) refers to mallocr.o(i.__malloc$realloc) for malloc
    mallocr.o(i.realloc) refers to mvars.o(.data) for __microlib_freelist
    malloca.o(i.__aligned_malloc) refers to mvars.o(.data) for __microlib_freelist_initialised
    malloca.o(i.__aligned_malloc) refers to mvars.o(.data) for __microlib_freelist
    malloca.o(i.__aligned_malloc) refers to startup_stm32f10x_xl.o(HEAP) for __heap_base
    malloca.o(i.__free$memalign) refers to mvars.o(.data) for __microlib_freelist
    malloca.o(i.__malloc$memalign) refers to malloca.o(i.__aligned_malloc) for __aligned_malloc
    mallocra.o(i.__aligned_malloc$realloc) refers to mallocra.o(i.internal_alloc) for internal_alloc
    mallocra.o(i.__aligned_malloc$realloc) refers to mvars.o(.data) for __microlib_freelist_initialised
    mallocra.o(i.__aligned_malloc$realloc) refers to startup_stm32f10x_xl.o(HEAP) for __heap_base
    mallocra.o(i.__aligned_malloc$realloc) refers to mvars.o(.data) for __microlib_freelist
    mallocra.o(i.__free$realloc$memalign) refers to mvars.o(.data) for __microlib_freelist
    mallocra.o(i.__malloc$realloc$memalign) refers to mallocra.o(i.__aligned_malloc$realloc) for __aligned_malloc$realloc
    mallocra.o(i.__realloc$memalign) refers to mallocra.o(i.__free$realloc$memalign) for __free$realloc$memalign
    mallocra.o(i.__realloc$memalign) refers to mallocra.o(i.internal_alloc) for internal_alloc
    mallocra.o(i.__realloc$memalign) refers to mallocra.o(i.__malloc$realloc$memalign) for __malloc$realloc$memalign
    mallocra.o(i.__realloc$memalign) refers to mvars.o(.data) for __microlib_freelist
    mallocra.o(i.internal_alloc) refers to memmovea.o(.text) for __aeabi_memcpy
    mallocra.o(i.internal_alloc) refers to mvars.o(.data) for __microlib_freelist
    entry2.o(.ARM.Collect$$$$00000001) refers to entry2.o(.ARM.Collect$$$$00002712) for __lit__00000000
    entry2.o(.ARM.Collect$$$$00002712) refers to startup_stm32f10x_xl.o(STACK) for __initial_sp
    entry2.o(__vectab_stack_and_reset_area) refers to startup_stm32f10x_xl.o(STACK) for __initial_sp
    entry2.o(__vectab_stack_and_reset_area) refers to entry.o(.ARM.Collect$$$$00000000) for __main
    entry5.o(.ARM.Collect$$$$00000004) refers to init.o(.text) for __scatterload
    entry7.o(.ARM.Collect$$$$00000007) refers to start.o(.text) for main
    dadd.o(.text) refers to llshl.o(.text) for __aeabi_llsl
    dadd.o(.text) refers to llsshr.o(.text) for __aeabi_lasr
    dadd.o(.text) refers to depilogue.o(.text) for _double_epilogue
    dmul.o(.text) refers to depilogue.o(.text) for _double_epilogue
    ddiv.o(.text) refers to depilogue.o(.text) for _double_round
    dfixul.o(.text) refers to llushr.o(.text) for __aeabi_llsr
    dfixul.o(.text) refers to llshl.o(.text) for __aeabi_llsl
    init.o(.text) refers to entry5.o(.ARM.Collect$$$$00000004) for __main_after_scatterload
    depilogue.o(.text) refers to llshl.o(.text) for __aeabi_llsl
    depilogue.o(.text) refers to llushr.o(.text) for __aeabi_llsr


==============================================================================

Removing Unused input sections from the image.

    Removing stm32f10x_flash.o(i.FLASH_ClearFlag), (12 bytes).
    Removing stm32f10x_flash.o(i.FLASH_EnableWriteProtection), (168 bytes).
    Removing stm32f10x_flash.o(i.FLASH_EraseAllPages), (60 bytes).
    Removing stm32f10x_flash.o(i.FLASH_EraseOptionBytes), (116 bytes).
    Removing stm32f10x_flash.o(i.FLASH_ErasePage), (64 bytes).
    Removing stm32f10x_flash.o(i.FLASH_GetFlagStatus), (32 bytes).
    Removing stm32f10x_flash.o(i.FLASH_GetPrefetchBufferStatus), (20 bytes).
    Removing stm32f10x_flash.o(i.FLASH_GetReadOutProtectionStatus), (20 bytes).
    Removing stm32f10x_flash.o(i.FLASH_GetStatus), (40 bytes).
    Removing stm32f10x_flash.o(i.FLASH_GetUserOptionByte), (12 bytes).
    Removing stm32f10x_flash.o(i.FLASH_GetWriteProtectionOptionByte), (12 bytes).
    Removing stm32f10x_flash.o(i.FLASH_HalfCycleAccessCmd), (24 bytes).
    Removing stm32f10x_flash.o(i.FLASH_ITConfig), (24 bytes).
    Removing stm32f10x_flash.o(i.FLASH_Lock), (16 bytes).
    Removing stm32f10x_flash.o(i.FLASH_ProgramHalfWord), (56 bytes).
    Removing stm32f10x_flash.o(i.FLASH_ProgramOptionByteData), (72 bytes).
    Removing stm32f10x_flash.o(i.FLASH_ProgramWord), (68 bytes).
    Removing stm32f10x_flash.o(i.FLASH_ReadOutProtection), (136 bytes).
    Removing stm32f10x_flash.o(i.FLASH_Unlock), (24 bytes).
    Removing stm32f10x_flash.o(i.FLASH_UserOptionByteConfig), (88 bytes).
    Removing stm32f10x_flash.o(i.FLASH_WaitForLastOperation), (40 bytes).
    Removing stm32f10x_gpio.o(i.GPIO_AFIODeInit), (22 bytes).
    Removing stm32f10x_gpio.o(i.GPIO_DeInit), (160 bytes).
    Removing stm32f10x_gpio.o(i.GPIO_EXTILineConfig), (40 bytes).
    Removing stm32f10x_gpio.o(i.GPIO_EventOutputCmd), (12 bytes).
    Removing stm32f10x_gpio.o(i.GPIO_EventOutputConfig), (28 bytes).
    Removing stm32f10x_gpio.o(i.GPIO_PinLockConfig), (16 bytes).
    Removing stm32f10x_gpio.o(i.GPIO_PinRemapConfig), (72 bytes).
    Removing stm32f10x_gpio.o(i.GPIO_ReadInputData), (6 bytes).
    Removing stm32f10x_gpio.o(i.GPIO_ReadInputDataBit), (14 bytes).
    Removing stm32f10x_gpio.o(i.GPIO_ReadOutputData), (6 bytes).
    Removing stm32f10x_gpio.o(i.GPIO_ReadOutputDataBit), (14 bytes).
    Removing stm32f10x_gpio.o(i.GPIO_ResetBits), (4 bytes).
    Removing stm32f10x_gpio.o(i.GPIO_SetBits), (4 bytes).
    Removing stm32f10x_gpio.o(i.GPIO_StructInit), (16 bytes).
    Removing stm32f10x_gpio.o(i.GPIO_Write), (4 bytes).
    Removing stm32f10x_gpio.o(i.GPIO_WriteBit), (10 bytes).
    Removing stm32f10x_nvic.o(i.NVIC_BASEPRICONFIG), (6 bytes).
    Removing stm32f10x_nvic.o(i.NVIC_ClearIRQChannelPendingBit), (24 bytes).
    Removing stm32f10x_nvic.o(i.NVIC_ClearSystemHandlerPendingBit), (24 bytes).
    Removing stm32f10x_nvic.o(i.NVIC_DeInit), (52 bytes).
    Removing stm32f10x_nvic.o(i.NVIC_GenerateCoreReset), (16 bytes).
    Removing stm32f10x_nvic.o(i.NVIC_GenerateSystemReset), (16 bytes).
    Removing stm32f10x_nvic.o(i.NVIC_GetBASEPRI), (4 bytes).
    Removing stm32f10x_nvic.o(i.NVIC_GetCPUID), (12 bytes).
    Removing stm32f10x_nvic.o(i.NVIC_GetCurrentActiveHandler), (16 bytes).
    Removing stm32f10x_nvic.o(i.NVIC_GetCurrentPendingIRQChannel), (16 bytes).
    Removing stm32f10x_nvic.o(i.NVIC_GetFaultAddress), (24 bytes).
    Removing stm32f10x_nvic.o(i.NVIC_GetFaultHandlerSources), (56 bytes).
    Removing stm32f10x_nvic.o(i.NVIC_GetIRQChannelActiveBitStatus), (34 bytes).
    Removing stm32f10x_nvic.o(i.NVIC_GetIRQChannelPendingBitStatus), (34 bytes).
    Removing stm32f10x_nvic.o(i.NVIC_GetSystemHandlerActiveBitStatus), (32 bytes).
    Removing stm32f10x_nvic.o(i.NVIC_GetSystemHandlerPendingBitStatus), (32 bytes).
    Removing stm32f10x_nvic.o(i.NVIC_Init), (124 bytes).
    Removing stm32f10x_nvic.o(i.NVIC_PriorityGroupConfig), (20 bytes).
    Removing stm32f10x_nvic.o(i.NVIC_RESETFAULTMASK), (4 bytes).
    Removing stm32f10x_nvic.o(i.NVIC_RESETPRIMASK), (4 bytes).
    Removing stm32f10x_nvic.o(i.NVIC_SCBDeInit), (80 bytes).
    Removing stm32f10x_nvic.o(i.NVIC_SETFAULTMASK), (4 bytes).
    Removing stm32f10x_nvic.o(i.NVIC_SETPRIMASK), (4 bytes).
    Removing stm32f10x_nvic.o(i.NVIC_SetIRQChannelPendingBit), (12 bytes).
    Removing stm32f10x_nvic.o(i.NVIC_SetSystemHandlerPendingBit), (24 bytes).
    Removing stm32f10x_nvic.o(i.NVIC_StructInit), (12 bytes).
    Removing stm32f10x_nvic.o(i.NVIC_SystemHandlerConfig), (32 bytes).
    Removing stm32f10x_nvic.o(i.NVIC_SystemHandlerPriorityConfig), (76 bytes).
    Removing stm32f10x_nvic.o(i.NVIC_SystemLPConfig), (24 bytes).
    Removing stm32f10x_rcc.o(i.RCC_ADCCLKConfig), (20 bytes).
    Removing stm32f10x_rcc.o(i.RCC_AHBPeriphClockCmd), (24 bytes).
    Removing stm32f10x_rcc.o(i.RCC_APB1PeriphResetCmd), (24 bytes).
    Removing stm32f10x_rcc.o(i.RCC_APB2PeriphResetCmd), (24 bytes).
    Removing stm32f10x_rcc.o(i.RCC_AdjustHSICalibrationValue), (20 bytes).
    Removing stm32f10x_rcc.o(i.RCC_BackupResetCmd), (12 bytes).
    Removing stm32f10x_rcc.o(i.RCC_ClearFlag), (16 bytes).
    Removing stm32f10x_rcc.o(i.RCC_ClearITPendingBit), (12 bytes).
    Removing stm32f10x_rcc.o(i.RCC_ClockSecuritySystemCmd), (12 bytes).
    Removing stm32f10x_rcc.o(i.RCC_GetITStatus), (20 bytes).
    Removing stm32f10x_rcc.o(i.RCC_HSICmd), (12 bytes).
    Removing stm32f10x_rcc.o(i.RCC_ITConfig), (24 bytes).
    Removing stm32f10x_rcc.o(i.RCC_LSEConfig), (32 bytes).
    Removing stm32f10x_rcc.o(i.RCC_LSICmd), (12 bytes).
    Removing stm32f10x_rcc.o(i.RCC_MCOConfig), (12 bytes).
    Removing stm32f10x_rcc.o(i.RCC_RTCCLKCmd), (12 bytes).
    Removing stm32f10x_rcc.o(i.RCC_RTCCLKConfig), (16 bytes).
    Removing stm32f10x_rcc.o(i.RCC_USBCLKConfig), (12 bytes).
    Removing stm32f10x_usart.o(i.USART_ClearFlag), (6 bytes).
    Removing stm32f10x_usart.o(i.USART_ClearITPendingBit), (12 bytes).
    Removing stm32f10x_usart.o(i.USART_ClockInit), (30 bytes).
    Removing stm32f10x_usart.o(i.USART_ClockStructInit), (12 bytes).
    Removing stm32f10x_usart.o(i.USART_DMACmd), (16 bytes).
    Removing stm32f10x_usart.o(i.USART_DeInit), (108 bytes).
    Removing stm32f10x_usart.o(i.USART_GetITStatus), (62 bytes).
    Removing stm32f10x_usart.o(i.USART_HalfDuplexCmd), (20 bytes).
    Removing stm32f10x_usart.o(i.USART_ITConfig), (48 bytes).
    Removing stm32f10x_usart.o(i.USART_IrDACmd), (20 bytes).
    Removing stm32f10x_usart.o(i.USART_IrDAConfig), (16 bytes).
    Removing stm32f10x_usart.o(i.USART_LINBreakDetectLengthConfig), (16 bytes).
    Removing stm32f10x_usart.o(i.USART_LINCmd), (20 bytes).
    Removing stm32f10x_usart.o(i.USART_ReceiveData), (8 bytes).
    Removing stm32f10x_usart.o(i.USART_ReceiverWakeUpCmd), (20 bytes).
    Removing stm32f10x_usart.o(i.USART_SendBreak), (10 bytes).
    Removing stm32f10x_usart.o(i.USART_SetAddress), (16 bytes).
    Removing stm32f10x_usart.o(i.USART_SetGuardTime), (16 bytes).
    Removing stm32f10x_usart.o(i.USART_SetPrescaler), (16 bytes).
    Removing stm32f10x_usart.o(i.USART_SmartCardCmd), (20 bytes).
    Removing stm32f10x_usart.o(i.USART_SmartCardNACKCmd), (20 bytes).
    Removing stm32f10x_usart.o(i.USART_StructInit), (22 bytes).
    Removing stm32f10x_usart.o(i.USART_WakeUpConfig), (16 bytes).
    Removing cortexm3_macro.o(.text), (122 bytes).
    Removing dadd.o(.text), (336 bytes).
    Removing dmul.o(.text), (226 bytes).
    Removing ddiv.o(.text), (226 bytes).
    Removing dfixul.o(.text), (48 bytes).
    Removing cdrcmple.o(.text), (40 bytes).
    Removing depilogue.o(.text), (198 bytes).

114 unused section(s) (total 4412 bytes) removed from the image.

==============================================================================

Image Symbol Table

    Local Symbols

    Symbol Name                              Value     Ov Type        Size  Object(Section)

    ../../../cmprslib/lz77c.c                0x00000000   Number         0  __dclz77c.o ABSOLUTE
    ../../microlib/division.c                0x00000000   Number         0  uldiv.o ABSOLUTE
    ../../microlib/division.c                0x00000000   Number         0  uidiv.o ABSOLUTE
    ../../microlib/fpadd.c                   0x00000000   Number         0  dadd.o ABSOLUTE
    ../../microlib/fpdiv.c                   0x00000000   Number         0  ddiv.o ABSOLUTE
    ../../microlib/fpepilogue.c              0x00000000   Number         0  depilogue.o ABSOLUTE
    ../../microlib/fpfix.c                   0x00000000   Number         0  dfixul.o ABSOLUTE
    ../../microlib/fpmul.c                   0x00000000   Number         0  dmul.o ABSOLUTE
    ../../microlib/init/entry.s              0x00000000   Number         0  entry7.o ABSOLUTE
    ../../microlib/init/entry.s              0x00000000   Number         0  entry.o ABSOLUTE
    ../../microlib/init/entry.s              0x00000000   Number         0  entry5.o ABSOLUTE
    ../../microlib/init/entry.s              0x00000000   Number         0  entry2.o ABSOLUTE
    ../../microlib/longlong.c                0x00000000   Number         0  llushr.o ABSOLUTE
    ../../microlib/longlong.c                0x00000000   Number         0  llshl.o ABSOLUTE
    ../../microlib/longlong.c                0x00000000   Number         0  llsshr.o ABSOLUTE
    ../../microlib/malloc/malloc.c           0x00000000   Number         0  mallocra.o ABSOLUTE
    ../../microlib/malloc/malloc.c           0x00000000   Number         0  mallocr.o ABSOLUTE
    ../../microlib/malloc/malloc.c           0x00000000   Number         0  malloca.o ABSOLUTE
    ../../microlib/malloc/malloc.c           0x00000000   Number         0  malloc.o ABSOLUTE
    ../../microlib/malloc/mvars.c            0x00000000   Number         0  mvars.o ABSOLUTE
    ../../microlib/printf/printf.c           0x00000000   Number         0  printf3.o ABSOLUTE
    ../../microlib/printf/printf.c           0x00000000   Number         0  printf4.o ABSOLUTE
    ../../microlib/printf/printf.c           0x00000000   Number         0  printf5.o ABSOLUTE
    ../../microlib/printf/printf.c           0x00000000   Number         0  printf7.o ABSOLUTE
    ../../microlib/printf/printf.c           0x00000000   Number         0  printf8.o ABSOLUTE
    ../../microlib/printf/printf.c           0x00000000   Number         0  printf6.o ABSOLUTE
    ../../microlib/printf/printf.c           0x00000000   Number         0  printfa.o ABSOLUTE
    ../../microlib/printf/printf.c           0x00000000   Number         0  printf0.o ABSOLUTE
    ../../microlib/printf/printf.c           0x00000000   Number         0  printfb.o ABSOLUTE
    ../../microlib/printf/printf.c           0x00000000   Number         0  printf1.o ABSOLUTE
    ../../microlib/printf/printf.c           0x00000000   Number         0  printf2.o ABSOLUTE
    ../../microlib/printf/stubs.s            0x00000000   Number         0  stubs.o ABSOLUTE
    ../../microlib/stdio/streams.c           0x00000000   Number         0  stderr.o ABSOLUTE
    ../../microlib/stdio/streams.c           0x00000000   Number         0  stdout.o ABSOLUTE
    ../../microlib/string/memcmp.c           0x00000000   Number         0  memcmp.o ABSOLUTE
    ../../microlib/string/memcpy.c           0x00000000   Number         0  memcpyb.o ABSOLUTE
    ../../microlib/string/memcpy.c           0x00000000   Number         0  memmovea.o ABSOLUTE
    ../../microlib/string/memcpy.c           0x00000000   Number         0  memcpya.o ABSOLUTE
    ../../microlib/string/memcpy.c           0x00000000   Number         0  memmoveb.o ABSOLUTE
    ../../microlib/string/memset.c           0x00000000   Number         0  memseta.o ABSOLUTE
    ../../microlib/string/strlen.c           0x00000000   Number         0  strlen.o ABSOLUTE
    ../../microlib/stubs.s                   0x00000000   Number         0  iusefp.o ABSOLUTE
    cdrcmple.s                               0x00000000   Number         0  cdrcmple.o ABSOLUTE
    cortexm3_macro.s                         0x00000000   Number         0  cortexm3_macro.o ABSOLUTE
    dc.s                                     0x00000000   Number         0  dc.o ABSOLUTE
    handlers.s                               0x00000000   Number         0  handlers.o ABSOLUTE
    init.s                                   0x00000000   Number         0  init.o ABSOLUTE
    main.c                                   0x00000000   Number         0  main.o ABSOLUTE
    matrixssl-3-3-open\core\noOs\noOs.c      0x00000000   Number         0  noos.o ABSOLUTE
    matrixssl-3-3-open\crypto\digest\hmac.c  0x00000000   Number         0  hmac.o ABSOLUTE
    matrixssl-3-3-open\crypto\digest\md5.c   0x00000000   Number         0  md5.o ABSOLUTE
    matrixssl-3-3-open\crypto\digest\sha1.c  0x00000000   Number         0  sha1.o ABSOLUTE
    matrixssl-3-3-open\crypto\keyformat\asn1.c 0x00000000   Number         0  asn1.o ABSOLUTE
    matrixssl-3-3-open\crypto\keyformat\x509.c 0x00000000   Number         0  x509.o ABSOLUTE
    matrixssl-3-3-open\crypto\math\pstm.c    0x00000000   Number         0  pstm.o ABSOLUTE
    matrixssl-3-3-open\crypto\prng\prng.c    0x00000000   Number         0  prng.o ABSOLUTE
    matrixssl-3-3-open\crypto\prng\yarrow.c  0x00000000   Number         0  yarrow.o ABSOLUTE
    matrixssl-3-3-open\crypto\pubkey\pkcs.c  0x00000000   Number         0  pkcs.o ABSOLUTE
    matrixssl-3-3-open\crypto\pubkey\pubkey.c 0x00000000   Number         0  pubkey.o ABSOLUTE
    matrixssl-3-3-open\crypto\pubkey\rsa.c   0x00000000   Number         0  rsa.o ABSOLUTE
    matrixssl-3-3-open\crypto\symmetric\aes.c 0x00000000   Number         0  aes.o ABSOLUTE
    matrixssl-3-3-open\crypto\symmetric\arc4.c 0x00000000   Number         0  arc4.o ABSOLUTE
    matrixssl-3-3-open\crypto\symmetric\des3.c 0x00000000   Number         0  des3.o ABSOLUTE
    matrixssl-3-3-open\matrixssl\cipherSuite.c 0x00000000   Number         0  ciphersuite.o ABSOLUTE
    matrixssl-3-3-open\matrixssl\matrixssl.c 0x00000000   Number         0  matrixssl.o ABSOLUTE
    matrixssl-3-3-open\matrixssl\matrixsslApi.c 0x00000000   Number         0  matrixsslapi.o ABSOLUTE
    matrixssl-3-3-open\matrixssl\sslDecode.c 0x00000000   Number         0  ssldecode.o ABSOLUTE
    matrixssl-3-3-open\matrixssl\sslEncode.c 0x00000000   Number         0  sslencode.o ABSOLUTE
    matrixssl-3-3-open\matrixssl\sslv3.c     0x00000000   Number         0  sslv3.o ABSOLUTE
    matrixssl-3-3-open\matrixssl\tls.c       0x00000000   Number         0  tls.o ABSOLUTE
    start.c                                  0x00000000   Number         0  start.o ABSOLUTE
    startup_stm32f10x_xl.s                   0x00000000   Number         0  startup_stm32f10x_xl.o ABSOLUTE
    stm32f10x_flash.c                        0x00000000   Number         0  stm32f10x_flash.o ABSOLUTE
    stm32f10x_gpio.c                         0x00000000   Number         0  stm32f10x_gpio.o ABSOLUTE
    stm32f10x_it.c                           0x00000000   Number         0  stm32f10x_it.o ABSOLUTE
    stm32f10x_nvic.c                         0x00000000   Number         0  stm32f10x_nvic.o ABSOLUTE
    stm32f10x_rcc.c                          0x00000000   Number         0  stm32f10x_rcc.o ABSOLUTE
    stm32f10x_usart.c                        0x00000000   Number         0  stm32f10x_usart.o ABSOLUTE
    RESET                                    0x08000000   Section      304  startup_stm32f10x_xl.o(RESET)
    .ARM.Collect$$$$00000000                 0x08000130   Section        0  entry.o(.ARM.Collect$$$$00000000)
    .ARM.Collect$$$$00000001                 0x08000130   Section        4  entry2.o(.ARM.Collect$$$$00000001)
    .ARM.Collect$$$$00000004                 0x08000134   Section        4  entry5.o(.ARM.Collect$$$$00000004)
    .ARM.Collect$$$$00000007                 0x08000138   Section        8  entry7.o(.ARM.Collect$$$$00000007)
    .ARM.Collect$$$$00002712                 0x08000140   Section        4  entry2.o(.ARM.Collect$$$$00002712)
    __lit__00000000                          0x08000140   Data           4  entry2.o(.ARM.Collect$$$$00002712)
    .text                                    0x08000144   Section        0  main.o(.text)
    freeSessionAndConnection                 0x08000147   Thumb Code    34  main.o(.text)
    exchangeAppData                          0x08000169   Thumb Code   206  main.o(.text)
    performHandshake                         0x08000237   Thumb Code   182  main.o(.text)
    initializeChangeCipherReHandshake        0x080002ed   Thumb Code    32  main.o(.text)
    initializeUpgradeKeysReHandshake         0x0800030d   Thumb Code    34  main.o(.text)
    clnCertCheckerUpdate                     0x0800032f   Thumb Code     6  main.o(.text)
    initializeUpgradeCertCbackReHandshake    0x08000335   Thumb Code    28  main.o(.text)
    initializeServerInitiatedResumedReHandshake 0x08000351   Thumb Code    28  main.o(.text)
    initializeResumedReHandshake             0x0800036d   Thumb Code    28  main.o(.text)
    initializeServerInitiatedReHandshake     0x08000389   Thumb Code    30  main.o(.text)
    clnCertChecker                           0x080003a7   Thumb Code     6  main.o(.text)
    initializeResumedHandshake               0x080003ad   Thumb Code    98  main.o(.text)
    initializeReHandshake                    0x0800040f   Thumb Code    30  main.o(.text)
    initializeClient                         0x0800042d   Thumb Code   130  main.o(.text)
    initializeServer                         0x080004af   Thumb Code   120  main.o(.text)
    initializeHandshake                      0x08000527   Thumb Code   254  main.o(.text)
    .text                                    0x08000ff4   Section        0  start.o(.text)
    .text                                    0x080011e0   Section        0  stm32f10x_it.o(.text)
    .text                                    0x08001274   Section       36  startup_stm32f10x_xl.o(.text)
    .text                                    0x08001298   Section        0  noos.o(.text)
    SeedRandom                               0x08001299   Thumb Code     6  noos.o(.text)
    GetRandom                                0x0800129f   Thumb Code    56  noos.o(.text)
    .text                                    0x080013e8   Section        0  matrixssl.o(.text)
    verifyReadKeys                           0x08001475   Thumb Code   144  matrixssl.o(.text)
    matrixSslLoadKeyMaterialMem              0x08001505   Thumb Code   238  matrixssl.o(.text)
    .text                                    0x08002174   Section        0  matrixsslapi.o(.text)
    revertToDefaultBufsize                   0x08002933   Thumb Code   120  matrixsslapi.o(.text)
    .text                                    0x08003550   Section        0  md5.o(.text)
    md5_compress                             0x08003551   Thumb Code   474  md5.o(.text)
    .text                                    0x080039e0   Section        0  sha1.o(.text)
    sha1_compress                            0x080039e1   Thumb Code   514  sha1.o(.text)
    .text                                    0x08003ea8   Section        0  x509.o(.text)
    parseGeneralNames                        0x08003f43   Thumb Code   348  x509.o(.text)
    lookupExt                                0x0800409f   Thumb Code    82  x509.o(.text)
    getExplicitExtensions                    0x080040f1   Thumb Code   802  x509.o(.text)
    getImplicitBitString                     0x08004413   Thumb Code   154  x509.o(.text)
    getValidity                              0x0800479d   Thumb Code   324  x509.o(.text)
    getSerialNum                             0x080048e1   Thumb Code   130  x509.o(.text)
    getExplicitVersion                       0x08004963   Thumb Code   106  x509.o(.text)
    x509ConfirmSignature                     0x08004e7f   Thumb Code   250  x509.o(.text)
    .text                                    0x08005148   Section        0  pstm.o(.text)
    pstm_mul_2d                              0x08005489   Thumb Code   188  pstm.o(.text)
    s_pstm_add                               0x080058a1   Thumb Code   320  pstm.o(.text)
    pstm_mod_2d                              0x08005b5d   Thumb Code   166  pstm.o(.text)
    pstm_exch                                0x0800633f   Thumb Code    28  pstm.o(.text)
    pstm_reverse                             0x08006e1f   Thumb Code    28  pstm.o(.text)
    .text                                    0x08006ef0   Section        0  prng.o(.text)
    readRandomData                           0x08006f41   Thumb Code   122  prng.o(.text)
    .text                                    0x08006fec   Section        0  pkcs.o(.text)
    .text                                    0x0800771c   Section        0  pubkey.o(.text)
    .text                                    0x08007780   Section        0  ciphersuite.o(.text)
    csNullInit                               0x08007781   Thumb Code     6  ciphersuite.o(.text)
    csArc4Init                               0x08007787   Thumb Code    68  ciphersuite.o(.text)
    csDes3Init                               0x080077cb   Thumb Code   144  ciphersuite.o(.text)
    csAesInit                                0x0800785b   Thumb Code   124  ciphersuite.o(.text)
    csNullEncrypt                            0x080078d7   Thumb Code    32  ciphersuite.o(.text)
    csNullDecrypt                            0x080078f7   Thumb Code    32  ciphersuite.o(.text)
    csNullGenerateMac                        0x08007917   Thumb Code    10  ciphersuite.o(.text)
    csNullVerifyMac                          0x08007921   Thumb Code    10  ciphersuite.o(.text)
    csShaGenerateMac                         0x0800792b   Thumb Code    72  ciphersuite.o(.text)
    csShaVerifyMac                           0x08007973   Thumb Code   104  ciphersuite.o(.text)
    csMd5GenerateMac                         0x080079db   Thumb Code    72  ciphersuite.o(.text)
    csMd5VerifyMac                           0x08007a23   Thumb Code   100  ciphersuite.o(.text)
    haveCorrectKeyAlg                        0x08007c95   Thumb Code    28  ciphersuite.o(.text)
    haveKeyMaterial                          0x08007cb1   Thumb Code   136  ciphersuite.o(.text)
    .text                                    0x08007e88   Section        0  ssldecode.o(.text)
    parseSSLHandshake                        0x08007e89   Thumb Code  4566  ssldecode.o(.text)
    .text                                    0x080097a4   Section        0  sslencode.o(.text)
    encryptRecord                            0x080097c1   Thumb Code   604  sslencode.o(.text)
    writeRecordHeader                        0x08009a6d   Thumb Code   326  sslencode.o(.text)
    writeFinished                            0x08009e9f   Thumb Code   220  sslencode.o(.text)
    writeChangeCipherSpec                    0x08009f7b   Thumb Code   264  sslencode.o(.text)
    writeClientKeyExchange                   0x0800a083   Thumb Code   324  sslencode.o(.text)
    writeCertificate                         0x0800a1c7   Thumb Code   390  sslencode.o(.text)
    writeAlert                               0x0800a34d   Thumb Code   152  sslencode.o(.text)
    secureWriteAdditions                     0x0800a3e5   Thumb Code    72  sslencode.o(.text)
    writeServerHello                         0x0800a42d   Thumb Code   728  sslencode.o(.text)
    writeServerHelloDone                     0x0800a705   Thumb Code   130  sslencode.o(.text)
    .text                                    0x0800b0cc   Section        0  sslv3.o(.text)
    createKeyBlock                           0x0800b0cd   Thumb Code   412  sslv3.o(.text)
    .text                                    0x0800b57c   Section        0  tls.o(.text)
    pSha1                                    0x0800b57d   Thumb Code   214  tls.o(.text)
    pMd5                                     0x0800b653   Thumb Code   210  tls.o(.text)
    prf                                      0x0800b725   Thumb Code   132  tls.o(.text)
    .text                                    0x0800bc94   Section        0  hmac.o(.text)
    .text                                    0x0800bfec   Section        0  asn1.o(.text)
    .text                                    0x0800c414   Section        0  yarrow.o(.text)
    .text                                    0x0800c68a   Section        0  rsa.o(.text)
    .text                                    0x0800c9ec   Section        0  aes.o(.text)
    setup_mix                                0x0800c9ed   Thumb Code    58  aes.o(.text)
    setup_mix2                               0x0800ca27   Thumb Code   150  aes.o(.text)
    .text                                    0x0800d870   Section        0  arc4.o(.text)
    .text                                    0x0800d95c   Section        0  des3.o(.text)
    cookey                                   0x0800d95d   Thumb Code   150  des3.o(.text)
    deskey                                   0x0800d9f3   Thumb Code   276  des3.o(.text)
    desfunc                                  0x0800db07   Thumb Code   414  des3.o(.text)
    .text                                    0x0800dfe2   Section        0  uldiv.o(.text)
    .text                                    0x0800e046   Section        0  llshl.o(.text)
    .text                                    0x0800e064   Section        0  llushr.o(.text)
    .text                                    0x0800e084   Section        0  memmovea.o(.text)
    .text                                    0x0800e0c4   Section        0  memseta.o(.text)
    .text                                    0x0800e0ea   Section        0  strlen.o(.text)
    .text                                    0x0800e0fa   Section        0  memcmp.o(.text)
    .text                                    0x0800e114   Section       36  init.o(.text)
    .text                                    0x0800e138   Section        0  __dclz77c.o(.text)
    i.FLASH_PrefetchBufferCmd                0x0800e198   Section        0  stm32f10x_flash.o(i.FLASH_PrefetchBufferCmd)
    i.FLASH_SetLatency                       0x0800e1b0   Section        0  stm32f10x_flash.o(i.FLASH_SetLatency)
    i.GPIO_Init                              0x0800e1c8   Section        0  stm32f10x_gpio.o(i.GPIO_Init)
    i.NVIC_SetVectorTable                    0x0800e264   Section        0  stm32f10x_nvic.o(i.NVIC_SetVectorTable)
    i.RCC_APB1PeriphClockCmd                 0x0800e278   Section        0  stm32f10x_rcc.o(i.RCC_APB1PeriphClockCmd)
    i.RCC_APB2PeriphClockCmd                 0x0800e290   Section        0  stm32f10x_rcc.o(i.RCC_APB2PeriphClockCmd)
    i.RCC_DeInit                             0x0800e2a8   Section        0  stm32f10x_rcc.o(i.RCC_DeInit)
    i.RCC_GetClocksFreq                      0x0800e2e4   Section        0  stm32f10x_rcc.o(i.RCC_GetClocksFreq)
    i.RCC_GetFlagStatus                      0x0800e37c   Section        0  stm32f10x_rcc.o(i.RCC_GetFlagStatus)
    i.RCC_GetSYSCLKSource                    0x0800e3ac   Section        0  stm32f10x_rcc.o(i.RCC_GetSYSCLKSource)
    i.RCC_HCLKConfig                         0x0800e3bc   Section        0  stm32f10x_rcc.o(i.RCC_HCLKConfig)
    i.RCC_HSEConfig                          0x0800e3d0   Section        0  stm32f10x_rcc.o(i.RCC_HSEConfig)
    i.RCC_PCLK1Config                        0x0800e404   Section        0  stm32f10x_rcc.o(i.RCC_PCLK1Config)
    i.RCC_PCLK2Config                        0x0800e418   Section        0  stm32f10x_rcc.o(i.RCC_PCLK2Config)
    i.RCC_PLLCmd                             0x0800e42c   Section        0  stm32f10x_rcc.o(i.RCC_PLLCmd)
    i.RCC_PLLConfig                          0x0800e438   Section        0  stm32f10x_rcc.o(i.RCC_PLLConfig)
    i.RCC_SYSCLKConfig                       0x0800e44c   Section        0  stm32f10x_rcc.o(i.RCC_SYSCLKConfig)
    i.RCC_WaitForHSEStartUp                  0x0800e460   Section        0  stm32f10x_rcc.o(i.RCC_WaitForHSEStartUp)
    i.USART_Cmd                              0x0800e494   Section        0  stm32f10x_usart.o(i.USART_Cmd)
    i.USART_GetFlagStatus                    0x0800e4a8   Section        0  stm32f10x_usart.o(i.USART_GetFlagStatus)
    i.USART_Init                             0x0800e4b8   Section        0  stm32f10x_usart.o(i.USART_Init)
    i.USART_SendData                         0x0800e544   Section        0  stm32f10x_usart.o(i.USART_SendData)
    i.__0fprintf$8                           0x0800e54c   Section        0  printf8.o(i.__0fprintf$8)
    i.__0printf$8                            0x0800e568   Section        0  printf8.o(i.__0printf$8)
    i.__free$realloc                         0x0800e588   Section        0  mallocr.o(i.__free$realloc)
    i.__malloc$realloc                       0x0800e5e8   Section        0  mallocr.o(i.__malloc$realloc)
    i.__scatterload_copy                     0x0800e638   Section       14  handlers.o(i.__scatterload_copy)
    i.__scatterload_null                     0x0800e646   Section        2  handlers.o(i.__scatterload_null)
    i.__scatterload_zeroinit                 0x0800e648   Section       14  handlers.o(i.__scatterload_zeroinit)
    i._printf_core                           0x0800e658   Section        0  printf8.o(i._printf_core)
    _printf_core                             0x0800e659   Thumb Code  1080  printf8.o(i._printf_core)
    i._printf_post_padding                   0x0800ea90   Section        0  printf8.o(i._printf_post_padding)
    _printf_post_padding                     0x0800ea91   Thumb Code    38  printf8.o(i._printf_post_padding)
    i._printf_pre_padding                    0x0800eab6   Section        0  printf8.o(i._printf_pre_padding)
    _printf_pre_padding                      0x0800eab7   Thumb Code    46  printf8.o(i._printf_pre_padding)
    i.internal_alloc                         0x0800eae4   Section        0  mallocr.o(i.internal_alloc)
    internal_alloc                           0x0800eae5   Thumb Code    72  mallocr.o(i.internal_alloc)
    i.realloc                                0x0800eb30   Section        0  mallocr.o(i.realloc)
    .constdata                               0x0800eb9c   Section       20  stm32f10x_rcc.o(.constdata)
    ADCPrescTable                            0x0800eb9c   Data           4  stm32f10x_rcc.o(.constdata)
    APBAHBPrescTable                         0x0800eba0   Data          16  stm32f10x_rcc.o(.constdata)
    .constdata                               0x0800ebb0   Section       46  matrixssl.o(.constdata)
    copyright                                0x0800ebb0   Data          46  matrixssl.o(.constdata)
    .constdata                               0x0800ebe0   Section      400  md5.o(.constdata)
    Worder                                   0x0800ebe0   Data          64  md5.o(.constdata)
    Rorder                                   0x0800ec20   Data          64  md5.o(.constdata)
    Korder                                   0x0800ec60   Data         272  md5.o(.constdata)
    .constdata                               0x0800ed70   Section      160  x509.o(.constdata)
    extTable                                 0x0800ed70   Data         160  x509.o(.constdata)
    .constdata                               0x0800ee10   Section      106  sslv3.o(.constdata)
    SENDER_CLIENT                            0x0800ee10   Data           5  sslv3.o(.constdata)
    SENDER_SERVER                            0x0800ee15   Data           5  sslv3.o(.constdata)
    pad1                                     0x0800ee1a   Data          48  sslv3.o(.constdata)
    pad2                                     0x0800ee4a   Data          48  sslv3.o(.constdata)
    .constdata                               0x0800ee7c   Section     4152  aes.o(.constdata)
    TE0                                      0x0800ee7c   Data        1024  aes.o(.constdata)
    Te4                                      0x0800f27c   Data        1024  aes.o(.constdata)
    TD0                                      0x0800f67c   Data        1024  aes.o(.constdata)
    Td4                                      0x0800fa7c   Data        1040  aes.o(.constdata)
    rcon                                     0x0800fe8c   Data          40  aes.o(.constdata)
    .constdata                               0x0800feb4   Section     2312  des3.o(.constdata)
    bytebit                                  0x0800feb4   Data          32  des3.o(.constdata)
    bigbyte                                  0x0800fed4   Data          96  des3.o(.constdata)
    pc1                                      0x0800ff34   Data          56  des3.o(.constdata)
    pc2                                      0x0800ff6c   Data          48  des3.o(.constdata)
    totrot                                   0x0800ff9c   Data          16  des3.o(.constdata)
    SP1                                      0x0800ffac   Data         256  des3.o(.constdata)
    SP2                                      0x080100ac   Data         256  des3.o(.constdata)
    SP3                                      0x080101ac   Data         256  des3.o(.constdata)
    SP4                                      0x080102ac   Data         256  des3.o(.constdata)
    SP5                                      0x080103ac   Data         256  des3.o(.constdata)
    SP6                                      0x080104ac   Data         256  des3.o(.constdata)
    SP7                                      0x080105ac   Data         256  des3.o(.constdata)
    SP8                                      0x080106ac   Data         272  des3.o(.constdata)
    .conststring                             0x080107bc   Section       65  sslv3.o(.conststring)
    .data                                    0x20000000   Section     2376  main.o(.data)
    ciphers                                  0x20000798   Data         432  main.o(.data)
    .data                                    0x20000948   Section        1  start.o(.data)
    .data                                    0x2000094c   Section        8  stm32f10x_rcc.o(.data)
    HSEStatus                                0x2000094c   Data           1  stm32f10x_rcc.o(.data)
    StartUpCounter                           0x20000950   Data           4  stm32f10x_rcc.o(.data)
    .data                                    0x20000954   Section       12  noos.o(.data)
    g_ulSeconds                              0x20000954   Data           4  noos.o(.data)
    g_ulClockRate                            0x20000958   Data           4  noos.o(.data)
    g_ulRandRegister                         0x2000095c   Data           4  noos.o(.data)
    .data                                    0x20000960   Section      192  ciphersuite.o(.data)
    supportedCiphers                         0x20000960   Data         192  ciphersuite.o(.data)
    .data                                    0x20000a20   Section       40  sslv3.o(.data)
    salt                                     0x20000a20   Data          40  sslv3.o(.data)
    .data                                    0x20000a48   Section        4  stderr.o(.data)
    .data                                    0x20000a4c   Section        4  stdout.o(.data)
    .data                                    0x20000a50   Section        4  mvars.o(.data)
    .data                                    0x20000a54   Section        4  mvars.o(.data)
    .bss                                     0x20000a58   Section       84  main.o(.bss)
    clientSessionId                          0x20000a58   Data          84  main.o(.bss)
    .bss                                     0x20000aac   Section     1456  matrixssl.o(.bss)
    sessionTable                             0x20000aac   Data         864  matrixssl.o(.bss)
    gMatrixsslPrng                           0x20000e0c   Data         592  matrixssl.o(.bss)
    HEAP                                     0x20001060   Section    32768  startup_stm32f10x_xl.o(HEAP)
    STACK                                    0x20009060   Section     1024  startup_stm32f10x_xl.o(STACK)

    Global Symbols

    Symbol Name                              Value     Ov Type        Size  Object(Section)

    BuildAttributes$$THM_ISAv4$P$D$K$B$S$PE$A:L22UL41UL21$X:L11$S22US41US21$IEEE1$IW$USESV6$~STKCKD$USESV7$~SHL$OSPACE$ROPI$EBA8$MICROLIB$REQ8$PRES8$EABIv2 0x00000000   Number         0  anon$$obj.o ABSOLUTE
    __ARM_use_no_argv                        0x00000000   Number         0  start.o ABSOLUTE
    _printf_a                                0x00000000   Number         0  stubs.o ABSOLUTE
    _printf_c                                0x00000000   Number         0  stubs.o ABSOLUTE
    _printf_charcount                        0x00000000   Number         0  stubs.o ABSOLUTE
    _printf_d                                0x00000000   Number         0  stubs.o ABSOLUTE
    _printf_e                                0x00000000   Number         0  stubs.o ABSOLUTE
    _printf_f                                0x00000000   Number         0  stubs.o ABSOLUTE
    _printf_flags                            0x00000000   Number         0  stubs.o ABSOLUTE
    _printf_fp_dec                           0x00000000   Number         0  stubs.o ABSOLUTE
    _printf_fp_hex                           0x00000000   Number         0  stubs.o ABSOLUTE
    _printf_g                                0x00000000   Number         0  stubs.o ABSOLUTE
    _printf_i                                0x00000000   Number         0  stubs.o ABSOLUTE
    _printf_int_dec                          0x00000000   Number         0  stubs.o ABSOLUTE
    _printf_l                                0x00000000   Number         0  stubs.o ABSOLUTE
    _printf_lc                               0x00000000   Number         0  stubs.o ABSOLUTE
    _printf_ll                               0x00000000   Number         0  stubs.o ABSOLUTE
    _printf_lld                              0x00000000   Number         0  stubs.o ABSOLUTE
    _printf_lli                              0x00000000   Number         0  stubs.o ABSOLUTE
    _printf_llo                              0x00000000   Number         0  stubs.o ABSOLUTE
    _printf_llu                              0x00000000   Number         0  stubs.o ABSOLUTE
    _printf_llx                              0x00000000   Number         0  stubs.o ABSOLUTE
    _printf_longlong_dec                     0x00000000   Number         0  stubs.o ABSOLUTE
    _printf_longlong_hex                     0x00000000   Number         0  stubs.o ABSOLUTE
    _printf_longlong_oct                     0x00000000   Number         0  stubs.o ABSOLUTE
    _printf_ls                               0x00000000   Number         0  stubs.o ABSOLUTE
    _printf_mbtowc                           0x00000000   Number         0  stubs.o ABSOLUTE
    _printf_n                                0x00000000   Number         0  stubs.o ABSOLUTE
    _printf_o                                0x00000000   Number         0  stubs.o ABSOLUTE
    _printf_p                                0x00000000   Number         0  stubs.o ABSOLUTE
    _printf_percent                          0x00000000   Number         0  stubs.o ABSOLUTE
    _printf_pre_padding                      0x00000000   Number         0  stubs.o ABSOLUTE
    _printf_return_value                     0x00000000   Number         0  stubs.o ABSOLUTE
    _printf_s                                0x00000000   Number         0  stubs.o ABSOLUTE
    _printf_sizespec                         0x00000000   Number         0  stubs.o ABSOLUTE
    _printf_str                              0x00000000   Number         0  stubs.o ABSOLUTE
    _printf_truncate_signed                  0x00000000   Number         0  stubs.o ABSOLUTE
    _printf_truncate_unsigned                0x00000000   Number         0  stubs.o ABSOLUTE
    _printf_u                                0x00000000   Number         0  stubs.o ABSOLUTE
    _printf_wc                               0x00000000   Number         0  stubs.o ABSOLUTE
    _printf_wctomb                           0x00000000   Number         0  stubs.o ABSOLUTE
    _printf_widthprec                        0x00000000   Number         0  stubs.o ABSOLUTE
    _printf_x                                0x00000000   Number         0  stubs.o ABSOLUTE
    __Vectors_Size                           0x00000130   Number         0  startup_stm32f10x_xl.o ABSOLUTE
    __Vectors                                0x08000000   Data           4  startup_stm32f10x_xl.o(RESET)
    __Vectors_End                            0x08000130   Data           0  startup_stm32f10x_xl.o(RESET)
    __main                                   0x08000131   Thumb Code     0  entry.o(.ARM.Collect$$$$00000000)
    _main_stk                                0x08000131   Thumb Code     0  entry2.o(.ARM.Collect$$$$00000001)
    _main_scatterload                        0x08000135   Thumb Code     0  entry5.o(.ARM.Collect$$$$00000004)
    __main_after_scatterload                 0x08000139   Thumb Code     0  entry5.o(.ARM.Collect$$$$00000004)
    _main_init                               0x08000139   Thumb Code     0  entry7.o(.ARM.Collect$$$$00000007)
    SystemInit                               0x08000145   Thumb Code     2  main.o(.text)
    mainSSLTest                              0x08000625   Thumb Code  2184  main.o(.text)
    USART_Configuration                      0x08000ff5   Thumb Code    54  start.o(.text)
    GPIO_Configuration                       0x0800102b   Thumb Code    60  start.o(.text)
    NVIC_Configuration                       0x08001067   Thumb Code    14  start.o(.text)
    RCC_Configuration                        0x08001075   Thumb Code   126  start.o(.text)
    main                                     0x080010f3   Thumb Code    70  start.o(.text)
    fputc                                    0x08001139   Thumb Code    58  start.o(.text)
    NMIException                             0x080011e1   Thumb Code     2  stm32f10x_it.o(.text)
    NMI_Handler                              0x080011e1   Thumb Code     0  stm32f10x_it.o(.text)
    HardFaultException                       0x080011e3   Thumb Code     4  stm32f10x_it.o(.text)
    HardFault_Handler                        0x080011e3   Thumb Code     0  stm32f10x_it.o(.text)
    MemManageException                       0x080011e7   Thumb Code     4  stm32f10x_it.o(.text)
    MemManage_Handler                        0x080011e7   Thumb Code     0  stm32f10x_it.o(.text)
    BusFaultException                        0x080011eb   Thumb Code     4  stm32f10x_it.o(.text)
    BusFault_Handler                         0x080011eb   Thumb Code     0  stm32f10x_it.o(.text)
    UsageFaultException                      0x080011ef   Thumb Code     4  stm32f10x_it.o(.text)
    UsageFault_Handler                       0x080011ef   Thumb Code     0  stm32f10x_it.o(.text)
    DebugMon_Handler                         0x080011f3   Thumb Code     0  stm32f10x_it.o(.text)
    DebugMonitor                             0x080011f3   Thumb Code     2  stm32f10x_it.o(.text)
    SVCHandler                               0x080011f5   Thumb Code     2  stm32f10x_it.o(.text)
    SVC_Handler                              0x080011f5   Thumb Code     0  stm32f10x_it.o(.text)
    PendSVC                                  0x080011f7   Thumb Code     2  stm32f10x_it.o(.text)
    PendSV_Handler                           0x080011f7   Thumb Code     0  stm32f10x_it.o(.text)
    SysTickHandler                           0x080011f9   Thumb Code     2  stm32f10x_it.o(.text)
    SysTick_Handler                          0x080011f9   Thumb Code     0  stm32f10x_it.o(.text)
    WWDG_IRQHandler                          0x080011fb   Thumb Code     2  stm32f10x_it.o(.text)
    PVD_IRQHandler                           0x080011fd   Thumb Code     2  stm32f10x_it.o(.text)
    TAMPER_IRQHandler                        0x080011ff   Thumb Code     2  stm32f10x_it.o(.text)
    RTC_IRQHandler                           0x08001201   Thumb Code     2  stm32f10x_it.o(.text)
    FLASH_IRQHandler                         0x08001203   Thumb Code     2  stm32f10x_it.o(.text)
    RCC_IRQHandler                           0x08001205   Thumb Code     2  stm32f10x_it.o(.text)
    EXTI0_IRQHandler                         0x08001207   Thumb Code     2  stm32f10x_it.o(.text)
    EXTI1_IRQHandler                         0x08001209   Thumb Code     2  stm32f10x_it.o(.text)
    EXTI2_IRQHandler                         0x0800120b   Thumb Code     2  stm32f10x_it.o(.text)
    EXTI3_IRQHandler                         0x0800120d   Thumb Code     2  stm32f10x_it.o(.text)
    EXTI4_IRQHandler                         0x0800120f   Thumb Code     2  stm32f10x_it.o(.text)
    DMA1_Channel1_IRQHandler                 0x08001211   Thumb Code     2  stm32f10x_it.o(.text)
    DMA1_Channel2_IRQHandler                 0x08001213   Thumb Code     2  stm32f10x_it.o(.text)
    DMA1_Channel3_IRQHandler                 0x08001215   Thumb Code     2  stm32f10x_it.o(.text)
    DMA1_Channel4_IRQHandler                 0x08001217   Thumb Code     2  stm32f10x_it.o(.text)
    DMA1_Channel5_IRQHandler                 0x08001219   Thumb Code     2  stm32f10x_it.o(.text)
    DMA1_Channel6_IRQHandler                 0x0800121b   Thumb Code     2  stm32f10x_it.o(.text)
    DMA1_Channel7_IRQHandler                 0x0800121d   Thumb Code     2  stm32f10x_it.o(.text)
    ADC1_2_IRQHandler                        0x0800121f   Thumb Code     2  stm32f10x_it.o(.text)
    USB_HP_CAN_TX_IRQHandler                 0x08001221   Thumb Code     2  stm32f10x_it.o(.text)
    USB_LP_CAN_RX0_IRQHandler                0x08001223   Thumb Code     2  stm32f10x_it.o(.text)
    CAN_RX1_IRQHandler                       0x08001225   Thumb Code     2  stm32f10x_it.o(.text)
    CAN_SCE_IRQHandler                       0x08001227   Thumb Code     2  stm32f10x_it.o(.text)
    EXTI9_5_IRQHandler                       0x08001229   Thumb Code     2  stm32f10x_it.o(.text)
    TIM1_BRK_IRQHandler                      0x0800122b   Thumb Code     2  stm32f10x_it.o(.text)
    TIM1_UP_IRQHandler                       0x0800122d   Thumb Code     2  stm32f10x_it.o(.text)
    TIM1_TRG_COM_IRQHandler                  0x0800122f   Thumb Code     2  stm32f10x_it.o(.text)
    TIM1_CC_IRQHandler                       0x08001231   Thumb Code     2  stm32f10x_it.o(.text)
    TIM2_IRQHandler                          0x08001233   Thumb Code     2  stm32f10x_it.o(.text)
    TIM3_IRQHandler                          0x08001235   Thumb Code     2  stm32f10x_it.o(.text)
    TIM4_IRQHandler                          0x08001237   Thumb Code     2  stm32f10x_it.o(.text)
    I2C1_EV_IRQHandler                       0x08001239   Thumb Code     2  stm32f10x_it.o(.text)
    I2C1_ER_IRQHandler                       0x0800123b   Thumb Code     2  stm32f10x_it.o(.text)
    I2C2_EV_IRQHandler                       0x0800123d   Thumb Code     2  stm32f10x_it.o(.text)
    I2C2_ER_IRQHandler                       0x0800123f   Thumb Code     2  stm32f10x_it.o(.text)
    SPI1_IRQHandler                          0x08001241   Thumb Code     2  stm32f10x_it.o(.text)
    SPI2_IRQHandler                          0x08001243   Thumb Code     2  stm32f10x_it.o(.text)
    USART1_IRQHandler                        0x08001245   Thumb Code     2  stm32f10x_it.o(.text)
    USART2_IRQHandler                        0x08001247   Thumb Code     2  stm32f10x_it.o(.text)
    USART3_IRQHandler                        0x08001249   Thumb Code     2  stm32f10x_it.o(.text)
    EXTI15_10_IRQHandler                     0x0800124b   Thumb Code     2  stm32f10x_it.o(.text)
    RTCAlarm_IRQHandler                      0x0800124d   Thumb Code     2  stm32f10x_it.o(.text)
    USBWakeUp_IRQHandler                     0x0800124f   Thumb Code     2  stm32f10x_it.o(.text)
    TIM8_BRK_IRQHandler                      0x08001251   Thumb Code     2  stm32f10x_it.o(.text)
    TIM8_UP_IRQHandler                       0x08001253   Thumb Code     2  stm32f10x_it.o(.text)
    TIM8_TRG_COM_IRQHandler                  0x08001255   Thumb Code     2  stm32f10x_it.o(.text)
    TIM8_CC_IRQHandler                       0x08001257   Thumb Code     2  stm32f10x_it.o(.text)
    ADC3_IRQHandler                          0x08001259   Thumb Code     2  stm32f10x_it.o(.text)
    FSMC_IRQHandler                          0x0800125b   Thumb Code     2  stm32f10x_it.o(.text)
    SDIO_IRQHandler                          0x0800125d   Thumb Code     2  stm32f10x_it.o(.text)
    TIM5_IRQHandler                          0x0800125f   Thumb Code     2  stm32f10x_it.o(.text)
    SPI3_IRQHandler                          0x08001261   Thumb Code     2  stm32f10x_it.o(.text)
    UART4_IRQHandler                         0x08001263   Thumb Code     2  stm32f10x_it.o(.text)
    UART5_IRQHandler                         0x08001265   Thumb Code     2  stm32f10x_it.o(.text)
    TIM6_IRQHandler                          0x08001267   Thumb Code     2  stm32f10x_it.o(.text)
    TIM7_IRQHandler                          0x08001269   Thumb Code     2  stm32f10x_it.o(.text)
    DMA2_Channel1_IRQHandler                 0x0800126b   Thumb Code     2  stm32f10x_it.o(.text)
    DMA2_Channel2_IRQHandler                 0x0800126d   Thumb Code     2  stm32f10x_it.o(.text)
    DMA2_Channel3_IRQHandler                 0x0800126f   Thumb Code     2  stm32f10x_it.o(.text)
    DMA2_Channel4_5_IRQHandler               0x08001271   Thumb Code     2  stm32f10x_it.o(.text)
    Reset_Handler                            0x08001275   Thumb Code     8  startup_stm32f10x_xl.o(.text)
    CAN1_RX1_IRQHandler                      0x0800128f   Thumb Code     0  startup_stm32f10x_xl.o(.text)
    CAN1_SCE_IRQHandler                      0x0800128f   Thumb Code     0  startup_stm32f10x_xl.o(.text)
    TIM1_BRK_TIM9_IRQHandler                 0x0800128f   Thumb Code     0  startup_stm32f10x_xl.o(.text)
    TIM1_TRG_COM_TIM11_IRQHandler            0x0800128f   Thumb Code     0  startup_stm32f10x_xl.o(.text)
    TIM1_UP_TIM10_IRQHandler                 0x0800128f   Thumb Code     0  startup_stm32f10x_xl.o(.text)
    TIM8_BRK_TIM12_IRQHandler                0x0800128f   Thumb Code     0  startup_stm32f10x_xl.o(.text)
    TIM8_TRG_COM_TIM14_IRQHandler            0x0800128f   Thumb Code     0  startup_stm32f10x_xl.o(.text)
    TIM8_UP_TIM13_IRQHandler                 0x0800128f   Thumb Code     0  startup_stm32f10x_xl.o(.text)
    USB_HP_CAN1_TX_IRQHandler                0x0800128f   Thumb Code     0  startup_stm32f10x_xl.o(.text)
    USB_LP_CAN1_RX0_IRQHandler               0x0800128f   Thumb Code     0  startup_stm32f10x_xl.o(.text)
    SslTimerIntHandler                       0x080012d7   Thumb Code     2  noos.o(.text)
    abort                                    0x080012d9   Thumb Code     4  noos.o(.text)
    NoOSTime                                 0x080012dd   Thumb Code    18  noos.o(.text)
    sslSetHardwareTimer                      0x080012ef   Thumb Code     2  noos.o(.text)
    sslOpenOsdep                             0x080012f1   Thumb Code    14  noos.o(.text)
    sslCloseOsdep                            0x080012ff   Thumb Code     4  noos.o(.text)
    sslGetEntropy                            0x08001303   Thumb Code    32  noos.o(.text)
    _psTrace                                 0x08001323   Thumb Code    12  noos.o(.text)
    _psTraceStr                              0x0800132f   Thumb Code    26  noos.o(.text)
    psBreak                                  0x08001349   Thumb Code     2  noos.o(.text)
    psGetTime                                0x0800134b   Thumb Code    14  noos.o(.text)
    psDiffMsecs                              0x08001359   Thumb Code    82  noos.o(.text)
    psCompareTime                            0x080013ab   Thumb Code    36  noos.o(.text)
    psCoreOpen                               0x080013cf   Thumb Code     2  noos.o(.text)
    psCoreClose                              0x080013d1   Thumb Code     2  noos.o(.text)
    matrixSslOpen                            0x080013e9   Thumb Code    50  matrixssl.o(.text)
    matrixSslGetPrngData                     0x0800141b   Thumb Code    22  matrixssl.o(.text)
    matrixSslClose                           0x08001431   Thumb Code    28  matrixssl.o(.text)
    matrixSslNewKeys                         0x0800144d   Thumb Code    40  matrixssl.o(.text)
    matrixSslLoadRsaKeysMem                  0x080015f3   Thumb Code    46  matrixssl.o(.text)
    matrixSslDeleteKeys                      0x08001621   Thumb Code    48  matrixssl.o(.text)
    sslActivateWriteCipher                   0x08001651   Thumb Code   206  matrixssl.o(.text)
    sslActivateReadCipher                    0x0800171f   Thumb Code   220  matrixssl.o(.text)
    matrixSslNewSession                      0x080017fb   Thumb Code   406  matrixssl.o(.text)
    matrixUpdateSession                      0x08001991   Thumb Code   228  matrixssl.o(.text)
    matrixSslDeleteSession                   0x08001a75   Thumb Code   130  matrixssl.o(.text)
    matrixClearSession                       0x08001af7   Thumb Code   154  matrixssl.o(.text)
    matrixSslSetSessionOption                0x08001b91   Thumb Code    50  matrixssl.o(.text)
    matrixSslGetAnonStatus                   0x08001bc3   Thumb Code     8  matrixssl.o(.text)
    matrixSslHandshakeIsComplete             0x08001bcb   Thumb Code    20  matrixssl.o(.text)
    matrixSslSetCertValidator                0x08001bdf   Thumb Code    10  matrixssl.o(.text)
    sslInitHSHash                            0x08001be9   Thumb Code    24  matrixssl.o(.text)
    sslUpdateHSHash                          0x08001c01   Thumb Code    36  matrixssl.o(.text)
    sslSnapshotHSHash                        0x08001c25   Thumb Code    94  matrixssl.o(.text)
    sslCreateKeys                            0x08001c83   Thumb Code    32  matrixssl.o(.text)
    matrixRegisterSession                    0x08001ca3   Thumb Code   466  matrixssl.o(.text)
    matrixResumeSession                      0x08001e75   Thumb Code   356  matrixssl.o(.text)
    matrixSslGetSessionId                    0x08001fd9   Thumb Code   106  matrixssl.o(.text)
    sslResetContext                          0x08002043   Thumb Code    38  matrixssl.o(.text)
    matrixValidateCerts                      0x08002069   Thumb Code   218  matrixssl.o(.text)
    matrixUserCertValidator                  0x08002143   Thumb Code    40  matrixssl.o(.text)
    matrixSslNewClientSession                0x08002175   Thumb Code   274  matrixsslapi.o(.text)
    matrixSslNewServerSession                0x08002287   Thumb Code    98  matrixsslapi.o(.text)
    matrixSslGetReadbuf                      0x080022e9   Thumb Code    90  matrixsslapi.o(.text)
    matrixSslGetOutdata                      0x08002343   Thumb Code    74  matrixsslapi.o(.text)
    matrixSslGetWritebuf                     0x0800238d   Thumb Code   574  matrixsslapi.o(.text)
    matrixSslEncodeWritebuf                  0x080025cb   Thumb Code   582  matrixsslapi.o(.text)
    matrixSslEncodeToOutdata                 0x08002811   Thumb Code   290  matrixsslapi.o(.text)
    matrixSslReceivedData                    0x080029ab   Thumb Code  1780  matrixsslapi.o(.text)
    matrixSslProcessedData                   0x0800309f   Thumb Code   168  matrixsslapi.o(.text)
    matrixSslEncodeClosureAlert              0x08003147   Thumb Code   242  matrixsslapi.o(.text)
    matrixSslEncodeRehandshake               0x08003239   Thumb Code   544  matrixsslapi.o(.text)
    matrixSslAddRehandshakeCredits           0x08003459   Thumb Code    30  matrixsslapi.o(.text)
    matrixSslSentData                        0x08003477   Thumb Code   214  matrixsslapi.o(.text)
    psMd5Init                                0x0800372b   Thumb Code    56  md5.o(.text)
    psMd5Update                              0x08003763   Thumb Code   146  md5.o(.text)
    psMd5Final                               0x080037f5   Thumb Code   492  md5.o(.text)
    psSha1Init                               0x08003be3   Thumb Code    60  sha1.o(.text)
    psSha1Update                             0x08003c1f   Thumb Code   142  sha1.o(.text)
    psSha1Final                              0x08003cad   Thumb Code   506  sha1.o(.text)
    psX509GetSignature                       0x08003ea9   Thumb Code   154  x509.o(.text)
    psX509GetDNAttributes                    0x080044ad   Thumb Code   752  x509.o(.text)
    psX509ParseCert                          0x080049cd   Thumb Code   906  x509.o(.text)
    psX509FreeDNStruct                       0x08004d57   Thumb Code    76  x509.o(.text)
    psX509FreeCert                           0x08004da3   Thumb Code   220  x509.o(.text)
    psX509AuthenticateCert                   0x08004f79   Thumb Code   432  x509.o(.text)
    pstm_init_size                           0x08005149   Thumb Code    66  pstm.o(.text)
    pstm_init                                0x0800518b   Thumb Code    60  pstm.o(.text)
    pstm_grow                                0x080051c7   Thumb Code    70  pstm.o(.text)
    pstm_copy                                0x0800520d   Thumb Code    98  pstm.o(.text)
    pstm_clamp                               0x0800526f   Thumb Code    44  pstm.o(.text)
    pstm_clear                               0x0800529b   Thumb Code    48  pstm.o(.text)
    pstm_clear_multi                         0x080052cb   Thumb Code    80  pstm.o(.text)
    pstm_zero                                0x0800531b   Thumb Code    28  pstm.o(.text)
    pstm_cmp_mag                             0x08005337   Thumb Code   112  pstm.o(.text)
    pstm_cmp                                 0x080053a7   Thumb Code    58  pstm.o(.text)
    pstm_init_for_read_unsigned_bin          0x080053e1   Thumb Code    34  pstm.o(.text)
    pstm_lshd                                0x08005403   Thumb Code   134  pstm.o(.text)
    pstm_read_unsigned_bin                   0x08005545   Thumb Code   116  pstm.o(.text)
    pstm_count_bits                          0x080055b9   Thumb Code    48  pstm.o(.text)
    pstm_unsigned_bin_size                   0x080055e9   Thumb Code    38  pstm.o(.text)
    pstm_set                                 0x0800560f   Thumb Code    32  pstm.o(.text)
    pstm_rshd                                0x0800562f   Thumb Code    94  pstm.o(.text)
    pstm_2expt                               0x0800568d   Thumb Code   106  pstm.o(.text)
    pstm_mul_2                               0x080056f7   Thumb Code   186  pstm.o(.text)
    s_pstm_sub                               0x080057b1   Thumb Code   240  pstm.o(.text)
    pstm_sub                                 0x080059e1   Thumb Code   108  pstm.o(.text)
    pstm_sub_d                               0x08005a4d   Thumb Code    62  pstm.o(.text)
    pstm_montgomery_setup                    0x08005a8b   Thumb Code    72  pstm.o(.text)
    pstm_montgomery_calc_normalization       0x08005ad3   Thumb Code   138  pstm.o(.text)
    pstm_mul_d                               0x08005c03   Thumb Code   200  pstm.o(.text)
    pstm_div_2d                              0x08005ccb   Thumb Code   254  pstm.o(.text)
    pstm_div_2                               0x08005dc9   Thumb Code   186  pstm.o(.text)
    pstm_init_copy                           0x08005e83   Thumb Code    82  pstm.o(.text)
    pstm_add                                 0x08005ed5   Thumb Code   106  pstm.o(.text)
    pstm_div                                 0x08005f3f   Thumb Code  1024  pstm.o(.text)
    pstm_mod                                 0x0800635b   Thumb Code   114  pstm.o(.text)
    pstm_mul_comba                           0x080063cd   Thumb Code   438  pstm.o(.text)
    pstm_mulmod                              0x08006583   Thumb Code   126  pstm.o(.text)
    pstm_montgomery_reduce                   0x08006601   Thumb Code   390  pstm.o(.text)
    pstm_sqr_comba                           0x08006787   Thumb Code   632  pstm.o(.text)
    pstm_exptmod                             0x080069ff   Thumb Code  1056  pstm.o(.text)
    pstm_to_unsigned_bin                     0x08006e3b   Thumb Code   120  pstm.o(.text)
    pstm_cmp_d                               0x08006eb3   Thumb Code    62  pstm.o(.text)
    psInitPrng                               0x08006ef1   Thumb Code    80  prng.o(.text)
    psGetPrng                                0x08006fbb   Thumb Code    48  prng.o(.text)
    pkcs1Pad                                 0x08006fed   Thumb Code   132  pkcs.o(.text)
    pkcs1Unpad                               0x08007071   Thumb Code   112  pkcs.o(.text)
    pkcs1ParsePrivBin                        0x080070e1   Thumb Code   310  pkcs.o(.text)
    pkcs5pbkdf2                              0x08007217   Thumb Code   262  pkcs.o(.text)
    pkcs8ParsePrivBin                        0x0800731d   Thumb Code   842  pkcs.o(.text)
    pkcs5pbkdf1                              0x08007667   Thumb Code   164  pkcs.o(.text)
    psNewPubKey                              0x0800771d   Thumb Code    60  pubkey.o(.text)
    psFreePubKey                             0x08007759   Thumb Code    38  pubkey.o(.text)
    csRsaEncryptPub                          0x08007a87   Thumb Code    64  ciphersuite.o(.text)
    csRsaDecryptPub                          0x08007ac7   Thumb Code    64  ciphersuite.o(.text)
    csRsaEncryptPriv                         0x08007b07   Thumb Code    14  ciphersuite.o(.text)
    csRsaDecryptPriv                         0x08007b15   Thumb Code    64  ciphersuite.o(.text)
    matrixSslSetCipherSuiteEnabledStatus     0x08007b55   Thumb Code   320  ciphersuite.o(.text)
    sslGetCipherSpec                         0x08007d39   Thumb Code   120  ciphersuite.o(.text)
    sslGetCipherSpecList                     0x08007db1   Thumb Code   160  ciphersuite.o(.text)
    sslGetCipherSpecListLen                  0x08007e51   Thumb Code    52  ciphersuite.o(.text)
    matrixSslDecode                          0x0800905f   Thumb Code  1796  ssldecode.o(.text)
    sslWritePad                              0x080097a5   Thumb Code    28  sslencode.o(.text)
    psWriteHandshakeHeader                   0x08009a1d   Thumb Code    36  sslencode.o(.text)
    psWriteRecordInfo                        0x08009a41   Thumb Code    44  sslencode.o(.text)
    matrixSslEncode                          0x08009bb3   Thumb Code   508  sslencode.o(.text)
    matrixSslGetEncodedSize                  0x08009daf   Thumb Code   240  sslencode.o(.text)
    sslEncodeResponse                        0x0800a787   Thumb Code  1094  sslencode.o(.text)
    sslEncodeClosureAlert                    0x0800abcd   Thumb Code    42  sslencode.o(.text)
    matrixSslEncodeHelloRequest              0x0800abf7   Thumb Code   206  sslencode.o(.text)
    matrixSslEncodeClientHello               0x0800acc5   Thumb Code  1032  sslencode.o(.text)
    sslDeriveKeys                            0x0800b269   Thumb Code   192  sslv3.o(.text)
    sslGenerateFinishedHash                  0x0800b329   Thumb Code   222  sslv3.o(.text)
    ssl3HMACSha1                             0x0800b407   Thumb Code   174  sslv3.o(.text)
    ssl3HMACMd5                              0x0800b4b5   Thumb Code   196  sslv3.o(.text)
    tlsDeriveKeys                            0x0800b7a9   Thumb Code   404  tls.o(.text)
    tlsHMACSha1                              0x0800b93d   Thumb Code   306  tls.o(.text)
    tlsHMACMd5                               0x0800ba6f   Thumb Code   162  tls.o(.text)
    tlsGenerateFinishedHash                  0x0800bb11   Thumb Code   112  tls.o(.text)
    matrixSslNewHelloExtension               0x0800bb81   Thumb Code    38  tls.o(.text)
    matrixSslDeleteHelloExtension            0x0800bba7   Thumb Code    58  tls.o(.text)
    matrixSslLoadHelloExtension              0x0800bbe1   Thumb Code   146  tls.o(.text)
    psHmacMd5Final                           0x0800bc95   Thumb Code   100  hmac.o(.text)
    psHmacMd5Update                          0x0800bcf9   Thumb Code    46  hmac.o(.text)
    psHmacMd5Init                            0x0800bd27   Thumb Code   118  hmac.o(.text)
    psHmacMd5                                0x0800bd9d   Thumb Code   104  hmac.o(.text)
    psHmacSha1Final                          0x0800be05   Thumb Code   100  hmac.o(.text)
    psHmacSha1Update                         0x0800be69   Thumb Code    46  hmac.o(.text)
    psHmacSha1Init                           0x0800be97   Thumb Code   118  hmac.o(.text)
    psHmacSha1                               0x0800bf0d   Thumb Code   104  hmac.o(.text)
    getAsnLength                             0x0800bfed   Thumb Code   126  asn1.o(.text)
    getAsnBig                                0x0800c06b   Thumb Code   118  asn1.o(.text)
    getAsnSequence                           0x0800c0e1   Thumb Code    66  asn1.o(.text)
    getAsnSet                                0x0800c123   Thumb Code    60  asn1.o(.text)
    getAsnInteger                            0x0800c15f   Thumb Code   174  asn1.o(.text)
    getAsnAlgorithmIdentifier                0x0800c20d   Thumb Code   252  asn1.o(.text)
    getAsnRsaPubKey                          0x0800c309   Thumb Code   174  asn1.o(.text)
    psYarrowStart                            0x0800c415   Thumb Code    28  yarrow.o(.text)
    psYarrowAddEntropy                       0x0800c431   Thumb Code    70  yarrow.o(.text)
    psYarrowReseed                           0x0800c477   Thumb Code   206  yarrow.o(.text)
    psYarrowRead                             0x0800c545   Thumb Code   194  yarrow.o(.text)
    psYarrowDone                             0x0800c607   Thumb Code     6  yarrow.o(.text)
    psYarrowExport                           0x0800c60d   Thumb Code    54  yarrow.o(.text)
    psYarrowImport                           0x0800c643   Thumb Code    72  yarrow.o(.text)
    psRsaFreeKey                             0x0800c68b   Thumb Code    74  rsa.o(.text)
    psRsaCrypt                               0x0800c6d5   Thumb Code   476  rsa.o(.text)
    psRsaEncryptPub                          0x0800c8b1   Thumb Code   104  rsa.o(.text)
    psRsaDecryptPriv                         0x0800c919   Thumb Code   106  rsa.o(.text)
    psRsaDecryptPub                          0x0800c983   Thumb Code   104  rsa.o(.text)
    psAesInitKey                             0x0800cabd   Thumb Code   726  aes.o(.text)
    psAesInit                                0x0800cd93   Thumb Code    96  aes.o(.text)
    psAesEncryptBlock                        0x0800cdf3   Thumb Code  1170  aes.o(.text)
    psAesEncrypt                             0x0800d285   Thumb Code   142  aes.o(.text)
    psAesDecryptBlock                        0x0800d313   Thumb Code  1180  aes.o(.text)
    psAesDecrypt                             0x0800d7af   Thumb Code   176  aes.o(.text)
    psArc4Init                               0x0800d871   Thumb Code   118  arc4.o(.text)
    psArc4                                   0x0800d8e7   Thumb Code   116  arc4.o(.text)
    psDes3InitKey                            0x0800dca5   Thumb Code   110  des3.o(.text)
    psDes3Init                               0x0800dd13   Thumb Code    96  des3.o(.text)
    psDes3EncryptBlock                       0x0800dd73   Thumb Code   178  des3.o(.text)
    psDes3Encrypt                            0x0800de25   Thumb Code   142  des3.o(.text)
    psDes3DecryptBlock                       0x0800deb3   Thumb Code   128  des3.o(.text)
    psDes3Decrypt                            0x0800df33   Thumb Code   176  des3.o(.text)
    __aeabi_uldivmod                         0x0800dfe3   Thumb Code   100  uldiv.o(.text)
    __aeabi_llsl                             0x0800e047   Thumb Code    30  llshl.o(.text)
    _ll_shift_l                              0x0800e047   Thumb Code     0  llshl.o(.text)
    __aeabi_llsr                             0x0800e065   Thumb Code    32  llushr.o(.text)
    _ll_ushift_r                             0x0800e065   Thumb Code     0  llushr.o(.text)
    ___aeabi_memcpy8$move                    0x0800e085   Thumb Code     0  memmovea.o(.text)
    __aeabi_memcpy                           0x0800e085   Thumb Code    64  memmovea.o(.text)
    __aeabi_memcpy4                          0x0800e085   Thumb Code     0  memmovea.o(.text)
    __aeabi_memmove                          0x0800e085   Thumb Code     0  memmovea.o(.text)
    __aeabi_memmove4                         0x0800e085   Thumb Code     0  memmovea.o(.text)
    __aeabi_memmove8                         0x0800e085   Thumb Code     0  memmovea.o(.text)
    __aeabi_memset                           0x0800e0c5   Thumb Code    14  memseta.o(.text)
    __aeabi_memset4                          0x0800e0c5   Thumb Code     0  memseta.o(.text)
    __aeabi_memset8                          0x0800e0c5   Thumb Code     0  memseta.o(.text)
    __aeabi_memclr                           0x0800e0d3   Thumb Code     4  memseta.o(.text)
    __aeabi_memclr4                          0x0800e0d3   Thumb Code     0  memseta.o(.text)
    __aeabi_memclr8                          0x0800e0d3   Thumb Code     0  memseta.o(.text)
    _memset$wrapper                          0x0800e0d7   Thumb Code    20  memseta.o(.text)
    strlen                                   0x0800e0eb   Thumb Code    16  strlen.o(.text)
    memcmp                                   0x0800e0fb   Thumb Code    26  memcmp.o(.text)
    __scatterload                            0x0800e115   Thumb Code    28  init.o(.text)
    __scatterload_rt2                        0x0800e115   Thumb Code     0  init.o(.text)
    __decompress                             0x0800e139   Thumb Code     0  __dclz77c.o(.text)
    __decompress2                            0x0800e139   Thumb Code    96  __dclz77c.o(.text)
    FLASH_PrefetchBufferCmd                  0x0800e199   Thumb Code    18  stm32f10x_flash.o(i.FLASH_PrefetchBufferCmd)
    FLASH_SetLatency                         0x0800e1b1   Thumb Code    18  stm32f10x_flash.o(i.FLASH_SetLatency)
    GPIO_Init                                0x0800e1c9   Thumb Code   154  stm32f10x_gpio.o(i.GPIO_Init)
    NVIC_SetVectorTable                      0x0800e265   Thumb Code    12  stm32f10x_nvic.o(i.NVIC_SetVectorTable)
    RCC_APB1PeriphClockCmd                   0x0800e279   Thumb Code    18  stm32f10x_rcc.o(i.RCC_APB1PeriphClockCmd)
    RCC_APB2PeriphClockCmd                   0x0800e291   Thumb Code    18  stm32f10x_rcc.o(i.RCC_APB2PeriphClockCmd)
    RCC_DeInit                               0x0800e2a9   Thumb Code    48  stm32f10x_rcc.o(i.RCC_DeInit)
    RCC_GetClocksFreq                        0x0800e2e5   Thumb Code   136  stm32f10x_rcc.o(i.RCC_GetClocksFreq)
    RCC_GetFlagStatus                        0x0800e37d   Thumb Code    44  stm32f10x_rcc.o(i.RCC_GetFlagStatus)
    RCC_GetSYSCLKSource                      0x0800e3ad   Thumb Code    10  stm32f10x_rcc.o(i.RCC_GetSYSCLKSource)
    RCC_HCLKConfig                           0x0800e3bd   Thumb Code    14  stm32f10x_rcc.o(i.RCC_HCLKConfig)
    RCC_HSEConfig                            0x0800e3d1   Thumb Code    48  stm32f10x_rcc.o(i.RCC_HSEConfig)
    RCC_PCLK1Config                          0x0800e405   Thumb Code    14  stm32f10x_rcc.o(i.RCC_PCLK1Config)
    RCC_PCLK2Config                          0x0800e419   Thumb Code    16  stm32f10x_rcc.o(i.RCC_PCLK2Config)
    RCC_PLLCmd                               0x0800e42d   Thumb Code     6  stm32f10x_rcc.o(i.RCC_PLLCmd)
    RCC_PLLConfig                            0x0800e439   Thumb Code    16  stm32f10x_rcc.o(i.RCC_PLLConfig)
    RCC_SYSCLKConfig                         0x0800e44d   Thumb Code    14  stm32f10x_rcc.o(i.RCC_SYSCLKConfig)
    RCC_WaitForHSEStartUp                    0x0800e461   Thumb Code    46  stm32f10x_rcc.o(i.RCC_WaitForHSEStartUp)
    USART_Cmd                                0x0800e495   Thumb Code    20  stm32f10x_usart.o(i.USART_Cmd)
    USART_GetFlagStatus                      0x0800e4a9   Thumb Code    14  stm32f10x_usart.o(i.USART_GetFlagStatus)
    USART_Init                               0x0800e4b9   Thumb Code   134  stm32f10x_usart.o(i.USART_Init)
    USART_SendData                           0x0800e545   Thumb Code     8  stm32f10x_usart.o(i.USART_SendData)
    __0fprintf$8                             0x0800e54d   Thumb Code    22  printf8.o(i.__0fprintf$8)
    __1fprintf$8                             0x0800e54d   Thumb Code     0  printf8.o(i.__0fprintf$8)
    __2fprintf                               0x0800e54d   Thumb Code     0  printf8.o(i.__0fprintf$8)
    __0printf$8                              0x0800e569   Thumb Code    22  printf8.o(i.__0printf$8)
    __1printf$8                              0x0800e569   Thumb Code     0  printf8.o(i.__0printf$8)
    __2printf                                0x0800e569   Thumb Code     0  printf8.o(i.__0printf$8)
    free                                     0x0800e589   Thumb Code    90  mallocr.o(i.__free$realloc)
    malloc                                   0x0800e5e9   Thumb Code    64  mallocr.o(i.__malloc$realloc)
    __scatterload_copy                       0x0800e639   Thumb Code    14  handlers.o(i.__scatterload_copy)
    __scatterload_null                       0x0800e647   Thumb Code     2  handlers.o(i.__scatterload_null)
    __scatterload_zeroinit                   0x0800e649   Thumb Code    14  handlers.o(i.__scatterload_zeroinit)
    realloc                                  0x0800eb31   Thumb Code   104  mallocr.o(i.realloc)
    Region$$Table$$Base                      0x08010800   Number         0  anon$$obj.o(Region$$Table)
    Region$$Table$$Limit                     0x08010820   Number         0  anon$$obj.o(Region$$Table)
    privkeySrvBuf                            0x20000000   Data         608  main.o(.data)
    certSrvBuf                               0x20000260   Data         676  main.o(.data)
    CAcertSrvBuf                             0x20000504   Data         660  main.o(.data)
    HSEStartUpStatus                         0x20000948   Data           1  start.o(.data)
    __stderr                                 0x20000a48   Data           4  stderr.o(.data)
    __stdout                                 0x20000a4c   Data           4  stdout.o(.data)
    __microlib_freelist                      0x20000a50   Data           4  mvars.o(.data)
    __microlib_freelist_initialised          0x20000a54   Data           4  mvars.o(.data)
    __heap_base                              0x20001060   Data           0  startup_stm32f10x_xl.o(HEAP)
    __heap_limit                             0x20009060   Data           0  startup_stm32f10x_xl.o(HEAP)
    __initial_sp                             0x20009460   Data           0  startup_stm32f10x_xl.o(STACK)



==============================================================================

Memory Map of the image

  Image Entry point : 0x08000131

  Load Region LR_IROM1 (Base: 0x08000000, Size: 0x00011278, Max: 0x00100000, ABSOLUTE, COMPRESSED[0x00010e4c])

    Execution Region ER_IROM1 (Base: 0x08000000, Size: 0x00010820, Max: 0x00100000, ABSOLUTE)

    Base Addr    Size         Type   Attr      Idx    E Section Name        Object

    0x08000000   0x00000130   Data   RO          211    RESET               startup_stm32f10x_xl.o
    0x08000130   0x00000000   Code   RO         1593  * .ARM.Collect$$$$00000000  mc_w.l(entry.o)
    0x08000130   0x00000004   Code   RO         1906    .ARM.Collect$$$$00000001  mc_w.l(entry2.o)
    0x08000134   0x00000004   Code   RO         1909    .ARM.Collect$$$$00000004  mc_w.l(entry5.o)
    0x08000138   0x00000008   Code   RO         1910    .ARM.Collect$$$$00000007  mc_w.l(entry7.o)
    0x08000140   0x00000004   Code   RO         1907    .ARM.Collect$$$$00002712  mc_w.l(entry2.o)
    0x08000144   0x00000eb0   Code   RO            1    .text               main.o
    0x08000ff4   0x000001ec   Code   RO           95    .text               start.o
    0x080011e0   0x00000092   Code   RO          194    .text               stm32f10x_it.o
    0x08001272   0x00000002   PAD
    0x08001274   0x00000024   Code   RO          212    .text               startup_stm32f10x_xl.o
    0x08001298   0x00000150   Code   RO         1051    .text               MatrixSSlLib.lib(noos.o)
    0x080013e8   0x00000d8c   Code   RO         1081    .text               MatrixSSlLib.lib(matrixssl.o)
    0x08002174   0x000013dc   Code   RO         1156    .text               MatrixSSlLib.lib(matrixsslapi.o)
    0x08003550   0x00000490   Code   RO         1171    .text               MatrixSSlLib.lib(md5.o)
    0x080039e0   0x000004c6   Code   RO         1215    .text               MatrixSSlLib.lib(sha1.o)
    0x08003ea6   0x00000002   PAD
    0x08003ea8   0x000012a0   Code   RO         1227    .text               MatrixSSlLib.lib(x509.o)
    0x08005148   0x00001da8   Code   RO         1271    .text               MatrixSSlLib.lib(pstm.o)
    0x08006ef0   0x000000fa   Code   RO         1313    .text               MatrixSSlLib.lib(prng.o)
    0x08006fea   0x00000002   PAD
    0x08006fec   0x00000730   Code   RO         1355    .text               MatrixSSlLib.lib(pkcs.o)
    0x0800771c   0x00000062   Code   RO         1397    .text               MatrixSSlLib.lib(pubkey.o)
    0x0800777e   0x00000002   PAD
    0x08007780   0x00000708   Code   RO         1409    .text               MatrixSSlLib.lib(ciphersuite.o)
    0x08007e88   0x0000191c   Code   RO         1423    .text               MatrixSSlLib.lib(ssldecode.o)
    0x080097a4   0x00001928   Code   RO         1435    .text               MatrixSSlLib.lib(sslencode.o)
    0x0800b0cc   0x000004b0   Code   RO         1447    .text               MatrixSSlLib.lib(sslv3.o)
    0x0800b57c   0x00000718   Code   RO         1463    .text               MatrixSSlLib.lib(tls.o)
    0x0800bc94   0x00000358   Code   RO         1475    .text               MatrixSSlLib.lib(hmac.o)
    0x0800bfec   0x00000428   Code   RO         1487    .text               MatrixSSlLib.lib(asn1.o)
    0x0800c414   0x00000276   Code   RO         1499    .text               MatrixSSlLib.lib(yarrow.o)
    0x0800c68a   0x00000360   Code   RO         1511    .text               MatrixSSlLib.lib(rsa.o)
    0x0800c9ea   0x00000002   PAD
    0x0800c9ec   0x00000e84   Code   RO         1523    .text               MatrixSSlLib.lib(aes.o)
    0x0800d870   0x000000ea   Code   RO         1567    .text               MatrixSSlLib.lib(arc4.o)
    0x0800d95a   0x00000002   PAD
    0x0800d95c   0x00000686   Code   RO         1579    .text               MatrixSSlLib.lib(des3.o)
    0x0800dfe2   0x00000064   Code   RO         1597    .text               mc_w.l(uldiv.o)
    0x0800e046   0x0000001e   Code   RO         1599    .text               mc_w.l(llshl.o)
    0x0800e064   0x00000020   Code   RO         1601    .text               mc_w.l(llushr.o)
    0x0800e084   0x00000040   Code   RO         1605    .text               mc_w.l(memmovea.o)
    0x0800e0c4   0x00000026   Code   RO         1607    .text               mc_w.l(memseta.o)
    0x0800e0ea   0x00000010   Code   RO         1609    .text               mc_w.l(strlen.o)
    0x0800e0fa   0x0000001a   Code   RO         1611    .text               mc_w.l(memcmp.o)
    0x0800e114   0x00000024   Code   RO         1927    .text               mc_w.l(init.o)
    0x0800e138   0x00000060   Code   RO         1941    .text               mc_w.l(__dclz77c.o)
    0x0800e198   0x00000018   Code   RO          231    i.FLASH_PrefetchBufferCmd  STM32F10xR.LIB(stm32f10x_flash.o)
    0x0800e1b0   0x00000018   Code   RO          236    i.FLASH_SetLatency  STM32F10xR.LIB(stm32f10x_flash.o)
    0x0800e1c8   0x0000009a   Code   RO          381    i.GPIO_Init         STM32F10xR.LIB(stm32f10x_gpio.o)
    0x0800e262   0x00000002   PAD
    0x0800e264   0x00000014   Code   RO          515    i.NVIC_SetVectorTable  STM32F10xR.LIB(stm32f10x_nvic.o)
    0x0800e278   0x00000018   Code   RO          681    i.RCC_APB1PeriphClockCmd  STM32F10xR.LIB(stm32f10x_rcc.o)
    0x0800e290   0x00000018   Code   RO          683    i.RCC_APB2PeriphClockCmd  STM32F10xR.LIB(stm32f10x_rcc.o)
    0x0800e2a8   0x0000003c   Code   RO          690    i.RCC_DeInit        STM32F10xR.LIB(stm32f10x_rcc.o)
    0x0800e2e4   0x00000098   Code   RO          691    i.RCC_GetClocksFreq  STM32F10xR.LIB(stm32f10x_rcc.o)
    0x0800e37c   0x00000030   Code   RO          692    i.RCC_GetFlagStatus  STM32F10xR.LIB(stm32f10x_rcc.o)
    0x0800e3ac   0x00000010   Code   RO          694    i.RCC_GetSYSCLKSource  STM32F10xR.LIB(stm32f10x_rcc.o)
    0x0800e3bc   0x00000014   Code   RO          695    i.RCC_HCLKConfig    STM32F10xR.LIB(stm32f10x_rcc.o)
    0x0800e3d0   0x00000034   Code   RO          696    i.RCC_HSEConfig     STM32F10xR.LIB(stm32f10x_rcc.o)
    0x0800e404   0x00000014   Code   RO          702    i.RCC_PCLK1Config   STM32F10xR.LIB(stm32f10x_rcc.o)
    0x0800e418   0x00000014   Code   RO          703    i.RCC_PCLK2Config   STM32F10xR.LIB(stm32f10x_rcc.o)
    0x0800e42c   0x0000000c   Code   RO          704    i.RCC_PLLCmd        STM32F10xR.LIB(stm32f10x_rcc.o)
    0x0800e438   0x00000014   Code   RO          705    i.RCC_PLLConfig     STM32F10xR.LIB(stm32f10x_rcc.o)
    0x0800e44c   0x00000014   Code   RO          708    i.RCC_SYSCLKConfig  STM32F10xR.LIB(stm32f10x_rcc.o)
    0x0800e460   0x00000034   Code   RO          710    i.RCC_WaitForHSEStartUp  STM32F10xR.LIB(stm32f10x_rcc.o)
    0x0800e494   0x00000014   Code   RO          884    i.USART_Cmd         STM32F10xR.LIB(stm32f10x_usart.o)
    0x0800e4a8   0x0000000e   Code   RO          887    i.USART_GetFlagStatus  STM32F10xR.LIB(stm32f10x_usart.o)
    0x0800e4b6   0x00000002   PAD
    0x0800e4b8   0x0000008c   Code   RO          891    i.USART_Init        STM32F10xR.LIB(stm32f10x_usart.o)
    0x0800e544   0x00000008   Code   RO          899    i.USART_SendData    STM32F10xR.LIB(stm32f10x_usart.o)
    0x0800e54c   0x0000001c   Code   RO         1823    i.__0fprintf$8      mc_w.l(printf8.o)
    0x0800e568   0x00000020   Code   RO         1824    i.__0printf$8       mc_w.l(printf8.o)
    0x0800e588   0x00000060   Code   RO         1882    i.__free$realloc    mc_w.l(mallocr.o)
    0x0800e5e8   0x00000050   Code   RO         1883    i.__malloc$realloc  mc_w.l(mallocr.o)
    0x0800e638   0x0000000e   Code   RO         1935    i.__scatterload_copy  mc_w.l(handlers.o)
    0x0800e646   0x00000002   Code   RO         1936    i.__scatterload_null  mc_w.l(handlers.o)
    0x0800e648   0x0000000e   Code   RO         1937    i.__scatterload_zeroinit  mc_w.l(handlers.o)
    0x0800e656   0x00000002   PAD
    0x0800e658   0x00000438   Code   RO         1831    i._printf_core      mc_w.l(printf8.o)
    0x0800ea90   0x00000026   Code   RO         1832    i._printf_post_padding  mc_w.l(printf8.o)
    0x0800eab6   0x0000002e   Code   RO         1833    i._printf_pre_padding  mc_w.l(printf8.o)
    0x0800eae4   0x0000004c   Code   RO         1884    i.internal_alloc    mc_w.l(mallocr.o)
    0x0800eb30   0x0000006c   Code   RO         1885    i.realloc           mc_w.l(mallocr.o)
    0x0800eb9c   0x00000014   Data   RO          711    .constdata          STM32F10xR.LIB(stm32f10x_rcc.o)
    0x0800ebb0   0x0000002e   Data   RO         1083    .constdata          MatrixSSlLib.lib(matrixssl.o)
    0x0800ebde   0x00000002   PAD
    0x0800ebe0   0x00000190   Data   RO         1172    .constdata          MatrixSSlLib.lib(md5.o)
    0x0800ed70   0x000000a0   Data   RO         1228    .constdata          MatrixSSlLib.lib(x509.o)
    0x0800ee10   0x0000006a   Data   RO         1448    .constdata          MatrixSSlLib.lib(sslv3.o)
    0x0800ee7a   0x00000002   PAD
    0x0800ee7c   0x00001038   Data   RO         1524    .constdata          MatrixSSlLib.lib(aes.o)
    0x0800feb4   0x00000908   Data   RO         1580    .constdata          MatrixSSlLib.lib(des3.o)
    0x080107bc   0x00000041   Data   RO         1449    .conststring        MatrixSSlLib.lib(sslv3.o)
    0x080107fd   0x00000003   PAD
    0x08010800   0x00000020   Data   RO         1933    Region$$Table       anon$$obj.o


    Execution Region RW_IRAM1 (Base: 0x20000000, Size: 0x00009460, Max: 0x00018000, ABSOLUTE, COMPRESSED[0x0000062c])

    Base Addr    Size         Type   Attr      Idx    E Section Name        Object

    0x20000000   0x00000948   Data   RW            3    .data               main.o
    0x20000948   0x00000001   Data   RW           96    .data               start.o
    0x20000949   0x00000003   PAD
    0x2000094c   0x00000008   Data   RW          712    .data               STM32F10xR.LIB(stm32f10x_rcc.o)
    0x20000954   0x0000000c   Data   RW         1052    .data               MatrixSSlLib.lib(noos.o)
    0x20000960   0x000000c0   Data   RW         1410    .data               MatrixSSlLib.lib(ciphersuite.o)
    0x20000a20   0x00000028   Data   RW         1450    .data               MatrixSSlLib.lib(sslv3.o)
    0x20000a48   0x00000004   Data   RW         1596    .data               mc_w.l(stderr.o)
    0x20000a4c   0x00000004   Data   RW         1911    .data               mc_w.l(stdout.o)
    0x20000a50   0x00000004   Data   RW         1914    .data               mc_w.l(mvars.o)
    0x20000a54   0x00000004   Data   RW         1915    .data               mc_w.l(mvars.o)
    0x20000a58   0x00000054   Zero   RW            2    .bss                main.o
    0x20000aac   0x000005b0   Zero   RW         1082    .bss                MatrixSSlLib.lib(matrixssl.o)
    0x2000105c   0x00000004   PAD
    0x20001060   0x00008000   Zero   RW          210    HEAP                startup_stm32f10x_xl.o
    0x20009060   0x00000400   Zero   RW          209    STACK               startup_stm32f10x_xl.o


==============================================================================

Image component sizes


      Code (inc. data)   RO Data    RW Data    ZI Data      Debug   Object Name

      3760       1516          0       2376         84      27765   main.o
       492        110          0          1          0      15248   start.o
        36          8        304          0      33792        760   startup_stm32f10x_xl.o
       146          0          0          0          0       7304   stm32f10x_it.o

    ----------------------------------------------------------------------
      4436       1634        336       2380      33876      51077   Object Totals
         0          0         32          0          0          0   (incl. Generated)
         2          0          0          3          0          1   (incl. Padding)

    ----------------------------------------------------------------------

      Code (inc. data)   RO Data    RW Data    ZI Data      Debug   Library Member Name

      3716         30       4152          0          0       6931   aes.o
       234          0          0          0          0       1740   arc4.o
      1064         94          0          0          0       4254   asn1.o
      1800        108          0        192          0       9535   ciphersuite.o
      1670         52       2312          0          0       5453   des3.o
       856        120          0          0          0       3680   hmac.o
      3468         26         46          0       1456      25330   matrixssl.o
      5084        478          0          0          0       9037   matrixsslapi.o
      1168        108        400          0          0       3559   md5.o
       336         22          0         12          0       7705   noos.o
      1840        118          0          0          0       7942   pkcs.o
       250          0          0          0          0       4075   prng.o
      7592          0          0          0          0      24421   pstm.o
        98          0          0          0          0       1115   pubkey.o
       864          0          0          0          0       3467   rsa.o
      1222        118          0          0          0       2826   sha1.o
      6428        164          0          0          0       7474   ssldecode.o
      6440        154          0          0          0      13382   sslencode.o
      1200         24        171         40          0       4045   sslv3.o
      1816        178          0          0          0       6240   tls.o
      4768        274        160          0          0      15236   x509.o
       630          0          0          0          0       3482   yarrow.o
        48         12          0          0          0      15605   stm32f10x_flash.o
       154          0          0          0          0      15416   stm32f10x_gpio.o
        20          8          0          0          0        470   stm32f10x_nvic.o
       540         92         20          8          0       9006   stm32f10x_rcc.o
       182          6          0          0          0       9616   stm32f10x_usart.o
        96          0          0          0          0          0   __dclz77c.o
         0          0          0          0          0          0   entry.o
         8          4          0          0          0          0   entry2.o
         4          0          0          0          0          0   entry5.o
         8          4          0          0          0          0   entry7.o
        30          0          0          0          0          0   handlers.o
        36          8          0          0          0         68   init.o
        30          0          0          0          0         68   llshl.o
        32          0          0          0          0         68   llushr.o
       360         30          0          0          0        356   mallocr.o
        26          0          0          0          0         80   memcmp.o
        64          0          0          0          0         76   memmovea.o
        38          0          0          0          0        108   memseta.o
         0          0          0          8          0          0   mvars.o
      1224         60          0          0          0        444   printf8.o
         0          0          0          4          0          0   stderr.o
         0          0          0          4          0          0   stdout.o
        16          0          0          0          0         68   strlen.o
       100          0          0          0          0         92   uldiv.o

    ----------------------------------------------------------------------
     55576       2292       7268        268       1460     222470   Library Totals
        16          0          7          0          4          0   (incl. Padding)

    ----------------------------------------------------------------------

      Code (inc. data)   RO Data    RW Data    ZI Data      Debug   Library Name

     52544       2068       7241        244       1456     170929   MatrixSSlLib.lib
       944        118         20          8          0      50113   STM32F10xR.LIB
      2072        106          0         16          0       1428   mc_w.l

    ----------------------------------------------------------------------
     55576       2292       7268        268       1460     222470   Library Totals

    ----------------------------------------------------------------------

==============================================================================


      Code (inc. data)   RO Data    RW Data    ZI Data      Debug   

     60012       3926       7604       2648      35336     270272   Grand Totals
     60012       3926       7604       1580      35336     270272   ELF Image Totals (compressed)
     60012       3926       7604       1580          0          0   ROM Totals

==============================================================================

    Total RO  Size (Code + RO Data)                67616 (  66.03kB)
    Total RW  Size (RW Data + ZI Data)             37984 (  37.09kB)
    Total ROM Size (Code + RO Data + RW Data)      69196 (  67.57kB)

==============================================================================

