ARM Linker, 4.1 [Build 894] [Professional (MDK + RL-ARM)]

==============================================================================

Section Cross References

    main.o(.text) refers to matrixssl.o(.text) for matrixSslDeleteSession
    main.o(.text) refers to matrixsslapi.o(.text) for matrixSslGetWritebuf
    main.o(.text) refers to printf8.o(i.__0fprintf$8) for __2fprintf
    main.o(.text) refers to noos.o(.text) for psBreak
    main.o(.text) refers to memseta.o(.text) for __aeabi_memset
    main.o(.text) refers to memmovea.o(.text) for __aeabi_memcpy
    main.o(.text) refers to printf8.o(i.__0printf$8) for __2printf
    main.o(.text) refers to mallocr.o(i.__malloc$realloc) for malloc
    main.o(.text) refers to stderr.o(.data) for __stderr
    main.o(.text) refers to main.o(.data) for CAcertSrvBuf
    main.o(.text) refers to main.o(.bss) for clientSessionId
    main.o(.text) refers to mallocr.o(i.__free$realloc) for free
    start.o(.text) refers to stm32f10x_usart.o(i.USART_Init) for USART_Init
    start.o(.text) refers to stm32f10x_usart.o(i.USART_Cmd) for USART_Cmd
    start.o(.text) refers to stm32f10x_gpio.o(i.GPIO_Init) for GPIO_Init
    start.o(.text) refers to stm32f10x_nvic.o(i.NVIC_SetVectorTable) for NVIC_SetVectorTable
    start.o(.text) refers to stm32f10x_rcc.o(i.RCC_DeInit) for RCC_DeInit
    start.o(.text) refers to stm32f10x_rcc.o(i.RCC_HSEConfig) for RCC_HSEConfig
    start.o(.text) refers to stm32f10x_rcc.o(i.RCC_WaitForHSEStartUp) for RCC_WaitForHSEStartUp
    start.o(.text) refers to stm32f10x_flash.o(i.FLASH_PrefetchBufferCmd) for FLASH_PrefetchBufferCmd
    start.o(.text) refers to stm32f10x_flash.o(i.FLASH_SetLatency) for FLASH_SetLatency
    start.o(.text) refers to stm32f10x_rcc.o(i.RCC_HCLKConfig) for RCC_HCLKConfig
    start.o(.text) refers to stm32f10x_rcc.o(i.RCC_PCLK2Config) for RCC_PCLK2Config
    start.o(.text) refers to stm32f10x_rcc.o(i.RCC_PCLK1Config) for RCC_PCLK1Config
    start.o(.text) refers to stm32f10x_rcc.o(i.RCC_PLLConfig) for RCC_PLLConfig
    start.o(.text) refers to stm32f10x_rcc.o(i.RCC_PLLCmd) for RCC_PLLCmd
    start.o(.text) refers to stm32f10x_rcc.o(i.RCC_GetFlagStatus) for RCC_GetFlagStatus
    start.o(.text) refers to stm32f10x_rcc.o(i.RCC_SYSCLKConfig) for RCC_SYSCLKConfig
    start.o(.text) refers to stm32f10x_rcc.o(i.RCC_GetSYSCLKSource) for RCC_GetSYSCLKSource
    start.o(.text) refers to stm32f10x_rcc.o(i.RCC_APB2PeriphClockCmd) for RCC_APB2PeriphClockCmd
    start.o(.text) refers to stm32f10x_rcc.o(i.RCC_APB1PeriphClockCmd) for RCC_APB1PeriphClockCmd
    start.o(.text) refers to printf8.o(i.__0printf$8) for __2printf
    start.o(.text) refers to matrixsslloadrsakeysmemtest.o(.text) for matrixSslLoadRsaKeysMemTest
    start.o(.text) refers to main.o(.text) for mainSSLTest
    start.o(.text) refers to stm32f10x_usart.o(i.USART_SendData) for USART_SendData
    start.o(.text) refers to stm32f10x_usart.o(i.USART_GetFlagStatus) for USART_GetFlagStatus
    start.o(.text) refers to start.o(.data) for HSEStartUpStatus
    startup_stm32f10x_xl.o(RESET) refers to startup_stm32f10x_xl.o(STACK) for __initial_sp
    startup_stm32f10x_xl.o(RESET) refers to startup_stm32f10x_xl.o(.text) for Reset_Handler
    startup_stm32f10x_xl.o(RESET) refers to stm32f10x_it.o(.text) for NMI_Handler
    startup_stm32f10x_xl.o(.text) refers to main.o(.text) for SystemInit
    startup_stm32f10x_xl.o(.text) refers to entry.o(.ARM.Collect$$$$00000000) for __main
    matrixsslloadrsakeysmemtest.o(.text) refers to noos.o(.text) for _psTraceStr
    matrixsslloadrsakeysmemtest.o(.text) refers to matrixssl.o(.text) for matrixSslOpen
    matrixsslloadrsakeysmemtest.o(.text) refers to matrixsslloadrsakeysmemtest.o(.data) for g_ulAcertSrvLen
    matrixsslloadrsakeysmemtest.o(.text) refers to matrixsslloadrsakeysmemtest.o(.bss) for g_pSslKeys
    stm32f10x_flash.o(i.FLASH_EnableWriteProtection) refers to stm32f10x_flash.o(i.FLASH_WaitForLastOperation) for FLASH_WaitForLastOperation
    stm32f10x_flash.o(i.FLASH_EraseAllPages) refers to stm32f10x_flash.o(i.FLASH_WaitForLastOperation) for FLASH_WaitForLastOperation
    stm32f10x_flash.o(i.FLASH_EraseOptionBytes) refers to stm32f10x_flash.o(i.FLASH_WaitForLastOperation) for FLASH_WaitForLastOperation
    stm32f10x_flash.o(i.FLASH_ErasePage) refers to stm32f10x_flash.o(i.FLASH_WaitForLastOperation) for FLASH_WaitForLastOperation
    stm32f10x_flash.o(i.FLASH_ProgramHalfWord) refers to stm32f10x_flash.o(i.FLASH_WaitForLastOperation) for FLASH_WaitForLastOperation
    stm32f10x_flash.o(i.FLASH_ProgramOptionByteData) refers to stm32f10x_flash.o(i.FLASH_WaitForLastOperation) for FLASH_WaitForLastOperation
    stm32f10x_flash.o(i.FLASH_ProgramWord) refers to stm32f10x_flash.o(i.FLASH_WaitForLastOperation) for FLASH_WaitForLastOperation
    stm32f10x_flash.o(i.FLASH_ReadOutProtection) refers to stm32f10x_flash.o(i.FLASH_WaitForLastOperation) for FLASH_WaitForLastOperation
[...]
    dadd.o(.text) refers to llshl.o(.text) for __aeabi_llsl
    dadd.o(.text) refers to llsshr.o(.text) for __aeabi_lasr
    dadd.o(.text) refers to depilogue.o(.text) for _double_epilogue
    dmul.o(.text) refers to depilogue.o(.text) for _double_epilogue
    ddiv.o(.text) refers to depilogue.o(.text) for _double_round
    dfixul.o(.text) refers to llushr.o(.text) for __aeabi_llsr
    dfixul.o(.text) refers to llshl.o(.text) for __aeabi_llsl
    init.o(.text) refers to entry5.o(.ARM.Collect$$$$00000004) for __main_after_scatterload
    depilogue.o(.text) refers to llshl.o(.text) for __aeabi_llsl
    depilogue.o(.text) refers to llushr.o(.text) for __aeabi_llsr


==============================================================================

Removing Unused input sections from the image.

    Removing stm32f10x_flash.o(i.FLASH_ClearFlag), (12 bytes).
    Removing stm32f10x_flash.o(i.FLASH_EnableWriteProtection), (168 bytes).
    Removing stm32f10x_flash.o(i.FLASH_EraseAllPages), (60 bytes).
    Removing stm32f10x_flash.o(i.FLASH_EraseOptionBytes), (116 bytes).
    Removing stm32f10x_flash.o(i.FLASH_ErasePage), (64 bytes).
    Removing stm32f10x_flash.o(i.FLASH_GetFlagStatus), (32 bytes).
    Removing stm32f10x_flash.o(i.FLASH_GetPrefetchBufferStatus), (20 bytes).
    Removing stm32f10x_flash.o(i.FLASH_GetReadOutProtectionStatus), (20 bytes).
    Removing stm32f10x_flash.o(i.FLASH_GetStatus), (40 bytes).
    Removing stm32f10x_flash.o(i.FLASH_GetUserOptionByte), (12 bytes).
    Removing stm32f10x_flash.o(i.FLASH_GetWriteProtectionOptionByte), (12 bytes).
    Removing stm32f10x_flash.o(i.FLASH_HalfCycleAccessCmd), (24 bytes).
    Removing stm32f10x_flash.o(i.FLASH_ITConfig), (24 bytes).
    Removing stm32f10x_flash.o(i.FLASH_Lock), (16 bytes).
    Removing stm32f10x_flash.o(i.FLASH_ProgramHalfWord), (56 bytes).
    Removing stm32f10x_flash.o(i.FLASH_ProgramOptionByteData), (72 bytes).
    Removing stm32f10x_flash.o(i.FLASH_ProgramWord), (68 bytes).
    Removing stm32f10x_flash.o(i.FLASH_ReadOutProtection), (136 bytes).
    Removing stm32f10x_flash.o(i.FLASH_Unlock), (24 bytes).
    Removing stm32f10x_flash.o(i.FLASH_UserOptionByteConfig), (88 bytes).
    Removing stm32f10x_flash.o(i.FLASH_WaitForLastOperation), (40 bytes).
    Removing stm32f10x_gpio.o(i.GPIO_AFIODeInit), (22 bytes).
    Removing stm32f10x_gpio.o(i.GPIO_DeInit), (160 bytes).
    Removing stm32f10x_gpio.o(i.GPIO_EXTILineConfig), (40 bytes).
    Removing stm32f10x_gpio.o(i.GPIO_EventOutputCmd), (12 bytes).
    Removing stm32f10x_gpio.o(i.GPIO_EventOutputConfig), (28 bytes).
    Removing stm32f10x_gpio.o(i.GPIO_PinLockConfig), (16 bytes).
    Removing stm32f10x_gpio.o(i.GPIO_PinRemapConfig), (72 bytes).
    Removing stm32f10x_gpio.o(i.GPIO_ReadInputData), (6 bytes).
    Removing stm32f10x_gpio.o(i.GPIO_ReadInputDataBit), (14 bytes).
    Removing stm32f10x_gpio.o(i.GPIO_ReadOutputData), (6 bytes).
    Removing stm32f10x_gpio.o(i.GPIO_ReadOutputDataBit), (14 bytes).
    Removing stm32f10x_gpio.o(i.GPIO_ResetBits), (4 bytes).
    Removing stm32f10x_gpio.o(i.GPIO_SetBits), (4 bytes).
    Removing stm32f10x_gpio.o(i.GPIO_StructInit), (16 bytes).
    Removing stm32f10x_gpio.o(i.GPIO_Write), (4 bytes).
    Removing stm32f10x_gpio.o(i.GPIO_WriteBit), (10 bytes).
    Removing stm32f10x_nvic.o(i.NVIC_BASEPRICONFIG), (6 bytes).
    Removing stm32f10x_nvic.o(i.NVIC_ClearIRQChannelPendingBit), (24 bytes).
    Removing stm32f10x_nvic.o(i.NVIC_ClearSystemHandlerPendingBit), (24 bytes).
    Removing stm32f10x_nvic.o(i.NVIC_DeInit), (52 bytes).
    Removing stm32f10x_nvic.o(i.NVIC_GenerateCoreReset), (16 bytes).
    Removing stm32f10x_nvic.o(i.NVIC_GenerateSystemReset), (16 bytes).
    Removing stm32f10x_nvic.o(i.NVIC_GetBASEPRI), (4 bytes).
    Removing stm32f10x_nvic.o(i.NVIC_GetCPUID), (12 bytes).
    Removing stm32f10x_nvic.o(i.NVIC_GetCurrentActiveHandler), (16 bytes).
    Removing stm32f10x_nvic.o(i.NVIC_GetCurrentPendingIRQChannel), (16 bytes).
    Removing stm32f10x_nvic.o(i.NVIC_GetFaultAddress), (24 bytes).
    Removing stm32f10x_nvic.o(i.NVIC_GetFaultHandlerSources), (56 bytes).
    Removing stm32f10x_nvic.o(i.NVIC_GetIRQChannelActiveBitStatus), (34 bytes).
    Removing stm32f10x_nvic.o(i.NVIC_GetIRQChannelPendingBitStatus), (34 bytes).
    Removing stm32f10x_nvic.o(i.NVIC_GetSystemHandlerActiveBitStatus), (32 bytes).
    Removing stm32f10x_nvic.o(i.NVIC_GetSystemHandlerPendingBitStatus), (32 bytes).
    Removing stm32f10x_nvic.o(i.NVIC_Init), (124 bytes).
    Removing stm32f10x_nvic.o(i.NVIC_PriorityGroupConfig), (20 bytes).
    Removing stm32f10x_nvic.o(i.NVIC_RESETFAULTMASK), (4 bytes).
    Removing stm32f10x_nvic.o(i.NVIC_RESETPRIMASK), (4 bytes).
    Removing stm32f10x_nvic.o(i.NVIC_SCBDeInit), (80 bytes).
    Removing stm32f10x_nvic.o(i.NVIC_SETFAULTMASK), (4 bytes).
    Removing stm32f10x_nvic.o(i.NVIC_SETPRIMASK), (4 bytes).
    Removing stm32f10x_nvic.o(i.NVIC_SetIRQChannelPendingBit), (12 bytes).
    Removing stm32f10x_nvic.o(i.NVIC_SetSystemHandlerPendingBit), (24 bytes).
    Removing stm32f10x_nvic.o(i.NVIC_StructInit), (12 bytes).
    Removing stm32f10x_nvic.o(i.NVIC_SystemHandlerConfig), (32 bytes).
    Removing stm32f10x_nvic.o(i.NVIC_SystemHandlerPriorityConfig), (76 bytes).
    Removing stm32f10x_nvic.o(i.NVIC_SystemLPConfig), (24 bytes).
    Removing stm32f10x_rcc.o(i.RCC_ADCCLKConfig), (20 bytes).
    Removing stm32f10x_rcc.o(i.RCC_AHBPeriphClockCmd), (24 bytes).
    Removing stm32f10x_rcc.o(i.RCC_APB1PeriphResetCmd), (24 bytes).
    Removing stm32f10x_rcc.o(i.RCC_APB2PeriphResetCmd), (24 bytes).
    Removing stm32f10x_rcc.o(i.RCC_AdjustHSICalibrationValue), (20 bytes).
    Removing stm32f10x_rcc.o(i.RCC_BackupResetCmd), (12 bytes).
    Removing stm32f10x_rcc.o(i.RCC_ClearFlag), (16 bytes).
    Removing stm32f10x_rcc.o(i.RCC_ClearITPendingBit), (12 bytes).
    Removing stm32f10x_rcc.o(i.RCC_ClockSecuritySystemCmd), (12 bytes).
    Removing stm32f10x_rcc.o(i.RCC_GetITStatus), (20 bytes).
    Removing stm32f10x_rcc.o(i.RCC_HSICmd), (12 bytes).
    Removing stm32f10x_rcc.o(i.RCC_ITConfig), (24 bytes).
    Removing stm32f10x_rcc.o(i.RCC_LSEConfig), (32 bytes).
    Removing stm32f10x_rcc.o(i.RCC_LSICmd), (12 bytes).
    Removing stm32f10x_rcc.o(i.RCC_MCOConfig), (12 bytes).
    Removing stm32f10x_rcc.o(i.RCC_RTCCLKCmd), (12 bytes).
    Removing stm32f10x_rcc.o(i.RCC_RTCCLKConfig), (16 bytes).
    Removing stm32f10x_rcc.o(i.RCC_USBCLKConfig), (12 bytes).
    Removing stm32f10x_usart.o(i.USART_ClearFlag), (6 bytes).
    Removing stm32f10x_usart.o(i.USART_ClearITPendingBit), (12 bytes).
    Removing stm32f10x_usart.o(i.USART_ClockInit), (30 bytes).
    Removing stm32f10x_usart.o(i.USART_ClockStructInit), (12 bytes).
    Removing stm32f10x_usart.o(i.USART_DMACmd), (16 bytes).
    Removing stm32f10x_usart.o(i.USART_DeInit), (108 bytes).
    Removing stm32f10x_usart.o(i.USART_GetITStatus), (62 bytes).
    Removing stm32f10x_usart.o(i.USART_HalfDuplexCmd), (20 bytes).
    Removing stm32f10x_usart.o(i.USART_ITConfig), (48 bytes).
    Removing stm32f10x_usart.o(i.USART_IrDACmd), (20 bytes).
    Removing stm32f10x_usart.o(i.USART_IrDAConfig), (16 bytes).
    Removing stm32f10x_usart.o(i.USART_LINBreakDetectLengthConfig), (16 bytes).
    Removing stm32f10x_usart.o(i.USART_LINCmd), (20 bytes).
    Removing stm32f10x_usart.o(i.USART_ReceiveData), (8 bytes).
    Removing stm32f10x_usart.o(i.USART_ReceiverWakeUpCmd), (20 bytes).
    Removing stm32f10x_usart.o(i.USART_SendBreak), (10 bytes).
    Removing stm32f10x_usart.o(i.USART_SetAddress), (16 bytes).
    Removing stm32f10x_usart.o(i.USART_SetGuardTime), (16 bytes).
    Removing stm32f10x_usart.o(i.USART_SetPrescaler), (16 bytes).
    Removing stm32f10x_usart.o(i.USART_SmartCardCmd), (20 bytes).
    Removing stm32f10x_usart.o(i.USART_SmartCardNACKCmd), (20 bytes).
    Removing stm32f10x_usart.o(i.USART_StructInit), (22 bytes).
    Removing stm32f10x_usart.o(i.USART_WakeUpConfig), (16 bytes).
    Removing cortexm3_macro.o(.text), (122 bytes).
    Removing dadd.o(.text), (332 bytes).
    Removing dmul.o(.text), (224 bytes).
    Removing ddiv.o(.text), (222 bytes).
    Removing dfixul.o(.text), (48 bytes).
    Removing cdrcmple.o(.text), (40 bytes).
    Removing depilogue.o(.text), (190 bytes).

114 unused section(s) (total 4394 bytes) removed from the image.

==============================================================================

Image Symbol Table

    Local Symbols

    Symbol Name                              Value     Ov Type        Size  Object(Section)

    ../../../cmprslib/lz77c.c                0x00000000   Number         0  __dclz77c.o ABSOLUTE
    ../../microlib/division.c                0x00000000   Number         0  uldiv.o ABSOLUTE
    ../../microlib/division.c                0x00000000   Number         0  uidiv.o ABSOLUTE
    ../../microlib/fpadd.c                   0x00000000   Number         0  dadd.o ABSOLUTE
    ../../microlib/fpdiv.c                   0x00000000   Number         0  ddiv.o ABSOLUTE
    ../../microlib/fpepilogue.c              0x00000000   Number         0  depilogue.o ABSOLUTE
    ../../microlib/fpfix.c                   0x00000000   Number         0  dfixul.o ABSOLUTE
    ../../microlib/fpmul.c                   0x00000000   Number         0  dmul.o ABSOLUTE
    ../../microlib/init/entry.s              0x00000000   Number         0  entry.o ABSOLUTE
    ../../microlib/init/entry.s              0x00000000   Number         0  entry5.o ABSOLUTE
    ../../microlib/init/entry.s              0x00000000   Number         0  entry2.o ABSOLUTE
    ../../microlib/init/entry.s              0x00000000   Number         0  entry7a.o ABSOLUTE
    ../../microlib/init/entry.s              0x00000000   Number         0  entry7b.o ABSOLUTE
    ../../microlib/init/entry.s              0x00000000   Number         0  entry8.o ABSOLUTE
    ../../microlib/longlong.c                0x00000000   Number         0  llshl.o ABSOLUTE
    ../../microlib/longlong.c                0x00000000   Number         0  llsshr.o ABSOLUTE
    ../../microlib/longlong.c                0x00000000   Number         0  llushr.o ABSOLUTE
    ../../microlib/malloc/malloc.c           0x00000000   Number         0  malloc.o ABSOLUTE
    ../../microlib/malloc/malloc.c           0x00000000   Number         0  mallocr.o ABSOLUTE
    ../../microlib/malloc/malloc.c           0x00000000   Number         0  malloca.o ABSOLUTE
    ../../microlib/malloc/malloc.c           0x00000000   Number         0  mallocra.o ABSOLUTE
    ../../microlib/malloc/mvars.c            0x00000000   Number         0  mvars.o ABSOLUTE
    ../../microlib/printf/printf.c           0x00000000   Number         0  printf7.o ABSOLUTE
    ../../microlib/printf/printf.c           0x00000000   Number         0  printf6.o ABSOLUTE
    ../../microlib/printf/printf.c           0x00000000   Number         0  printf5.o ABSOLUTE
    ../../microlib/printf/printf.c           0x00000000   Number         0  printf3.o ABSOLUTE
    ../../microlib/printf/printf.c           0x00000000   Number         0  printf2.o ABSOLUTE
    ../../microlib/printf/printf.c           0x00000000   Number         0  printf1.o ABSOLUTE
    ../../microlib/printf/printf.c           0x00000000   Number         0  printf0.o ABSOLUTE
    ../../microlib/printf/printf.c           0x00000000   Number         0  printfb.o ABSOLUTE
    ../../microlib/printf/printf.c           0x00000000   Number         0  printf4.o ABSOLUTE
    ../../microlib/printf/printf.c           0x00000000   Number         0  printfa.o ABSOLUTE
    ../../microlib/printf/printf.c           0x00000000   Number         0  printf8.o ABSOLUTE
    ../../microlib/printf/stubs.s            0x00000000   Number         0  stubs.o ABSOLUTE
    ../../microlib/stdio/streams.c           0x00000000   Number         0  stderr.o ABSOLUTE
    ../../microlib/stdio/streams.c           0x00000000   Number         0  stdout.o ABSOLUTE
    ../../microlib/string/memcmp.c           0x00000000   Number         0  memcmp.o ABSOLUTE
    ../../microlib/string/memcpy.c           0x00000000   Number         0  memmoveb.o ABSOLUTE
    ../../microlib/string/memcpy.c           0x00000000   Number         0  memcpyb.o ABSOLUTE
    ../../microlib/string/memcpy.c           0x00000000   Number         0  memcpya.o ABSOLUTE
    ../../microlib/string/memcpy.c           0x00000000   Number         0  memmovea.o ABSOLUTE
    ../../microlib/string/memset.c           0x00000000   Number         0  memseta.o ABSOLUTE
    ../../microlib/string/strlen.c           0x00000000   Number         0  strlen.o ABSOLUTE
    ../../microlib/stubs.s                   0x00000000   Number         0  iusefp.o ABSOLUTE
    cdrcmple.s                               0x00000000   Number         0  cdrcmple.o ABSOLUTE
    cortexm3_macro.s                         0x00000000   Number         0  cortexm3_macro.o ABSOLUTE
    dc.s                                     0x00000000   Number         0  dc.o ABSOLUTE
    handlers.s                               0x00000000   Number         0  handlers.o ABSOLUTE
    init.s                                   0x00000000   Number         0  init.o ABSOLUTE
    main.c                                   0x00000000   Number         0  main.o ABSOLUTE
    matrixSslLoadRsaKeysMemTest.c            0x00000000   Number         0  matrixsslloadrsakeysmemtest.o ABSOLUTE
    matrixssl-3-3-open\core\noOs\noOs.c      0x00000000   Number         0  noos.o ABSOLUTE
    matrixssl-3-3-open\crypto\digest\hmac.c  0x00000000   Number         0  hmac.o ABSOLUTE
    matrixssl-3-3-open\crypto\digest\md5.c   0x00000000   Number         0  md5.o ABSOLUTE
    matrixssl-3-3-open\crypto\digest\sha1.c  0x00000000   Number         0  sha1.o ABSOLUTE
    matrixssl-3-3-open\crypto\keyformat\asn1.c 0x00000000   Number         0  asn1.o ABSOLUTE
    matrixssl-3-3-open\crypto\keyformat\x509.c 0x00000000   Number         0  x509.o ABSOLUTE
    matrixssl-3-3-open\crypto\math\pstm.c    0x00000000   Number         0  pstm.o ABSOLUTE
    matrixssl-3-3-open\crypto\prng\prng.c    0x00000000   Number         0  prng.o ABSOLUTE
    matrixssl-3-3-open\crypto\prng\yarrow.c  0x00000000   Number         0  yarrow.o ABSOLUTE
    matrixssl-3-3-open\crypto\pubkey\pkcs.c  0x00000000   Number         0  pkcs.o ABSOLUTE
    matrixssl-3-3-open\crypto\pubkey\pubkey.c 0x00000000   Number         0  pubkey.o ABSOLUTE
    matrixssl-3-3-open\crypto\pubkey\rsa.c   0x00000000   Number         0  rsa.o ABSOLUTE
    matrixssl-3-3-open\crypto\symmetric\aes.c 0x00000000   Number         0  aes.o ABSOLUTE
    matrixssl-3-3-open\crypto\symmetric\arc4.c 0x00000000   Number         0  arc4.o ABSOLUTE
    matrixssl-3-3-open\crypto\symmetric\des3.c 0x00000000   Number         0  des3.o ABSOLUTE
    matrixssl-3-3-open\matrixssl\cipherSuite.c 0x00000000   Number         0  ciphersuite.o ABSOLUTE
    matrixssl-3-3-open\matrixssl\matrixssl.c 0x00000000   Number         0  matrixssl.o ABSOLUTE
    matrixssl-3-3-open\matrixssl\matrixsslApi.c 0x00000000   Number         0  matrixsslapi.o ABSOLUTE
    matrixssl-3-3-open\matrixssl\sslDecode.c 0x00000000   Number         0  ssldecode.o ABSOLUTE
    matrixssl-3-3-open\matrixssl\sslEncode.c 0x00000000   Number         0  sslencode.o ABSOLUTE
    matrixssl-3-3-open\matrixssl\sslv3.c     0x00000000   Number         0  sslv3.o ABSOLUTE
    matrixssl-3-3-open\matrixssl\tls.c       0x00000000   Number         0  tls.o ABSOLUTE
    start.c                                  0x00000000   Number         0  start.o ABSOLUTE
    startup_stm32f10x_xl.s                   0x00000000   Number         0  startup_stm32f10x_xl.o ABSOLUTE
    stm32f10x_flash.c                        0x00000000   Number         0  stm32f10x_flash.o ABSOLUTE
    stm32f10x_gpio.c                         0x00000000   Number         0  stm32f10x_gpio.o ABSOLUTE
    stm32f10x_it.c                           0x00000000   Number         0  stm32f10x_it.o ABSOLUTE
    stm32f10x_nvic.c                         0x00000000   Number         0  stm32f10x_nvic.o ABSOLUTE
    stm32f10x_rcc.c                          0x00000000   Number         0  stm32f10x_rcc.o ABSOLUTE
    stm32f10x_usart.c                        0x00000000   Number         0  stm32f10x_usart.o ABSOLUTE
    RESET                                    0x08000000   Section      304  startup_stm32f10x_xl.o(RESET)
    .ARM.Collect$$$$00000000                 0x08000130   Section        0  entry.o(.ARM.Collect$$$$00000000)
    .ARM.Collect$$$$00000001                 0x08000130   Section        4  entry2.o(.ARM.Collect$$$$00000001)
    .ARM.Collect$$$$00000004                 0x08000134   Section        4  entry5.o(.ARM.Collect$$$$00000004)
    .ARM.Collect$$$$00000008                 0x08000138   Section        0  entry7b.o(.ARM.Collect$$$$00000008)
    .ARM.Collect$$$$00000009                 0x08000138   Section        8  entry8.o(.ARM.Collect$$$$00000009)
    .ARM.Collect$$$$00002712                 0x08000140   Section        4  entry2.o(.ARM.Collect$$$$00002712)
    __lit__00000000                          0x08000140   Data           4  entry2.o(.ARM.Collect$$$$00002712)
    .text                                    0x08000144   Section        0  main.o(.text)
    freeSessionAndConnection                 0x08000147   Thumb Code    28  main.o(.text)
    exchangeAppData                          0x08000163   Thumb Code   190  main.o(.text)
    performHandshake                         0x08000221   Thumb Code   172  main.o(.text)
    initializeChangeCipherReHandshake        0x080002cd   Thumb Code    26  main.o(.text)
    initializeUpgradeKeysReHandshake         0x080002e7   Thumb Code    28  main.o(.text)
    clnCertCheckerUpdate                     0x08000303   Thumb Code     6  main.o(.text)
    initializeUpgradeCertCbackReHandshake    0x08000309   Thumb Code    24  main.o(.text)
    initializeServerInitiatedResumedReHandshake 0x08000321   Thumb Code    24  main.o(.text)
    initializeResumedReHandshake             0x08000339   Thumb Code    24  main.o(.text)
    initializeServerInitiatedReHandshake     0x08000351   Thumb Code    24  main.o(.text)
    clnCertChecker                           0x08000369   Thumb Code     6  main.o(.text)
    initializeResumedHandshake               0x0800036f   Thumb Code    86  main.o(.text)
    initializeReHandshake                    0x080003c5   Thumb Code    24  main.o(.text)
    initializeClient                         0x080003dd   Thumb Code   124  main.o(.text)
    initializeServer                         0x08000459   Thumb Code   116  main.o(.text)
    initializeHandshake                      0x080004cd   Thumb Code    68  main.o(.text)
    .text                                    0x08000f74   Section        0  start.o(.text)
    .text                                    0x08001150   Section        0  stm32f10x_it.o(.text)
    .text                                    0x080011e4   Section       36  startup_stm32f10x_xl.o(.text)
    .text                                    0x08001208   Section        0  matrixsslloadrsakeysmemtest.o(.text)
    .text                                    0x080012ec   Section        0  noos.o(.text)
    SeedRandom                               0x080012ed   Thumb Code     6  noos.o(.text)
    GetRandom                                0x080012f3   Thumb Code    56  noos.o(.text)
    .text                                    0x0800143c   Section        0  matrixssl.o(.text)
    verifyReadKeys                           0x080014c9   Thumb Code   144  matrixssl.o(.text)
    matrixSslLoadKeyMaterialMem              0x08001559   Thumb Code   238  matrixssl.o(.text)
    .text                                    0x080021c8   Section        0  matrixsslapi.o(.text)
    revertToDefaultBufsize                   0x08002987   Thumb Code   120  matrixsslapi.o(.text)
    .text                                    0x080035a4   Section        0  md5.o(.text)
    md5_compress                             0x080035a5   Thumb Code   474  md5.o(.text)
    .text                                    0x08003a34   Section        0  sha1.o(.text)
    sha1_compress                            0x08003a35   Thumb Code   514  sha1.o(.text)
    .text                                    0x08003efc   Section        0  x509.o(.text)
    parseGeneralNames                        0x08003f97   Thumb Code   348  x509.o(.text)
    lookupExt                                0x080040f3   Thumb Code    82  x509.o(.text)
    getExplicitExtensions                    0x08004145   Thumb Code   802  x509.o(.text)
    getImplicitBitString                     0x08004467   Thumb Code   154  x509.o(.text)
    getValidity                              0x080047f1   Thumb Code   324  x509.o(.text)
    getSerialNum                             0x08004935   Thumb Code   130  x509.o(.text)
    getExplicitVersion                       0x080049b7   Thumb Code   106  x509.o(.text)
    x509ConfirmSignature                     0x08004ed3   Thumb Code   250  x509.o(.text)
    .text                                    0x0800519c   Section        0  pstm.o(.text)
    pstm_mul_2d                              0x080054dd   Thumb Code   188  pstm.o(.text)
    s_pstm_add                               0x080058f5   Thumb Code   320  pstm.o(.text)
    pstm_mod_2d                              0x08005bb1   Thumb Code   166  pstm.o(.text)
    pstm_exch                                0x08006393   Thumb Code    28  pstm.o(.text)
    pstm_reverse                             0x08006e73   Thumb Code    28  pstm.o(.text)
    .text                                    0x08006f44   Section        0  prng.o(.text)
    readRandomData                           0x08006f95   Thumb Code   122  prng.o(.text)
    .text                                    0x08007040   Section        0  pkcs.o(.text)
    .text                                    0x08007770   Section        0  pubkey.o(.text)
    .text                                    0x080077d4   Section        0  ciphersuite.o(.text)
    csNullInit                               0x080077d5   Thumb Code     6  ciphersuite.o(.text)
    csArc4Init                               0x080077db   Thumb Code    68  ciphersuite.o(.text)
    csDes3Init                               0x0800781f   Thumb Code   144  ciphersuite.o(.text)
    csAesInit                                0x080078af   Thumb Code   124  ciphersuite.o(.text)
    csNullEncrypt                            0x0800792b   Thumb Code    32  ciphersuite.o(.text)
    csNullDecrypt                            0x0800794b   Thumb Code    32  ciphersuite.o(.text)
    csNullGenerateMac                        0x0800796b   Thumb Code    10  ciphersuite.o(.text)
    csNullVerifyMac                          0x08007975   Thumb Code    10  ciphersuite.o(.text)
    csShaGenerateMac                         0x0800797f   Thumb Code    72  ciphersuite.o(.text)
    csShaVerifyMac                           0x080079c7   Thumb Code   104  ciphersuite.o(.text)
    csMd5GenerateMac                         0x08007a2f   Thumb Code    72  ciphersuite.o(.text)
    csMd5VerifyMac                           0x08007a77   Thumb Code   100  ciphersuite.o(.text)
    haveCorrectKeyAlg                        0x08007ce9   Thumb Code    28  ciphersuite.o(.text)
    haveKeyMaterial                          0x08007d05   Thumb Code   136  ciphersuite.o(.text)
    .text                                    0x08007edc   Section        0  ssldecode.o(.text)
    parseSSLHandshake                        0x08007edd   Thumb Code  4566  ssldecode.o(.text)
    .text                                    0x080097f8   Section        0  sslencode.o(.text)
    encryptRecord                            0x08009815   Thumb Code   604  sslencode.o(.text)
    writeRecordHeader                        0x08009ac1   Thumb Code   326  sslencode.o(.text)
    writeFinished                            0x08009ef3   Thumb Code   220  sslencode.o(.text)
    writeChangeCipherSpec                    0x08009fcf   Thumb Code   264  sslencode.o(.text)
    writeClientKeyExchange                   0x0800a0d7   Thumb Code   324  sslencode.o(.text)
    writeCertificate                         0x0800a21b   Thumb Code   390  sslencode.o(.text)
    writeAlert                               0x0800a3a1   Thumb Code   152  sslencode.o(.text)
    secureWriteAdditions                     0x0800a439   Thumb Code    72  sslencode.o(.text)
    writeServerHello                         0x0800a481   Thumb Code   728  sslencode.o(.text)
    writeServerHelloDone                     0x0800a759   Thumb Code   130  sslencode.o(.text)
    .text                                    0x0800b120   Section        0  sslv3.o(.text)
    createKeyBlock                           0x0800b121   Thumb Code   412  sslv3.o(.text)
    .text                                    0x0800b5d0   Section        0  tls.o(.text)
    pSha1                                    0x0800b5d1   Thumb Code   214  tls.o(.text)
    pMd5                                     0x0800b6a7   Thumb Code   210  tls.o(.text)
    prf                                      0x0800b779   Thumb Code   132  tls.o(.text)
    .text                                    0x0800bce8   Section        0  hmac.o(.text)
    .text                                    0x0800c040   Section        0  asn1.o(.text)
    .text                                    0x0800c468   Section        0  yarrow.o(.text)
    .text                                    0x0800c6de   Section        0  rsa.o(.text)
    .text                                    0x0800ca40   Section        0  aes.o(.text)
    setup_mix                                0x0800ca41   Thumb Code    58  aes.o(.text)
    setup_mix2                               0x0800ca7b   Thumb Code   150  aes.o(.text)
    .text                                    0x0800d8c4   Section        0  arc4.o(.text)
    .text                                    0x0800d9b0   Section        0  des3.o(.text)
    cookey                                   0x0800d9b1   Thumb Code   150  des3.o(.text)
    deskey                                   0x0800da47   Thumb Code   276  des3.o(.text)
    desfunc                                  0x0800db5b   Thumb Code   414  des3.o(.text)
    .text                                    0x0800e036   Section        0  uldiv.o(.text)
    .text                                    0x0800e098   Section        0  llshl.o(.text)
    .text                                    0x0800e0b6   Section        0  llushr.o(.text)
    .text                                    0x0800e0d6   Section        0  memmovea.o(.text)
    .text                                    0x0800e116   Section        0  memseta.o(.text)
    .text                                    0x0800e13c   Section        0  strlen.o(.text)
    .text                                    0x0800e14c   Section        0  memcmp.o(.text)
    .text                                    0x0800e168   Section       36  init.o(.text)
    .text                                    0x0800e18c   Section        0  __dclz77c.o(.text)
    i.FLASH_PrefetchBufferCmd                0x0800e1ec   Section        0  stm32f10x_flash.o(i.FLASH_PrefetchBufferCmd)
    i.FLASH_SetLatency                       0x0800e204   Section        0  stm32f10x_flash.o(i.FLASH_SetLatency)
    i.GPIO_Init                              0x0800e21c   Section        0  stm32f10x_gpio.o(i.GPIO_Init)
    i.NVIC_SetVectorTable                    0x0800e2b8   Section        0  stm32f10x_nvic.o(i.NVIC_SetVectorTable)
    i.RCC_APB1PeriphClockCmd                 0x0800e2cc   Section        0  stm32f10x_rcc.o(i.RCC_APB1PeriphClockCmd)
    i.RCC_APB2PeriphClockCmd                 0x0800e2e4   Section        0  stm32f10x_rcc.o(i.RCC_APB2PeriphClockCmd)
    i.RCC_DeInit                             0x0800e2fc   Section        0  stm32f10x_rcc.o(i.RCC_DeInit)
    i.RCC_GetClocksFreq                      0x0800e338   Section        0  stm32f10x_rcc.o(i.RCC_GetClocksFreq)
    i.RCC_GetFlagStatus                      0x0800e3d0   Section        0  stm32f10x_rcc.o(i.RCC_GetFlagStatus)
    i.RCC_GetSYSCLKSource                    0x0800e400   Section        0  stm32f10x_rcc.o(i.RCC_GetSYSCLKSource)
    i.RCC_HCLKConfig                         0x0800e410   Section        0  stm32f10x_rcc.o(i.RCC_HCLKConfig)
    i.RCC_HSEConfig                          0x0800e424   Section        0  stm32f10x_rcc.o(i.RCC_HSEConfig)
    i.RCC_PCLK1Config                        0x0800e458   Section        0  stm32f10x_rcc.o(i.RCC_PCLK1Config)
    i.RCC_PCLK2Config                        0x0800e46c   Section        0  stm32f10x_rcc.o(i.RCC_PCLK2Config)
    i.RCC_PLLCmd                             0x0800e480   Section        0  stm32f10x_rcc.o(i.RCC_PLLCmd)
    i.RCC_PLLConfig                          0x0800e48c   Section        0  stm32f10x_rcc.o(i.RCC_PLLConfig)
    i.RCC_SYSCLKConfig                       0x0800e4a0   Section        0  stm32f10x_rcc.o(i.RCC_SYSCLKConfig)
    i.RCC_WaitForHSEStartUp                  0x0800e4b4   Section        0  stm32f10x_rcc.o(i.RCC_WaitForHSEStartUp)
    i.USART_Cmd                              0x0800e4e8   Section        0  stm32f10x_usart.o(i.USART_Cmd)
    i.USART_GetFlagStatus                    0x0800e4fc   Section        0  stm32f10x_usart.o(i.USART_GetFlagStatus)
    i.USART_Init                             0x0800e50c   Section        0  stm32f10x_usart.o(i.USART_Init)
    i.USART_SendData                         0x0800e598   Section        0  stm32f10x_usart.o(i.USART_SendData)
    i.__0fprintf$8                           0x0800e5a0   Section        0  printf8.o(i.__0fprintf$8)
    i.__0printf$8                            0x0800e5bc   Section        0  printf8.o(i.__0printf$8)
    i.__free$realloc                         0x0800e5dc   Section        0  mallocr.o(i.__free$realloc)
    i.__malloc$realloc                       0x0800e638   Section        0  mallocr.o(i.__malloc$realloc)
    i.__scatterload_copy                     0x0800e688   Section       14  handlers.o(i.__scatterload_copy)
    i.__scatterload_null                     0x0800e696   Section        2  handlers.o(i.__scatterload_null)
    i.__scatterload_zeroinit                 0x0800e698   Section       14  handlers.o(i.__scatterload_zeroinit)
    i._printf_core                           0x0800e6a8   Section        0  printf8.o(i._printf_core)
    _printf_core                             0x0800e6a9   Thumb Code  1010  printf8.o(i._printf_core)
    i._printf_post_padding                   0x0800eac8   Section        0  printf8.o(i._printf_post_padding)
    _printf_post_padding                     0x0800eac9   Thumb Code    38  printf8.o(i._printf_post_padding)
    i._printf_pre_padding                    0x0800eaee   Section        0  printf8.o(i._printf_pre_padding)
    _printf_pre_padding                      0x0800eaef   Thumb Code    48  printf8.o(i._printf_pre_padding)
    i.internal_alloc                         0x0800eb20   Section        0  mallocr.o(i.internal_alloc)
    internal_alloc                           0x0800eb21   Thumb Code    68  mallocr.o(i.internal_alloc)
    i.realloc                                0x0800eb68   Section        0  mallocr.o(i.realloc)
    .constdata                               0x0800ebd4   Section       20  stm32f10x_rcc.o(.constdata)
    ADCPrescTable                            0x0800ebd4   Data           4  stm32f10x_rcc.o(.constdata)
    APBAHBPrescTable                         0x0800ebd8   Data          16  stm32f10x_rcc.o(.constdata)
    .constdata                               0x0800ebe8   Section       46  matrixssl.o(.constdata)
    copyright                                0x0800ebe8   Data          46  matrixssl.o(.constdata)
    .constdata                               0x0800ec18   Section      400  md5.o(.constdata)
    Worder                                   0x0800ec18   Data          64  md5.o(.constdata)
    Rorder                                   0x0800ec58   Data          64  md5.o(.constdata)
    Korder                                   0x0800ec98   Data         272  md5.o(.constdata)
    .constdata                               0x0800eda8   Section      160  x509.o(.constdata)
    extTable                                 0x0800eda8   Data         160  x509.o(.constdata)
    .constdata                               0x0800ee48   Section      106  sslv3.o(.constdata)
    SENDER_CLIENT                            0x0800ee48   Data           5  sslv3.o(.constdata)
    SENDER_SERVER                            0x0800ee4d   Data           5  sslv3.o(.constdata)
    pad1                                     0x0800ee52   Data          48  sslv3.o(.constdata)
    pad2                                     0x0800ee82   Data          48  sslv3.o(.constdata)
    .constdata                               0x0800eeb4   Section     4152  aes.o(.constdata)
    TE0                                      0x0800eeb4   Data        1024  aes.o(.constdata)
    Te4                                      0x0800f2b4   Data        1024  aes.o(.constdata)
    TD0                                      0x0800f6b4   Data        1024  aes.o(.constdata)
    Td4                                      0x0800fab4   Data        1040  aes.o(.constdata)
    rcon                                     0x0800fec4   Data          40  aes.o(.constdata)
    .constdata                               0x0800feec   Section     2312  des3.o(.constdata)
    bytebit                                  0x0800feec   Data          32  des3.o(.constdata)
    bigbyte                                  0x0800ff0c   Data          96  des3.o(.constdata)
    pc1                                      0x0800ff6c   Data          56  des3.o(.constdata)
    pc2                                      0x0800ffa4   Data          48  des3.o(.constdata)
    totrot                                   0x0800ffd4   Data          16  des3.o(.constdata)
    SP1                                      0x0800ffe4   Data         256  des3.o(.constdata)
    SP2                                      0x080100e4   Data         256  des3.o(.constdata)
    SP3                                      0x080101e4   Data         256  des3.o(.constdata)
    SP4                                      0x080102e4   Data         256  des3.o(.constdata)
    SP5                                      0x080103e4   Data         256  des3.o(.constdata)
    SP6                                      0x080104e4   Data         256  des3.o(.constdata)
    SP7                                      0x080105e4   Data         256  des3.o(.constdata)
    SP8                                      0x080106e4   Data         272  des3.o(.constdata)
    .conststring                             0x080107f4   Section       65  sslv3.o(.conststring)
    .data                                    0x20000000   Section     2376  main.o(.data)
    ciphers                                  0x20000798   Data         432  main.o(.data)
    .data                                    0x20000948   Section        1  start.o(.data)
    .data                                    0x2000094c   Section     1956  matrixsslloadrsakeysmemtest.o(.data)
    .data                                    0x200010f0   Section        8  stm32f10x_rcc.o(.data)
    HSEStatus                                0x200010f0   Data           1  stm32f10x_rcc.o(.data)
    StartUpCounter                           0x200010f4   Data           4  stm32f10x_rcc.o(.data)
    .data                                    0x200010f8   Section       12  noos.o(.data)
    g_ulSeconds                              0x200010f8   Data           4  noos.o(.data)
    g_ulClockRate                            0x200010fc   Data           4  noos.o(.data)
    g_ulRandRegister                         0x20001100   Data           4  noos.o(.data)
    .data                                    0x20001104   Section      192  ciphersuite.o(.data)
    supportedCiphers                         0x20001104   Data         192  ciphersuite.o(.data)
    .data                                    0x200011c4   Section       40  sslv3.o(.data)
    salt                                     0x200011c4   Data          40  sslv3.o(.data)
    .data                                    0x200011ec   Section        4  stderr.o(.data)
    .data                                    0x200011f0   Section        4  stdout.o(.data)
    .data                                    0x200011f4   Section        4  mvars.o(.data)
    .data                                    0x200011f8   Section        4  mvars.o(.data)
    .bss                                     0x200011fc   Section       84  main.o(.bss)
    clientSessionId                          0x200011fc   Data          84  main.o(.bss)
    .bss                                     0x20001250   Section       16  matrixsslloadrsakeysmemtest.o(.bss)
    .bss                                     0x20001260   Section     1456  matrixssl.o(.bss)
    sessionTable                             0x20001260   Data         864  matrixssl.o(.bss)
    gMatrixsslPrng                           0x200015c0   Data         592  matrixssl.o(.bss)
    HEAP                                     0x20001810   Section    32768  startup_stm32f10x_xl.o(HEAP)
    STACK                                    0x20009810   Section     1024  startup_stm32f10x_xl.o(STACK)

    Global Symbols

    Symbol Name                              Value     Ov Type        Size  Object(Section)

    BuildAttributes$$THM_ISAv4$P$D$K$B$S$PE$A:L22UL41UL21$X:L11$S22US41US21$IEEE1$IW$USESV6$~STKCKD$USESV7$~SHL$OSPACE$ROPI$EBA8$MICROLIB$REQ8$PRES8$EABIv2 0x00000000   Number         0  anon$$obj.o ABSOLUTE
    __ARM_use_no_argv                        0x00000000   Number         0  start.o ABSOLUTE
    _printf_a                                0x00000000   Number         0  stubs.o ABSOLUTE
    _printf_c                                0x00000000   Number         0  stubs.o ABSOLUTE
    _printf_charcount                        0x00000000   Number         0  stubs.o ABSOLUTE
    _printf_d                                0x00000000   Number         0  stubs.o ABSOLUTE
    _printf_e                                0x00000000   Number         0  stubs.o ABSOLUTE
    _printf_f                                0x00000000   Number         0  stubs.o ABSOLUTE
    _printf_flags                            0x00000000   Number         0  stubs.o ABSOLUTE
    _printf_fp_dec                           0x00000000   Number         0  stubs.o ABSOLUTE
    _printf_fp_hex                           0x00000000   Number         0  stubs.o ABSOLUTE
    _printf_g                                0x00000000   Number         0  stubs.o ABSOLUTE
    _printf_i                                0x00000000   Number         0  stubs.o ABSOLUTE
    _printf_int_dec                          0x00000000   Number         0  stubs.o ABSOLUTE
    _printf_l                                0x00000000   Number         0  stubs.o ABSOLUTE
    _printf_lc                               0x00000000   Number         0  stubs.o ABSOLUTE
    _printf_ll                               0x00000000   Number         0  stubs.o ABSOLUTE
    _printf_lld                              0x00000000   Number         0  stubs.o ABSOLUTE
    _printf_lli                              0x00000000   Number         0  stubs.o ABSOLUTE
    _printf_llo                              0x00000000   Number         0  stubs.o ABSOLUTE
    _printf_llu                              0x00000000   Number         0  stubs.o ABSOLUTE
    _printf_llx                              0x00000000   Number         0  stubs.o ABSOLUTE
    _printf_longlong_dec                     0x00000000   Number         0  stubs.o ABSOLUTE
    _printf_longlong_hex                     0x00000000   Number         0  stubs.o ABSOLUTE
    _printf_longlong_oct                     0x00000000   Number         0  stubs.o ABSOLUTE
    _printf_ls                               0x00000000   Number         0  stubs.o ABSOLUTE
    _printf_mbtowc                           0x00000000   Number         0  stubs.o ABSOLUTE
    _printf_n                                0x00000000   Number         0  stubs.o ABSOLUTE
    _printf_o                                0x00000000   Number         0  stubs.o ABSOLUTE
    _printf_p                                0x00000000   Number         0  stubs.o ABSOLUTE
    _printf_percent                          0x00000000   Number         0  stubs.o ABSOLUTE
    _printf_pre_padding                      0x00000000   Number         0  stubs.o ABSOLUTE
    _printf_return_value                     0x00000000   Number         0  stubs.o ABSOLUTE
    _printf_s                                0x00000000   Number         0  stubs.o ABSOLUTE
    _printf_sizespec                         0x00000000   Number         0  stubs.o ABSOLUTE
    _printf_str                              0x00000000   Number         0  stubs.o ABSOLUTE
    _printf_truncate_signed                  0x00000000   Number         0  stubs.o ABSOLUTE
    _printf_truncate_unsigned                0x00000000   Number         0  stubs.o ABSOLUTE
    _printf_u                                0x00000000   Number         0  stubs.o ABSOLUTE
    _printf_wc                               0x00000000   Number         0  stubs.o ABSOLUTE
    _printf_wctomb                           0x00000000   Number         0  stubs.o ABSOLUTE
    _printf_widthprec                        0x00000000   Number         0  stubs.o ABSOLUTE
    _printf_x                                0x00000000   Number         0  stubs.o ABSOLUTE
    _clock_init                               - Undefined Weak Reference
    __Vectors_Size                           0x00000130   Number         0  startup_stm32f10x_xl.o ABSOLUTE
    __Vectors                                0x08000000   Data           4  startup_stm32f10x_xl.o(RESET)
    __Vectors_End                            0x08000130   Data           0  startup_stm32f10x_xl.o(RESET)
    __main                                   0x08000131   Thumb Code     0  entry.o(.ARM.Collect$$$$00000000)
    _main_stk                                0x08000131   Thumb Code     0  entry2.o(.ARM.Collect$$$$00000001)
    _main_scatterload                        0x08000135   Thumb Code     0  entry5.o(.ARM.Collect$$$$00000004)
    __main_after_scatterload                 0x08000139   Thumb Code     0  entry5.o(.ARM.Collect$$$$00000004)
    _main_clock                              0x08000139   Thumb Code     0  entry7b.o(.ARM.Collect$$$$00000008)
    _main_init                               0x08000139   Thumb Code     0  entry8.o(.ARM.Collect$$$$00000009)
    SystemInit                               0x08000145   Thumb Code     2  main.o(.text)
    mainSSLTest                              0x08000511   Thumb Code  2364  main.o(.text)
    USART_Configuration                      0x08000f75   Thumb Code    50  start.o(.text)
    GPIO_Configuration                       0x08000fa7   Thumb Code    50  start.o(.text)
    NVIC_Configuration                       0x08000fd9   Thumb Code    14  start.o(.text)
    RCC_Configuration                        0x08000fe7   Thumb Code   126  start.o(.text)
    main                                     0x08001065   Thumb Code    70  start.o(.text)
    fputc                                    0x080010ab   Thumb Code    58  start.o(.text)
    NMIException                             0x08001151   Thumb Code     2  stm32f10x_it.o(.text)
    NMI_Handler                              0x08001151   Thumb Code     0  stm32f10x_it.o(.text)
    HardFaultException                       0x08001153   Thumb Code     4  stm32f10x_it.o(.text)
    HardFault_Handler                        0x08001153   Thumb Code     0  stm32f10x_it.o(.text)
    MemManageException                       0x08001157   Thumb Code     4  stm32f10x_it.o(.text)
    MemManage_Handler                        0x08001157   Thumb Code     0  stm32f10x_it.o(.text)
    BusFaultException                        0x0800115b   Thumb Code     4  stm32f10x_it.o(.text)
    BusFault_Handler                         0x0800115b   Thumb Code     0  stm32f10x_it.o(.text)
    UsageFaultException                      0x0800115f   Thumb Code     4  stm32f10x_it.o(.text)
    UsageFault_Handler                       0x0800115f   Thumb Code     0  stm32f10x_it.o(.text)
    DebugMon_Handler                         0x08001163   Thumb Code     0  stm32f10x_it.o(.text)
    DebugMonitor                             0x08001163   Thumb Code     2  stm32f10x_it.o(.text)
    SVCHandler                               0x08001165   Thumb Code     2  stm32f10x_it.o(.text)
    SVC_Handler                              0x08001165   Thumb Code     0  stm32f10x_it.o(.text)
    PendSVC                                  0x08001167   Thumb Code     2  stm32f10x_it.o(.text)
    PendSV_Handler                           0x08001167   Thumb Code     0  stm32f10x_it.o(.text)
    SysTickHandler                           0x08001169   Thumb Code     2  stm32f10x_it.o(.text)
    SysTick_Handler                          0x08001169   Thumb Code     0  stm32f10x_it.o(.text)
    WWDG_IRQHandler                          0x0800116b   Thumb Code     2  stm32f10x_it.o(.text)
    PVD_IRQHandler                           0x0800116d   Thumb Code     2  stm32f10x_it.o(.text)
    TAMPER_IRQHandler                        0x0800116f   Thumb Code     2  stm32f10x_it.o(.text)
    RTC_IRQHandler                           0x08001171   Thumb Code     2  stm32f10x_it.o(.text)
    FLASH_IRQHandler                         0x08001173   Thumb Code     2  stm32f10x_it.o(.text)
    RCC_IRQHandler                           0x08001175   Thumb Code     2  stm32f10x_it.o(.text)
    EXTI0_IRQHandler                         0x08001177   Thumb Code     2  stm32f10x_it.o(.text)
    EXTI1_IRQHandler                         0x08001179   Thumb Code     2  stm32f10x_it.o(.text)
    EXTI2_IRQHandler                         0x0800117b   Thumb Code     2  stm32f10x_it.o(.text)
    EXTI3_IRQHandler                         0x0800117d   Thumb Code     2  stm32f10x_it.o(.text)
    EXTI4_IRQHandler                         0x0800117f   Thumb Code     2  stm32f10x_it.o(.text)
    DMA1_Channel1_IRQHandler                 0x08001181   Thumb Code     2  stm32f10x_it.o(.text)
    DMA1_Channel2_IRQHandler                 0x08001183   Thumb Code     2  stm32f10x_it.o(.text)
    DMA1_Channel3_IRQHandler                 0x08001185   Thumb Code     2  stm32f10x_it.o(.text)
    DMA1_Channel4_IRQHandler                 0x08001187   Thumb Code     2  stm32f10x_it.o(.text)
    DMA1_Channel5_IRQHandler                 0x08001189   Thumb Code     2  stm32f10x_it.o(.text)
    DMA1_Channel6_IRQHandler                 0x0800118b   Thumb Code     2  stm32f10x_it.o(.text)
    DMA1_Channel7_IRQHandler                 0x0800118d   Thumb Code     2  stm32f10x_it.o(.text)
    ADC1_2_IRQHandler                        0x0800118f   Thumb Code     2  stm32f10x_it.o(.text)
    USB_HP_CAN_TX_IRQHandler                 0x08001191   Thumb Code     2  stm32f10x_it.o(.text)
    USB_LP_CAN_RX0_IRQHandler                0x08001193   Thumb Code     2  stm32f10x_it.o(.text)
    CAN_RX1_IRQHandler                       0x08001195   Thumb Code     2  stm32f10x_it.o(.text)
    CAN_SCE_IRQHandler                       0x08001197   Thumb Code     2  stm32f10x_it.o(.text)
    EXTI9_5_IRQHandler                       0x08001199   Thumb Code     2  stm32f10x_it.o(.text)
    TIM1_BRK_IRQHandler                      0x0800119b   Thumb Code     2  stm32f10x_it.o(.text)
    TIM1_UP_IRQHandler                       0x0800119d   Thumb Code     2  stm32f10x_it.o(.text)
    TIM1_TRG_COM_IRQHandler                  0x0800119f   Thumb Code     2  stm32f10x_it.o(.text)
    TIM1_CC_IRQHandler                       0x080011a1   Thumb Code     2  stm32f10x_it.o(.text)
    TIM2_IRQHandler                          0x080011a3   Thumb Code     2  stm32f10x_it.o(.text)
    TIM3_IRQHandler                          0x080011a5   Thumb Code     2  stm32f10x_it.o(.text)
    TIM4_IRQHandler                          0x080011a7   Thumb Code     2  stm32f10x_it.o(.text)
    I2C1_EV_IRQHandler                       0x080011a9   Thumb Code     2  stm32f10x_it.o(.text)
    I2C1_ER_IRQHandler                       0x080011ab   Thumb Code     2  stm32f10x_it.o(.text)
    I2C2_EV_IRQHandler                       0x080011ad   Thumb Code     2  stm32f10x_it.o(.text)
    I2C2_ER_IRQHandler                       0x080011af   Thumb Code     2  stm32f10x_it.o(.text)
    SPI1_IRQHandler                          0x080011b1   Thumb Code     2  stm32f10x_it.o(.text)
    SPI2_IRQHandler                          0x080011b3   Thumb Code     2  stm32f10x_it.o(.text)
    USART1_IRQHandler                        0x080011b5   Thumb Code     2  stm32f10x_it.o(.text)
    USART2_IRQHandler                        0x080011b7   Thumb Code     2  stm32f10x_it.o(.text)
    USART3_IRQHandler                        0x080011b9   Thumb Code     2  stm32f10x_it.o(.text)
    EXTI15_10_IRQHandler                     0x080011bb   Thumb Code     2  stm32f10x_it.o(.text)
    RTCAlarm_IRQHandler                      0x080011bd   Thumb Code     2  stm32f10x_it.o(.text)
    USBWakeUp_IRQHandler                     0x080011bf   Thumb Code     2  stm32f10x_it.o(.text)
    TIM8_BRK_IRQHandler                      0x080011c1   Thumb Code     2  stm32f10x_it.o(.text)
    TIM8_UP_IRQHandler                       0x080011c3   Thumb Code     2  stm32f10x_it.o(.text)
    TIM8_TRG_COM_IRQHandler                  0x080011c5   Thumb Code     2  stm32f10x_it.o(.text)
    TIM8_CC_IRQHandler                       0x080011c7   Thumb Code     2  stm32f10x_it.o(.text)
    ADC3_IRQHandler                          0x080011c9   Thumb Code     2  stm32f10x_it.o(.text)
    FSMC_IRQHandler                          0x080011cb   Thumb Code     2  stm32f10x_it.o(.text)
    SDIO_IRQHandler                          0x080011cd   Thumb Code     2  stm32f10x_it.o(.text)
    TIM5_IRQHandler                          0x080011cf   Thumb Code     2  stm32f10x_it.o(.text)
    SPI3_IRQHandler                          0x080011d1   Thumb Code     2  stm32f10x_it.o(.text)
    UART4_IRQHandler                         0x080011d3   Thumb Code     2  stm32f10x_it.o(.text)
    UART5_IRQHandler                         0x080011d5   Thumb Code     2  stm32f10x_it.o(.text)
    TIM6_IRQHandler                          0x080011d7   Thumb Code     2  stm32f10x_it.o(.text)
    TIM7_IRQHandler                          0x080011d9   Thumb Code     2  stm32f10x_it.o(.text)
    DMA2_Channel1_IRQHandler                 0x080011db   Thumb Code     2  stm32f10x_it.o(.text)
    DMA2_Channel2_IRQHandler                 0x080011dd   Thumb Code     2  stm32f10x_it.o(.text)
    DMA2_Channel3_IRQHandler                 0x080011df   Thumb Code     2  stm32f10x_it.o(.text)
    DMA2_Channel4_5_IRQHandler               0x080011e1   Thumb Code     2  stm32f10x_it.o(.text)
    Reset_Handler                            0x080011e5   Thumb Code     8  startup_stm32f10x_xl.o(.text)
    CAN1_RX1_IRQHandler                      0x080011ff   Thumb Code     0  startup_stm32f10x_xl.o(.text)
    CAN1_SCE_IRQHandler                      0x080011ff   Thumb Code     0  startup_stm32f10x_xl.o(.text)
    TIM1_BRK_TIM9_IRQHandler                 0x080011ff   Thumb Code     0  startup_stm32f10x_xl.o(.text)
    TIM1_TRG_COM_TIM11_IRQHandler            0x080011ff   Thumb Code     0  startup_stm32f10x_xl.o(.text)
    TIM1_UP_TIM10_IRQHandler                 0x080011ff   Thumb Code     0  startup_stm32f10x_xl.o(.text)
    TIM8_BRK_TIM12_IRQHandler                0x080011ff   Thumb Code     0  startup_stm32f10x_xl.o(.text)
    TIM8_TRG_COM_TIM14_IRQHandler            0x080011ff   Thumb Code     0  startup_stm32f10x_xl.o(.text)
    TIM8_UP_TIM13_IRQHandler                 0x080011ff   Thumb Code     0  startup_stm32f10x_xl.o(.text)
    USB_HP_CAN1_TX_IRQHandler                0x080011ff   Thumb Code     0  startup_stm32f10x_xl.o(.text)
    USB_LP_CAN1_RX0_IRQHandler               0x080011ff   Thumb Code     0  startup_stm32f10x_xl.o(.text)
    matrixSslLoadRsaKeysMemTest              0x08001209   Thumb Code    88  matrixsslloadrsakeysmemtest.o(.text)
    SslTimerIntHandler                       0x0800132b   Thumb Code     2  noos.o(.text)
    abort                                    0x0800132d   Thumb Code     4  noos.o(.text)
    NoOSTime                                 0x08001331   Thumb Code    18  noos.o(.text)
    sslSetHardwareTimer                      0x08001343   Thumb Code     2  noos.o(.text)
    sslOpenOsdep                             0x08001345   Thumb Code    14  noos.o(.text)
    sslCloseOsdep                            0x08001353   Thumb Code     4  noos.o(.text)
    sslGetEntropy                            0x08001357   Thumb Code    32  noos.o(.text)
    _psTrace                                 0x08001377   Thumb Code    12  noos.o(.text)
    _psTraceStr                              0x08001383   Thumb Code    26  noos.o(.text)
    psBreak                                  0x0800139d   Thumb Code     2  noos.o(.text)
    psGetTime                                0x0800139f   Thumb Code    14  noos.o(.text)
    psDiffMsecs                              0x080013ad   Thumb Code    82  noos.o(.text)
    psCompareTime                            0x080013ff   Thumb Code    36  noos.o(.text)
    psCoreOpen                               0x08001423   Thumb Code     2  noos.o(.text)
    psCoreClose                              0x08001425   Thumb Code     2  noos.o(.text)
    matrixSslOpen                            0x0800143d   Thumb Code    50  matrixssl.o(.text)
    matrixSslGetPrngData                     0x0800146f   Thumb Code    22  matrixssl.o(.text)
    matrixSslClose                           0x08001485   Thumb Code    28  matrixssl.o(.text)
    matrixSslNewKeys                         0x080014a1   Thumb Code    40  matrixssl.o(.text)
    matrixSslLoadRsaKeysMem                  0x08001647   Thumb Code    46  matrixssl.o(.text)
    matrixSslDeleteKeys                      0x08001675   Thumb Code    48  matrixssl.o(.text)
    sslActivateWriteCipher                   0x080016a5   Thumb Code   206  matrixssl.o(.text)
    sslActivateReadCipher                    0x08001773   Thumb Code   220  matrixssl.o(.text)
    matrixSslNewSession                      0x0800184f   Thumb Code   406  matrixssl.o(.text)
    matrixUpdateSession                      0x080019e5   Thumb Code   228  matrixssl.o(.text)
    matrixSslDeleteSession                   0x08001ac9   Thumb Code   130  matrixssl.o(.text)
    matrixClearSession                       0x08001b4b   Thumb Code   154  matrixssl.o(.text)
    matrixSslSetSessionOption                0x08001be5   Thumb Code    50  matrixssl.o(.text)
    matrixSslGetAnonStatus                   0x08001c17   Thumb Code     8  matrixssl.o(.text)
    matrixSslHandshakeIsComplete             0x08001c1f   Thumb Code    20  matrixssl.o(.text)
    matrixSslSetCertValidator                0x08001c33   Thumb Code    10  matrixssl.o(.text)
    sslInitHSHash                            0x08001c3d   Thumb Code    24  matrixssl.o(.text)
    sslUpdateHSHash                          0x08001c55   Thumb Code    36  matrixssl.o(.text)
    sslSnapshotHSHash                        0x08001c79   Thumb Code    94  matrixssl.o(.text)
    sslCreateKeys                            0x08001cd7   Thumb Code    32  matrixssl.o(.text)
    matrixRegisterSession                    0x08001cf7   Thumb Code   466  matrixssl.o(.text)
    matrixResumeSession                      0x08001ec9   Thumb Code   356  matrixssl.o(.text)
    matrixSslGetSessionId                    0x0800202d   Thumb Code   106  matrixssl.o(.text)
    sslResetContext                          0x08002097   Thumb Code    38  matrixssl.o(.text)
    matrixValidateCerts                      0x080020bd   Thumb Code   218  matrixssl.o(.text)
    matrixUserCertValidator                  0x08002197   Thumb Code    40  matrixssl.o(.text)
    matrixSslNewClientSession                0x080021c9   Thumb Code   274  matrixsslapi.o(.text)
    matrixSslNewServerSession                0x080022db   Thumb Code    98  matrixsslapi.o(.text)
    matrixSslGetReadbuf                      0x0800233d   Thumb Code    90  matrixsslapi.o(.text)
    matrixSslGetOutdata                      0x08002397   Thumb Code    74  matrixsslapi.o(.text)
    matrixSslGetWritebuf                     0x080023e1   Thumb Code   574  matrixsslapi.o(.text)
    matrixSslEncodeWritebuf                  0x0800261f   Thumb Code   582  matrixsslapi.o(.text)
    matrixSslEncodeToOutdata                 0x08002865   Thumb Code   290  matrixsslapi.o(.text)
    matrixSslReceivedData                    0x080029ff   Thumb Code  1780  matrixsslapi.o(.text)
    matrixSslProcessedData                   0x080030f3   Thumb Code   168  matrixsslapi.o(.text)
    matrixSslEncodeClosureAlert              0x0800319b   Thumb Code   242  matrixsslapi.o(.text)
    matrixSslEncodeRehandshake               0x0800328d   Thumb Code   544  matrixsslapi.o(.text)
    matrixSslAddRehandshakeCredits           0x080034ad   Thumb Code    30  matrixsslapi.o(.text)
    matrixSslSentData                        0x080034cb   Thumb Code   214  matrixsslapi.o(.text)
    psMd5Init                                0x0800377f   Thumb Code    56  md5.o(.text)
    psMd5Update                              0x080037b7   Thumb Code   146  md5.o(.text)
    psMd5Final                               0x08003849   Thumb Code   492  md5.o(.text)
    psSha1Init                               0x08003c37   Thumb Code    60  sha1.o(.text)
    psSha1Update                             0x08003c73   Thumb Code   142  sha1.o(.text)
    psSha1Final                              0x08003d01   Thumb Code   506  sha1.o(.text)
    psX509GetSignature                       0x08003efd   Thumb Code   154  x509.o(.text)
    psX509GetDNAttributes                    0x08004501   Thumb Code   752  x509.o(.text)
    psX509ParseCert                          0x08004a21   Thumb Code   906  x509.o(.text)
    psX509FreeDNStruct                       0x08004dab   Thumb Code    76  x509.o(.text)
    psX509FreeCert                           0x08004df7   Thumb Code   220  x509.o(.text)
    psX509AuthenticateCert                   0x08004fcd   Thumb Code   432  x509.o(.text)
    pstm_init_size                           0x0800519d   Thumb Code    66  pstm.o(.text)
    pstm_init                                0x080051df   Thumb Code    60  pstm.o(.text)
    pstm_grow                                0x0800521b   Thumb Code    70  pstm.o(.text)
    pstm_copy                                0x08005261   Thumb Code    98  pstm.o(.text)
    pstm_clamp                               0x080052c3   Thumb Code    44  pstm.o(.text)
    pstm_clear                               0x080052ef   Thumb Code    48  pstm.o(.text)
    pstm_clear_multi                         0x0800531f   Thumb Code    80  pstm.o(.text)
    pstm_zero                                0x0800536f   Thumb Code    28  pstm.o(.text)
    pstm_cmp_mag                             0x0800538b   Thumb Code   112  pstm.o(.text)
    pstm_cmp                                 0x080053fb   Thumb Code    58  pstm.o(.text)
    pstm_init_for_read_unsigned_bin          0x08005435   Thumb Code    34  pstm.o(.text)
    pstm_lshd                                0x08005457   Thumb Code   134  pstm.o(.text)
    pstm_read_unsigned_bin                   0x08005599   Thumb Code   116  pstm.o(.text)
    pstm_count_bits                          0x0800560d   Thumb Code    48  pstm.o(.text)
    pstm_unsigned_bin_size                   0x0800563d   Thumb Code    38  pstm.o(.text)
    pstm_set                                 0x08005663   Thumb Code    32  pstm.o(.text)
    pstm_rshd                                0x08005683   Thumb Code    94  pstm.o(.text)
    pstm_2expt                               0x080056e1   Thumb Code   106  pstm.o(.text)
    pstm_mul_2                               0x0800574b   Thumb Code   186  pstm.o(.text)
    s_pstm_sub                               0x08005805   Thumb Code   240  pstm.o(.text)
    pstm_sub                                 0x08005a35   Thumb Code   108  pstm.o(.text)
    pstm_sub_d                               0x08005aa1   Thumb Code    62  pstm.o(.text)
    pstm_montgomery_setup                    0x08005adf   Thumb Code    72  pstm.o(.text)
    pstm_montgomery_calc_normalization       0x08005b27   Thumb Code   138  pstm.o(.text)
    pstm_mul_d                               0x08005c57   Thumb Code   200  pstm.o(.text)
    pstm_div_2d                              0x08005d1f   Thumb Code   254  pstm.o(.text)
    pstm_div_2                               0x08005e1d   Thumb Code   186  pstm.o(.text)
    pstm_init_copy                           0x08005ed7   Thumb Code    82  pstm.o(.text)
    pstm_add                                 0x08005f29   Thumb Code   106  pstm.o(.text)
    pstm_div                                 0x08005f93   Thumb Code  1024  pstm.o(.text)
    pstm_mod                                 0x080063af   Thumb Code   114  pstm.o(.text)
    pstm_mul_comba                           0x08006421   Thumb Code   438  pstm.o(.text)
    pstm_mulmod                              0x080065d7   Thumb Code   126  pstm.o(.text)
    pstm_montgomery_reduce                   0x08006655   Thumb Code   390  pstm.o(.text)
    pstm_sqr_comba                           0x080067db   Thumb Code   632  pstm.o(.text)
    pstm_exptmod                             0x08006a53   Thumb Code  1056  pstm.o(.text)
    pstm_to_unsigned_bin                     0x08006e8f   Thumb Code   120  pstm.o(.text)
    pstm_cmp_d                               0x08006f07   Thumb Code    62  pstm.o(.text)
    psInitPrng                               0x08006f45   Thumb Code    80  prng.o(.text)
    psGetPrng                                0x0800700f   Thumb Code    48  prng.o(.text)
    pkcs1Pad                                 0x08007041   Thumb Code   132  pkcs.o(.text)
    pkcs1Unpad                               0x080070c5   Thumb Code   112  pkcs.o(.text)
    pkcs1ParsePrivBin                        0x08007135   Thumb Code   310  pkcs.o(.text)
    pkcs5pbkdf2                              0x0800726b   Thumb Code   262  pkcs.o(.text)
    pkcs8ParsePrivBin                        0x08007371   Thumb Code   842  pkcs.o(.text)
    pkcs5pbkdf1                              0x080076bb   Thumb Code   164  pkcs.o(.text)
    psNewPubKey                              0x08007771   Thumb Code    60  pubkey.o(.text)
    psFreePubKey                             0x080077ad   Thumb Code    38  pubkey.o(.text)
    csRsaEncryptPub                          0x08007adb   Thumb Code    64  ciphersuite.o(.text)
    csRsaDecryptPub                          0x08007b1b   Thumb Code    64  ciphersuite.o(.text)
    csRsaEncryptPriv                         0x08007b5b   Thumb Code    14  ciphersuite.o(.text)
    csRsaDecryptPriv                         0x08007b69   Thumb Code    64  ciphersuite.o(.text)
    matrixSslSetCipherSuiteEnabledStatus     0x08007ba9   Thumb Code   320  ciphersuite.o(.text)
    sslGetCipherSpec                         0x08007d8d   Thumb Code   120  ciphersuite.o(.text)
    sslGetCipherSpecList                     0x08007e05   Thumb Code   160  ciphersuite.o(.text)
    sslGetCipherSpecListLen                  0x08007ea5   Thumb Code    52  ciphersuite.o(.text)
    matrixSslDecode                          0x080090b3   Thumb Code  1796  ssldecode.o(.text)
    sslWritePad                              0x080097f9   Thumb Code    28  sslencode.o(.text)
    psWriteHandshakeHeader                   0x08009a71   Thumb Code    36  sslencode.o(.text)
    psWriteRecordInfo                        0x08009a95   Thumb Code    44  sslencode.o(.text)
    matrixSslEncode                          0x08009c07   Thumb Code   508  sslencode.o(.text)
    matrixSslGetEncodedSize                  0x08009e03   Thumb Code   240  sslencode.o(.text)
    sslEncodeResponse                        0x0800a7db   Thumb Code  1094  sslencode.o(.text)
    sslEncodeClosureAlert                    0x0800ac21   Thumb Code    42  sslencode.o(.text)
    matrixSslEncodeHelloRequest              0x0800ac4b   Thumb Code   206  sslencode.o(.text)
    matrixSslEncodeClientHello               0x0800ad19   Thumb Code  1032  sslencode.o(.text)
    sslDeriveKeys                            0x0800b2bd   Thumb Code   192  sslv3.o(.text)
    sslGenerateFinishedHash                  0x0800b37d   Thumb Code   222  sslv3.o(.text)
    ssl3HMACSha1                             0x0800b45b   Thumb Code   174  sslv3.o(.text)
    ssl3HMACMd5                              0x0800b509   Thumb Code   196  sslv3.o(.text)
    tlsDeriveKeys                            0x0800b7fd   Thumb Code   404  tls.o(.text)
    tlsHMACSha1                              0x0800b991   Thumb Code   306  tls.o(.text)
    tlsHMACMd5                               0x0800bac3   Thumb Code   162  tls.o(.text)
    tlsGenerateFinishedHash                  0x0800bb65   Thumb Code   112  tls.o(.text)
    matrixSslNewHelloExtension               0x0800bbd5   Thumb Code    38  tls.o(.text)
    matrixSslDeleteHelloExtension            0x0800bbfb   Thumb Code    58  tls.o(.text)
    matrixSslLoadHelloExtension              0x0800bc35   Thumb Code   146  tls.o(.text)
    psHmacMd5Final                           0x0800bce9   Thumb Code   100  hmac.o(.text)
    psHmacMd5Update                          0x0800bd4d   Thumb Code    46  hmac.o(.text)
    psHmacMd5Init                            0x0800bd7b   Thumb Code   118  hmac.o(.text)
    psHmacMd5                                0x0800bdf1   Thumb Code   104  hmac.o(.text)
    psHmacSha1Final                          0x0800be59   Thumb Code   100  hmac.o(.text)
    psHmacSha1Update                         0x0800bebd   Thumb Code    46  hmac.o(.text)
    psHmacSha1Init                           0x0800beeb   Thumb Code   118  hmac.o(.text)
    psHmacSha1                               0x0800bf61   Thumb Code   104  hmac.o(.text)
    getAsnLength                             0x0800c041   Thumb Code   126  asn1.o(.text)
    getAsnBig                                0x0800c0bf   Thumb Code   118  asn1.o(.text)
    getAsnSequence                           0x0800c135   Thumb Code    66  asn1.o(.text)
    getAsnSet                                0x0800c177   Thumb Code    60  asn1.o(.text)
    getAsnInteger                            0x0800c1b3   Thumb Code   174  asn1.o(.text)
    getAsnAlgorithmIdentifier                0x0800c261   Thumb Code   252  asn1.o(.text)
    getAsnRsaPubKey                          0x0800c35d   Thumb Code   174  asn1.o(.text)
    psYarrowStart                            0x0800c469   Thumb Code    28  yarrow.o(.text)
    psYarrowAddEntropy                       0x0800c485   Thumb Code    70  yarrow.o(.text)
    psYarrowReseed                           0x0800c4cb   Thumb Code   206  yarrow.o(.text)
    psYarrowRead                             0x0800c599   Thumb Code   194  yarrow.o(.text)
    psYarrowDone                             0x0800c65b   Thumb Code     6  yarrow.o(.text)
    psYarrowExport                           0x0800c661   Thumb Code    54  yarrow.o(.text)
    psYarrowImport                           0x0800c697   Thumb Code    72  yarrow.o(.text)
    psRsaFreeKey                             0x0800c6df   Thumb Code    74  rsa.o(.text)
    psRsaCrypt                               0x0800c729   Thumb Code   476  rsa.o(.text)
    psRsaEncryptPub                          0x0800c905   Thumb Code   104  rsa.o(.text)
    psRsaDecryptPriv                         0x0800c96d   Thumb Code   106  rsa.o(.text)
    psRsaDecryptPub                          0x0800c9d7   Thumb Code   104  rsa.o(.text)
    psAesInitKey                             0x0800cb11   Thumb Code   726  aes.o(.text)
    psAesInit                                0x0800cde7   Thumb Code    96  aes.o(.text)
    psAesEncryptBlock                        0x0800ce47   Thumb Code  1170  aes.o(.text)
    psAesEncrypt                             0x0800d2d9   Thumb Code   142  aes.o(.text)
    psAesDecryptBlock                        0x0800d367   Thumb Code  1180  aes.o(.text)
    psAesDecrypt                             0x0800d803   Thumb Code   176  aes.o(.text)
    psArc4Init                               0x0800d8c5   Thumb Code   118  arc4.o(.text)
    psArc4                                   0x0800d93b   Thumb Code   116  arc4.o(.text)
    psDes3InitKey                            0x0800dcf9   Thumb Code   110  des3.o(.text)
    psDes3Init                               0x0800dd67   Thumb Code    96  des3.o(.text)
    psDes3EncryptBlock                       0x0800ddc7   Thumb Code   178  des3.o(.text)
    psDes3Encrypt                            0x0800de79   Thumb Code   142  des3.o(.text)
    psDes3DecryptBlock                       0x0800df07   Thumb Code   128  des3.o(.text)
    psDes3Decrypt                            0x0800df87   Thumb Code   176  des3.o(.text)
    __aeabi_uldivmod                         0x0800e037   Thumb Code    98  uldiv.o(.text)
    __aeabi_llsl                             0x0800e099   Thumb Code    30  llshl.o(.text)
    _ll_shift_l                              0x0800e099   Thumb Code     0  llshl.o(.text)
    __aeabi_llsr                             0x0800e0b7   Thumb Code    32  llushr.o(.text)
    _ll_ushift_r                             0x0800e0b7   Thumb Code     0  llushr.o(.text)
    ___aeabi_memcpy8$move                    0x0800e0d7   Thumb Code     0  memmovea.o(.text)
    __aeabi_memcpy                           0x0800e0d7   Thumb Code    64  memmovea.o(.text)
    __aeabi_memcpy4                          0x0800e0d7   Thumb Code     0  memmovea.o(.text)
    __aeabi_memmove                          0x0800e0d7   Thumb Code     0  memmovea.o(.text)
    __aeabi_memmove4                         0x0800e0d7   Thumb Code     0  memmovea.o(.text)
    __aeabi_memmove8                         0x0800e0d7   Thumb Code     0  memmovea.o(.text)
    __aeabi_memset                           0x0800e117   Thumb Code    14  memseta.o(.text)
    __aeabi_memset4                          0x0800e117   Thumb Code     0  memseta.o(.text)
    __aeabi_memset8                          0x0800e117   Thumb Code     0  memseta.o(.text)
    __aeabi_memclr                           0x0800e125   Thumb Code     4  memseta.o(.text)
    __aeabi_memclr4                          0x0800e125   Thumb Code     0  memseta.o(.text)
    __aeabi_memclr8                          0x0800e125   Thumb Code     0  memseta.o(.text)
    _memset$wrapper                          0x0800e129   Thumb Code    20  memseta.o(.text)
    strlen                                   0x0800e13d   Thumb Code    16  strlen.o(.text)
    memcmp                                   0x0800e14d   Thumb Code    26  memcmp.o(.text)
    __scatterload                            0x0800e169   Thumb Code    28  init.o(.text)
    __scatterload_rt2                        0x0800e169   Thumb Code     0  init.o(.text)
    __decompress                             0x0800e18d   Thumb Code     0  __dclz77c.o(.text)
    __decompress2                            0x0800e18d   Thumb Code    96  __dclz77c.o(.text)
    FLASH_PrefetchBufferCmd                  0x0800e1ed   Thumb Code    18  stm32f10x_flash.o(i.FLASH_PrefetchBufferCmd)
    FLASH_SetLatency                         0x0800e205   Thumb Code    18  stm32f10x_flash.o(i.FLASH_SetLatency)
    GPIO_Init                                0x0800e21d   Thumb Code   154  stm32f10x_gpio.o(i.GPIO_Init)
    NVIC_SetVectorTable                      0x0800e2b9   Thumb Code    12  stm32f10x_nvic.o(i.NVIC_SetVectorTable)
    RCC_APB1PeriphClockCmd                   0x0800e2cd   Thumb Code    18  stm32f10x_rcc.o(i.RCC_APB1PeriphClockCmd)
    RCC_APB2PeriphClockCmd                   0x0800e2e5   Thumb Code    18  stm32f10x_rcc.o(i.RCC_APB2PeriphClockCmd)
    RCC_DeInit                               0x0800e2fd   Thumb Code    48  stm32f10x_rcc.o(i.RCC_DeInit)
    RCC_GetClocksFreq                        0x0800e339   Thumb Code   136  stm32f10x_rcc.o(i.RCC_GetClocksFreq)
    RCC_GetFlagStatus                        0x0800e3d1   Thumb Code    44  stm32f10x_rcc.o(i.RCC_GetFlagStatus)
    RCC_GetSYSCLKSource                      0x0800e401   Thumb Code    10  stm32f10x_rcc.o(i.RCC_GetSYSCLKSource)
    RCC_HCLKConfig                           0x0800e411   Thumb Code    14  stm32f10x_rcc.o(i.RCC_HCLKConfig)
    RCC_HSEConfig                            0x0800e425   Thumb Code    48  stm32f10x_rcc.o(i.RCC_HSEConfig)
    RCC_PCLK1Config                          0x0800e459   Thumb Code    14  stm32f10x_rcc.o(i.RCC_PCLK1Config)
    RCC_PCLK2Config                          0x0800e46d   Thumb Code    16  stm32f10x_rcc.o(i.RCC_PCLK2Config)
    RCC_PLLCmd                               0x0800e481   Thumb Code     6  stm32f10x_rcc.o(i.RCC_PLLCmd)
    RCC_PLLConfig                            0x0800e48d   Thumb Code    16  stm32f10x_rcc.o(i.RCC_PLLConfig)
    RCC_SYSCLKConfig                         0x0800e4a1   Thumb Code    14  stm32f10x_rcc.o(i.RCC_SYSCLKConfig)
    RCC_WaitForHSEStartUp                    0x0800e4b5   Thumb Code    46  stm32f10x_rcc.o(i.RCC_WaitForHSEStartUp)
    USART_Cmd                                0x0800e4e9   Thumb Code    20  stm32f10x_usart.o(i.USART_Cmd)
    USART_GetFlagStatus                      0x0800e4fd   Thumb Code    14  stm32f10x_usart.o(i.USART_GetFlagStatus)
    USART_Init                               0x0800e50d   Thumb Code   134  stm32f10x_usart.o(i.USART_Init)
    USART_SendData                           0x0800e599   Thumb Code     8  stm32f10x_usart.o(i.USART_SendData)
    __0fprintf$8                             0x0800e5a1   Thumb Code    22  printf8.o(i.__0fprintf$8)
    __1fprintf$8                             0x0800e5a1   Thumb Code     0  printf8.o(i.__0fprintf$8)
    __2fprintf                               0x0800e5a1   Thumb Code     0  printf8.o(i.__0fprintf$8)
    __0printf$8                              0x0800e5bd   Thumb Code    22  printf8.o(i.__0printf$8)
    __1printf$8                              0x0800e5bd   Thumb Code     0  printf8.o(i.__0printf$8)
    __2printf                                0x0800e5bd   Thumb Code     0  printf8.o(i.__0printf$8)
    free                                     0x0800e5dd   Thumb Code    88  mallocr.o(i.__free$realloc)
    malloc                                   0x0800e639   Thumb Code    64  mallocr.o(i.__malloc$realloc)
    __scatterload_copy                       0x0800e689   Thumb Code    14  handlers.o(i.__scatterload_copy)
    __scatterload_null                       0x0800e697   Thumb Code     2  handlers.o(i.__scatterload_null)
    __scatterload_zeroinit                   0x0800e699   Thumb Code    14  handlers.o(i.__scatterload_zeroinit)
    realloc                                  0x0800eb69   Thumb Code   104  mallocr.o(i.realloc)
    Region$$Table$$Base                      0x08010838   Number         0  anon$$obj.o(Region$$Table)
    Region$$Table$$Limit                     0x08010858   Number         0  anon$$obj.o(Region$$Table)
    privkeySrvBuf                            0x20000000   Data         608  main.o(.data)
    certSrvBuf                               0x20000260   Data         676  main.o(.data)
    CAcertSrvBuf                             0x20000504   Data         660  main.o(.data)
    HSEStartUpStatus                         0x20000948   Data           1  start.o(.data)
    g_pcCertSrv                              0x2000094c   Data         676  matrixsslloadrsakeysmemtest.o(.data)
    g_ulCertSrvLen                           0x20000bf0   Data           4  matrixsslloadrsakeysmemtest.o(.data)
    g_pcAcertSrv                             0x20000bf4   Data         660  matrixsslloadrsakeysmemtest.o(.data)
    g_ulAcertSrvLen                          0x20000e88   Data           4  matrixsslloadrsakeysmemtest.o(.data)
    g_pcPrivKeySrv                           0x20000e8c   Data         608  matrixsslloadrsakeysmemtest.o(.data)
    g_ulPrivKeySrvLen                        0x200010ec   Data           4  matrixsslloadrsakeysmemtest.o(.data)
    __stderr                                 0x200011ec   Data           4  stderr.o(.data)
    __stdout                                 0x200011f0   Data           4  stdout.o(.data)
    __microlib_freelist                      0x200011f4   Data           4  mvars.o(.data)
    __microlib_freelist_initialised          0x200011f8   Data           4  mvars.o(.data)
    g_pSslKeys                               0x20001250   Data          16  matrixsslloadrsakeysmemtest.o(.bss)
    __heap_base                              0x20001810   Data           0  startup_stm32f10x_xl.o(HEAP)
    __heap_limit                             0x20009810   Data           0  startup_stm32f10x_xl.o(HEAP)
    __initial_sp                             0x20009c10   Data           0  startup_stm32f10x_xl.o(STACK)



==============================================================================

Memory Map of the image

  Image Entry point : 0x08000131

  Load Region LR_IROM1 (Base: 0x08000000, Size: 0x00011a54, Max: 0x00100000, ABSOLUTE, COMPRESSED[0x00010ebc])

    Execution Region ER_IROM1 (Base: 0x08000000, Size: 0x00010858, Max: 0x00100000, ABSOLUTE)

    Base Addr    Size         Type   Attr      Idx    E Section Name        Object

    0x08000000   0x00000130   Data   RO          211    RESET               startup_stm32f10x_xl.o
    0x08000130   0x00000000   Code   RO         1569  * .ARM.Collect$$$$00000000  mc_w.l(entry.o)
    0x08000130   0x00000004   Code   RO         1882    .ARM.Collect$$$$00000001  mc_w.l(entry2.o)
    0x08000134   0x00000004   Code   RO         1885    .ARM.Collect$$$$00000004  mc_w.l(entry5.o)
    0x08000138   0x00000000   Code   RO         1887    .ARM.Collect$$$$00000008  mc_w.l(entry7b.o)
    0x08000138   0x00000008   Code   RO         1888    .ARM.Collect$$$$00000009  mc_w.l(entry8.o)
    0x08000140   0x00000004   Code   RO         1883    .ARM.Collect$$$$00002712  mc_w.l(entry2.o)
    0x08000144   0x00000e30   Code   RO            1    .text               main.o
    0x08000f74   0x000001dc   Code   RO           95    .text               start.o
    0x08001150   0x00000092   Code   RO          194    .text               stm32f10x_it.o
    0x080011e2   0x00000002   PAD
    0x080011e4   0x00000024   Code   RO          212    .text               startup_stm32f10x_xl.o
    0x08001208   0x000000e4   Code   RO          217    .text               matrixsslloadrsakeysmemtest.o
    0x080012ec   0x00000150   Code   RO         1040    .text               MatrixSSlLib.lib(noos.o)
    0x0800143c   0x00000d8c   Code   RO         1057    .text               MatrixSSlLib.lib(matrixssl.o)
    0x080021c8   0x000013dc   Code   RO         1132    .text               MatrixSSlLib.lib(matrixsslapi.o)
    0x080035a4   0x00000490   Code   RO         1147    .text               MatrixSSlLib.lib(md5.o)
    0x08003a34   0x000004c6   Code   RO         1191    .text               MatrixSSlLib.lib(sha1.o)
    0x08003efa   0x00000002   PAD
    0x08003efc   0x000012a0   Code   RO         1203    .text               MatrixSSlLib.lib(x509.o)
    0x0800519c   0x00001da8   Code   RO         1247    .text               MatrixSSlLib.lib(pstm.o)
    0x08006f44   0x000000fa   Code   RO         1289    .text               MatrixSSlLib.lib(prng.o)
    0x0800703e   0x00000002   PAD
    0x08007040   0x00000730   Code   RO         1331    .text               MatrixSSlLib.lib(pkcs.o)
    0x08007770   0x00000062   Code   RO         1373    .text               MatrixSSlLib.lib(pubkey.o)
    0x080077d2   0x00000002   PAD
    0x080077d4   0x00000708   Code   RO         1385    .text               MatrixSSlLib.lib(ciphersuite.o)
    0x08007edc   0x0000191c   Code   RO         1399    .text               MatrixSSlLib.lib(ssldecode.o)
    0x080097f8   0x00001928   Code   RO         1411    .text               MatrixSSlLib.lib(sslencode.o)
    0x0800b120   0x000004b0   Code   RO         1423    .text               MatrixSSlLib.lib(sslv3.o)
    0x0800b5d0   0x00000718   Code   RO         1439    .text               MatrixSSlLib.lib(tls.o)
    0x0800bce8   0x00000358   Code   RO         1451    .text               MatrixSSlLib.lib(hmac.o)
    0x0800c040   0x00000428   Code   RO         1463    .text               MatrixSSlLib.lib(asn1.o)
    0x0800c468   0x00000276   Code   RO         1475    .text               MatrixSSlLib.lib(yarrow.o)
    0x0800c6de   0x00000360   Code   RO         1487    .text               MatrixSSlLib.lib(rsa.o)
    0x0800ca3e   0x00000002   PAD
    0x0800ca40   0x00000e84   Code   RO         1499    .text               MatrixSSlLib.lib(aes.o)
    0x0800d8c4   0x000000ea   Code   RO         1543    .text               MatrixSSlLib.lib(arc4.o)
    0x0800d9ae   0x00000002   PAD
    0x0800d9b0   0x00000686   Code   RO         1555    .text               MatrixSSlLib.lib(des3.o)
    0x0800e036   0x00000062   Code   RO         1573    .text               mc_w.l(uldiv.o)
    0x0800e098   0x0000001e   Code   RO         1575    .text               mc_w.l(llshl.o)
    0x0800e0b6   0x00000020   Code   RO         1577    .text               mc_w.l(llushr.o)
    0x0800e0d6   0x00000040   Code   RO         1581    .text               mc_w.l(memmovea.o)
    0x0800e116   0x00000026   Code   RO         1583    .text               mc_w.l(memseta.o)
    0x0800e13c   0x00000010   Code   RO         1585    .text               mc_w.l(strlen.o)
    0x0800e14c   0x0000001a   Code   RO         1587    .text               mc_w.l(memcmp.o)
    0x0800e166   0x00000002   PAD
    0x0800e168   0x00000024   Code   RO         1905    .text               mc_w.l(init.o)
    0x0800e18c   0x00000060   Code   RO         1919    .text               mc_w.l(__dclz77c.o)
    0x0800e1ec   0x00000018   Code   RO          247    i.FLASH_PrefetchBufferCmd  STM32F10xR.LIB(stm32f10x_flash.o)
    0x0800e204   0x00000018   Code   RO          252    i.FLASH_SetLatency  STM32F10xR.LIB(stm32f10x_flash.o)
    0x0800e21c   0x0000009a   Code   RO          382    i.GPIO_Init         STM32F10xR.LIB(stm32f10x_gpio.o)
    0x0800e2b6   0x00000002   PAD
    0x0800e2b8   0x00000014   Code   RO          510    i.NVIC_SetVectorTable  STM32F10xR.LIB(stm32f10x_nvic.o)
    0x0800e2cc   0x00000018   Code   RO          673    i.RCC_APB1PeriphClockCmd  STM32F10xR.LIB(stm32f10x_rcc.o)
    0x0800e2e4   0x00000018   Code   RO          675    i.RCC_APB2PeriphClockCmd  STM32F10xR.LIB(stm32f10x_rcc.o)
    0x0800e2fc   0x0000003c   Code   RO          682    i.RCC_DeInit        STM32F10xR.LIB(stm32f10x_rcc.o)
    0x0800e338   0x00000098   Code   RO          683    i.RCC_GetClocksFreq  STM32F10xR.LIB(stm32f10x_rcc.o)
    0x0800e3d0   0x00000030   Code   RO          684    i.RCC_GetFlagStatus  STM32F10xR.LIB(stm32f10x_rcc.o)
    0x0800e400   0x00000010   Code   RO          686    i.RCC_GetSYSCLKSource  STM32F10xR.LIB(stm32f10x_rcc.o)
    0x0800e410   0x00000014   Code   RO          687    i.RCC_HCLKConfig    STM32F10xR.LIB(stm32f10x_rcc.o)
    0x0800e424   0x00000034   Code   RO          688    i.RCC_HSEConfig     STM32F10xR.LIB(stm32f10x_rcc.o)
    0x0800e458   0x00000014   Code   RO          694    i.RCC_PCLK1Config   STM32F10xR.LIB(stm32f10x_rcc.o)
    0x0800e46c   0x00000014   Code   RO          695    i.RCC_PCLK2Config   STM32F10xR.LIB(stm32f10x_rcc.o)
    0x0800e480   0x0000000c   Code   RO          696    i.RCC_PLLCmd        STM32F10xR.LIB(stm32f10x_rcc.o)
    0x0800e48c   0x00000014   Code   RO          697    i.RCC_PLLConfig     STM32F10xR.LIB(stm32f10x_rcc.o)
    0x0800e4a0   0x00000014   Code   RO          700    i.RCC_SYSCLKConfig  STM32F10xR.LIB(stm32f10x_rcc.o)
    0x0800e4b4   0x00000034   Code   RO          702    i.RCC_WaitForHSEStartUp  STM32F10xR.LIB(stm32f10x_rcc.o)
    0x0800e4e8   0x00000014   Code   RO          876    i.USART_Cmd         STM32F10xR.LIB(stm32f10x_usart.o)
    0x0800e4fc   0x0000000e   Code   RO          879    i.USART_GetFlagStatus  STM32F10xR.LIB(stm32f10x_usart.o)
    0x0800e50a   0x00000002   PAD
    0x0800e50c   0x0000008c   Code   RO          883    i.USART_Init        STM32F10xR.LIB(stm32f10x_usart.o)
    0x0800e598   0x00000008   Code   RO          891    i.USART_SendData    STM32F10xR.LIB(stm32f10x_usart.o)
    0x0800e5a0   0x0000001c   Code   RO         1799    i.__0fprintf$8      mc_w.l(printf8.o)
    0x0800e5bc   0x00000020   Code   RO         1800    i.__0printf$8       mc_w.l(printf8.o)
    0x0800e5dc   0x0000005c   Code   RO         1858    i.__free$realloc    mc_w.l(mallocr.o)
    0x0800e638   0x00000050   Code   RO         1859    i.__malloc$realloc  mc_w.l(mallocr.o)
    0x0800e688   0x0000000e   Code   RO         1913    i.__scatterload_copy  mc_w.l(handlers.o)
    0x0800e696   0x00000002   Code   RO         1914    i.__scatterload_null  mc_w.l(handlers.o)
    0x0800e698   0x0000000e   Code   RO         1915    i.__scatterload_zeroinit  mc_w.l(handlers.o)
    0x0800e6a6   0x00000002   PAD
    0x0800e6a8   0x00000420   Code   RO         1807    i._printf_core      mc_w.l(printf8.o)
    0x0800eac8   0x00000026   Code   RO         1808    i._printf_post_padding  mc_w.l(printf8.o)
    0x0800eaee   0x00000030   Code   RO         1809    i._printf_pre_padding  mc_w.l(printf8.o)
    0x0800eb1e   0x00000002   PAD
    0x0800eb20   0x00000048   Code   RO         1860    i.internal_alloc    mc_w.l(mallocr.o)
    0x0800eb68   0x0000006c   Code   RO         1861    i.realloc           mc_w.l(mallocr.o)
    0x0800ebd4   0x00000014   Data   RO          703    .constdata          STM32F10xR.LIB(stm32f10x_rcc.o)
    0x0800ebe8   0x0000002e   Data   RO         1059    .constdata          MatrixSSlLib.lib(matrixssl.o)
    0x0800ec16   0x00000002   PAD
    0x0800ec18   0x00000190   Data   RO         1148    .constdata          MatrixSSlLib.lib(md5.o)
    0x0800eda8   0x000000a0   Data   RO         1204    .constdata          MatrixSSlLib.lib(x509.o)
    0x0800ee48   0x0000006a   Data   RO         1424    .constdata          MatrixSSlLib.lib(sslv3.o)
    0x0800eeb2   0x00000002   PAD
    0x0800eeb4   0x00001038   Data   RO         1500    .constdata          MatrixSSlLib.lib(aes.o)
    0x0800feec   0x00000908   Data   RO         1556    .constdata          MatrixSSlLib.lib(des3.o)
    0x080107f4   0x00000041   Data   RO         1425    .conststring        MatrixSSlLib.lib(sslv3.o)
    0x08010835   0x00000003   PAD
    0x08010838   0x00000020   Data   RO         1911    Region$$Table       anon$$obj.o


    Execution Region RW_IRAM1 (Base: 0x20000000, Size: 0x00009c10, Max: 0x00018000, ABSOLUTE, COMPRESSED[0x00000664])

    Base Addr    Size         Type   Attr      Idx    E Section Name        Object

    0x20000000   0x00000948   Data   RW            3    .data               main.o
    0x20000948   0x00000001   Data   RW           96    .data               start.o
    0x20000949   0x00000003   PAD
    0x2000094c   0x000007a4   Data   RW          219    .data               matrixsslloadrsakeysmemtest.o
    0x200010f0   0x00000008   Data   RW          704    .data               STM32F10xR.LIB(stm32f10x_rcc.o)
    0x200010f8   0x0000000c   Data   RW         1041    .data               MatrixSSlLib.lib(noos.o)
    0x20001104   0x000000c0   Data   RW         1386    .data               MatrixSSlLib.lib(ciphersuite.o)
    0x200011c4   0x00000028   Data   RW         1426    .data               MatrixSSlLib.lib(sslv3.o)
    0x200011ec   0x00000004   Data   RW         1572    .data               mc_w.l(stderr.o)
    0x200011f0   0x00000004   Data   RW         1889    .data               mc_w.l(stdout.o)
    0x200011f4   0x00000004   Data   RW         1892    .data               mc_w.l(mvars.o)
    0x200011f8   0x00000004   Data   RW         1893    .data               mc_w.l(mvars.o)
    0x200011fc   0x00000054   Zero   RW            2    .bss                main.o
    0x20001250   0x00000010   Zero   RW          218    .bss                matrixsslloadrsakeysmemtest.o
    0x20001260   0x000005b0   Zero   RW         1058    .bss                MatrixSSlLib.lib(matrixssl.o)
    0x20001810   0x00008000   Zero   RW          210    HEAP                startup_stm32f10x_xl.o
    0x20009810   0x00000400   Zero   RW          209    STACK               startup_stm32f10x_xl.o


==============================================================================

Image component sizes


      Code (inc. data)   RO Data    RW Data    ZI Data      Debug   Object Name

      3632       1512          0       2376         84      27801   main.o
       228        140          0       1956         16       1452   matrixsslloadrsakeysmemtest.o
       476        108          0          1          0      36516   start.o
        36          8        304          0      33792        760   startup_stm32f10x_xl.o
       146          0          0          0          0       7304   stm32f10x_it.o

    ----------------------------------------------------------------------
      4520       1768        336       4336      33892      73833   Object Totals
         0          0         32          0          0          0   (incl. Generated)
         2          0          0          3          0          0   (incl. Padding)

    ----------------------------------------------------------------------

      Code (inc. data)   RO Data    RW Data    ZI Data      Debug   Library Member Name

      3716         30       4152          0          0       6931   aes.o
       234          0          0          0          0       1740   arc4.o
      1064         94          0          0          0       4254   asn1.o
      1800        108          0        192          0       9535   ciphersuite.o
      1670         52       2312          0          0       5453   des3.o
       856        120          0          0          0       3680   hmac.o
      3468         26         46          0       1456      25330   matrixssl.o
      5084        478          0          0          0       9037   matrixsslapi.o
      1168        108        400          0          0       3559   md5.o
       336         22          0         12          0       4973   noos.o
      1840        118          0          0          0       7942   pkcs.o
       250          0          0          0          0       4075   prng.o
      7592          0          0          0          0      24421   pstm.o
        98          0          0          0          0       1115   pubkey.o
       864          0          0          0          0       3467   rsa.o
      1222        118          0          0          0       2826   sha1.o
      6428        164          0          0          0       7474   ssldecode.o
      6440        154          0          0          0      13382   sslencode.o
      1200         24        171         40          0       4045   sslv3.o
      1816        178          0          0          0       6240   tls.o
      4768        274        160          0          0      15236   x509.o
       630          0          0          0          0       3482   yarrow.o
        48         12          0          0          0        885   stm32f10x_flash.o
       154          0          0          0          0       1476   stm32f10x_gpio.o
        20          8          0          0          0        470   stm32f10x_nvic.o
       540         92         20          8          0       9006   stm32f10x_rcc.o
       182          6          0          0          0       3360   stm32f10x_usart.o
        96          0          0          0          0          0   __dclz77c.o
         0          0          0          0          0          0   entry.o
         8          4          0          0          0          0   entry2.o
         4          0          0          0          0          0   entry5.o
         0          0          0          0          0          0   entry7b.o
         8          4          0          0          0          0   entry8.o
        30          0          0          0          0          0   handlers.o
        36          8          0          0          0         68   init.o
        30          0          0          0          0         68   llshl.o
        32          0          0          0          0         68   llushr.o
       352         28          0          0          0        356   mallocr.o
        26          0          0          0          0         80   memcmp.o
        64          0          0          0          0         76   memmovea.o
        38          0          0          0          0        108   memseta.o
         0          0          0          8          0          0   mvars.o
      1202         62          0          0          0        436   printf8.o
         0          0          0          4          0          0   stderr.o
         0          0          0          4          0          0   stdout.o
        16          0          0          0          0         68   strlen.o
        98          0          0          0          0         92   uldiv.o

    ----------------------------------------------------------------------
     55548       2292       7268        268       1456     184814   Library Totals
        20          0          7          0          0          0   (incl. Padding)

    ----------------------------------------------------------------------

      Code (inc. data)   RO Data    RW Data    ZI Data      Debug   Library Name

     52544       2068       7241        244       1456     168197   MatrixSSlLib.lib
       944        118         20          8          0      15197   STM32F10xR.LIB
      2040        106          0         16          0       1420   mc_w.l

    ----------------------------------------------------------------------
     55548       2292       7268        268       1456     184814   Library Totals

    ----------------------------------------------------------------------

==============================================================================


      Code (inc. data)   RO Data    RW Data    ZI Data      Debug   

     60068       4060       7604       4604      35348     255319   Grand Totals
     60068       4060       7604       1636      35348     255319   ELF Image Totals (compressed)
     60068       4060       7604       1636          0          0   ROM Totals

==============================================================================

    Total RO  Size (Code + RO Data)                67672 (  66.09kB)
    Total RW  Size (RW Data + ZI Data)             39952 (  39.02kB)
    Total ROM Size (Code + RO Data + RW Data)      69308 (  67.68kB)

==============================================================================

