ARM Linker, 4.1 [Build 894] [Professional (MDK + RL-ARM)]

==============================================================================

Section Cross References

    main.o(.text) refers to matrixssl.o(.text) for matrixSslDeleteSession
    main.o(.text) refers to matrixsslapi.o(.text) for matrixSslGetWritebuf
    main.o(.text) refers to printf8.o(i.__0fprintf$8) for __2fprintf
    main.o(.text) refers to noos.o(.text) for psBreak
    main.o(.text) refers to memseta.o(.text) for __aeabi_memset
    main.o(.text) refers to memmovea.o(.text) for __aeabi_memcpy
    main.o(.text) refers to printf8.o(i.__0printf$8) for __2printf
    main.o(.text) refers to mallocr.o(i.__malloc$realloc) for malloc
    main.o(.text) refers to stderr.o(.data) for __stderr
    main.o(.text) refers to main.o(.data) for CAcertSrvBuf
    main.o(.text) refers to main.o(.bss) for clientSessionId
    main.o(.text) refers to mallocr.o(i.__free$realloc) for free
    start.o(.text) refers to stm32f10x_usart.o(i.USART_Init) for USART_Init
    start.o(.text) refers to stm32f10x_usart.o(i.USART_Cmd) for USART_Cmd
    start.o(.text) refers to stm32f10x_gpio.o(i.GPIO_Init) for GPIO_Init
    start.o(.text) refers to stm32f10x_nvic.o(i.NVIC_SetVectorTable) for NVIC_SetVectorTable
    start.o(.text) refers to stm32f10x_rcc.o(i.RCC_DeInit) for RCC_DeInit
    start.o(.text) refers to stm32f10x_rcc.o(i.RCC_HSEConfig) for RCC_HSEConfig
    start.o(.text) refers to stm32f10x_rcc.o(i.RCC_WaitForHSEStartUp) for RCC_WaitForHSEStartUp
    start.o(.text) refers to stm32f10x_flash.o(i.FLASH_PrefetchBufferCmd) for FLASH_PrefetchBufferCmd
    start.o(.text) refers to stm32f10x_flash.o(i.FLASH_SetLatency) for FLASH_SetLatency
    start.o(.text) refers to stm32f10x_rcc.o(i.RCC_HCLKConfig) for RCC_HCLKConfig
    start.o(.text) refers to stm32f10x_rcc.o(i.RCC_PCLK2Config) for RCC_PCLK2Config
    start.o(.text) refers to stm32f10x_rcc.o(i.RCC_PCLK1Config) for RCC_PCLK1Config
    start.o(.text) refers to stm32f10x_rcc.o(i.RCC_PLLConfig) for RCC_PLLConfig
    start.o(.text) refers to stm32f10x_rcc.o(i.RCC_PLLCmd) for RCC_PLLCmd
    start.o(.text) refers to stm32f10x_rcc.o(i.RCC_GetFlagStatus) for RCC_GetFlagStatus
    start.o(.text) refers to stm32f10x_rcc.o(i.RCC_SYSCLKConfig) for RCC_SYSCLKConfig
    start.o(.text) refers to stm32f10x_rcc.o(i.RCC_GetSYSCLKSource) for RCC_GetSYSCLKSource
    start.o(.text) refers to stm32f10x_rcc.o(i.RCC_APB2PeriphClockCmd) for RCC_APB2PeriphClockCmd
    start.o(.text) refers to stm32f10x_rcc.o(i.RCC_APB1PeriphClockCmd) for RCC_APB1PeriphClockCmd
    start.o(.text) refers to printf8.o(i.__0printf$8) for __2printf
    start.o(.text) refers to main.o(.text) for mainSSLTest
    start.o(.text) refers to stm32f10x_usart.o(i.USART_SendData) for USART_SendData
    start.o(.text) refers to stm32f10x_usart.o(i.USART_GetFlagStatus) for USART_GetFlagStatus
    start.o(.text) refers to start.o(.data) for HSEStartUpStatus
    startup_stm32f10x_xl.o(RESET) refers to startup_stm32f10x_xl.o(STACK) for __initial_sp
    startup_stm32f10x_xl.o(RESET) refers to startup_stm32f10x_xl.o(.text) for Reset_Handler
    startup_stm32f10x_xl.o(RESET) refers to stm32f10x_it.o(.text) for NMI_Handler
    startup_stm32f10x_xl.o(.text) refers to main.o(.text) for SystemInit
    startup_stm32f10x_xl.o(.text) refers to entry.o(.ARM.Collect$$$$00000000) for __main
    hmac.o(.text) refers to printf8.o(i.__0fprintf$8) for __2fprintf
    hmac.o(.text) refers to noos.o(.text) for psBreak
    hmac.o(.text) refers to md5.o(.text) for psMd5Final
    hmac.o(.text) refers to memseta.o(.text) for __aeabi_memclr4
    hmac.o(.text) refers to memmovea.o(.text) for __aeabi_memcpy
    hmac.o(.text) refers to sha1.o(.text) for psSha1Final
    hmac.o(.text) refers to stderr.o(.data) for __stderr
    md5.o(.text) refers to printf8.o(i.__0fprintf$8) for __2fprintf
    md5.o(.text) refers to noos.o(.text) for psBreak
    md5.o(.text) refers to memmovea.o(.text) for __aeabi_memcpy
    md5.o(.text) refers to llushr.o(.text) for __aeabi_llsr
    md5.o(.text) refers to stderr.o(.data) for __stderr
    md5.o(.text) refers to md5.o(.constdata) for Worder
    md5.o(.text) refers to memseta.o(.text) for __aeabi_memclr4
    sha1.o(.text) refers to printf8.o(i.__0fprintf$8) for __2fprintf
    sha1.o(.text) refers to noos.o(.text) for psBreak
    sha1.o(.text) refers to memmovea.o(.text) for __aeabi_memcpy
    sha1.o(.text) refers to llushr.o(.text) for __aeabi_llsr
    sha1.o(.text) refers to stderr.o(.data) for __stderr
    sha1.o(.text) refers to memseta.o(.text) for __aeabi_memclr4
    asn1.o(.text) refers to pstm.o(.text) for pstm_init_for_read_unsigned_bin
    asn1.o(.text) refers to memseta.o(.text) for __aeabi_memclr4
    asn1.o(.text) refers to printf8.o(i.__0fprintf$8) for __2fprintf
    asn1.o(.text) refers to noos.o(.text) for psBreak
    asn1.o(.text) refers to stderr.o(.data) for __stderr
    base64.o(.text) refers to base64.o(.constdata) for map
[...]
    malloc.o(i.malloc) refers to startup_stm32f10x_xl.o(HEAP) for __heap_base
    mallocr.o(i.__free$realloc) refers to mvars.o(.data) for __microlib_freelist
    mallocr.o(i.__malloc$realloc) refers to mallocr.o(i.internal_alloc) for internal_alloc
    mallocr.o(i.__malloc$realloc) refers to mvars.o(.data) for __microlib_freelist_initialised
    mallocr.o(i.__malloc$realloc) refers to startup_stm32f10x_xl.o(HEAP) for __heap_base
    mallocr.o(i.__malloc$realloc) refers to mvars.o(.data) for __microlib_freelist
    mallocr.o(i.internal_alloc) refers to memmovea.o(.text) for __aeabi_memcpy
    mallocr.o(i.internal_alloc) refers to mvars.o(.data) for __microlib_freelist
    mallocr.o(i.realloc) refers to mallocr.o(i.__free$realloc) for free
    mallocr.o(i.realloc) refers to mallocr.o(i.internal_alloc) for internal_alloc
    mallocr.o(i.realloc) refers to mallocr.o(i.__malloc$realloc) for malloc
    mallocr.o(i.realloc) refers to mvars.o(.data) for __microlib_freelist
    malloca.o(i.__aligned_malloc) refers to mvars.o(.data) for __microlib_freelist_initialised
    malloca.o(i.__aligned_malloc) refers to mvars.o(.data) for __microlib_freelist
    malloca.o(i.__aligned_malloc) refers to startup_stm32f10x_xl.o(HEAP) for __heap_base
    malloca.o(i.__free$memalign) refers to mvars.o(.data) for __microlib_freelist
    malloca.o(i.__malloc$memalign) refers to malloca.o(i.__aligned_malloc) for __aligned_malloc
    mallocra.o(i.__aligned_malloc$realloc) refers to mallocra.o(i.internal_alloc) for internal_alloc
    mallocra.o(i.__aligned_malloc$realloc) refers to mvars.o(.data) for __microlib_freelist_initialised
    mallocra.o(i.__aligned_malloc$realloc) refers to startup_stm32f10x_xl.o(HEAP) for __heap_base
    mallocra.o(i.__aligned_malloc$realloc) refers to mvars.o(.data) for __microlib_freelist
    mallocra.o(i.__free$realloc$memalign) refers to mvars.o(.data) for __microlib_freelist
    mallocra.o(i.__malloc$realloc$memalign) refers to mallocra.o(i.__aligned_malloc$realloc) for __aligned_malloc$realloc
    mallocra.o(i.__realloc$memalign) refers to mallocra.o(i.__free$realloc$memalign) for __free$realloc$memalign
    mallocra.o(i.__realloc$memalign) refers to mallocra.o(i.internal_alloc) for internal_alloc
    mallocra.o(i.__realloc$memalign) refers to mallocra.o(i.__malloc$realloc$memalign) for __malloc$realloc$memalign
    mallocra.o(i.__realloc$memalign) refers to mvars.o(.data) for __microlib_freelist
    mallocra.o(i.internal_alloc) refers to memmovea.o(.text) for __aeabi_memcpy
    mallocra.o(i.internal_alloc) refers to mvars.o(.data) for __microlib_freelist
    entry2.o(.ARM.Collect$$$$00000001) refers to entry2.o(.ARM.Collect$$$$00002712) for __lit__00000000
    entry2.o(.ARM.Collect$$$$00002712) refers to startup_stm32f10x_xl.o(STACK) for __initial_sp
    entry2.o(__vectab_stack_and_reset_area) refers to startup_stm32f10x_xl.o(STACK) for __initial_sp
    entry2.o(__vectab_stack_and_reset_area) refers to entry.o(.ARM.Collect$$$$00000000) for __main
    entry5.o(.ARM.Collect$$$$00000004) refers to init.o(.text) for __scatterload
    entry8.o(.ARM.Collect$$$$00000009) refers to start.o(.text) for main
    dadd.o(.text) refers to llshl.o(.text) for __aeabi_llsl
    dadd.o(.text) refers to llsshr.o(.text) for __aeabi_lasr
    dadd.o(.text) refers to depilogue.o(.text) for _double_epilogue
    dmul.o(.text) refers to depilogue.o(.text) for _double_epilogue
    ddiv.o(.text) refers to depilogue.o(.text) for _double_round
    dfixul.o(.text) refers to llushr.o(.text) for __aeabi_llsr
    dfixul.o(.text) refers to llshl.o(.text) for __aeabi_llsl
    init.o(.text) refers to entry5.o(.ARM.Collect$$$$00000004) for __main_after_scatterload
    depilogue.o(.text) refers to llshl.o(.text) for __aeabi_llsl
    depilogue.o(.text) refers to llushr.o(.text) for __aeabi_llsr


==============================================================================

Removing Unused input sections from the image.

    Removing base64.o(.text), (192 bytes).
    Removing base64.o(.constdata), (256 bytes).
    Removing stm32f10x_flash.o(i.FLASH_ClearFlag), (12 bytes).
    Removing stm32f10x_flash.o(i.FLASH_EnableWriteProtection), (168 bytes).
    Removing stm32f10x_flash.o(i.FLASH_EraseAllPages), (60 bytes).
    Removing stm32f10x_flash.o(i.FLASH_EraseOptionBytes), (116 bytes).
    Removing stm32f10x_flash.o(i.FLASH_ErasePage), (64 bytes).
    Removing stm32f10x_flash.o(i.FLASH_GetFlagStatus), (32 bytes).
    Removing stm32f10x_flash.o(i.FLASH_GetPrefetchBufferStatus), (20 bytes).
    Removing stm32f10x_flash.o(i.FLASH_GetReadOutProtectionStatus), (20 bytes).
    Removing stm32f10x_flash.o(i.FLASH_GetStatus), (40 bytes).
    Removing stm32f10x_flash.o(i.FLASH_GetUserOptionByte), (12 bytes).
    Removing stm32f10x_flash.o(i.FLASH_GetWriteProtectionOptionByte), (12 bytes).
    Removing stm32f10x_flash.o(i.FLASH_HalfCycleAccessCmd), (24 bytes).
    Removing stm32f10x_flash.o(i.FLASH_ITConfig), (24 bytes).
    Removing stm32f10x_flash.o(i.FLASH_Lock), (16 bytes).
    Removing stm32f10x_flash.o(i.FLASH_ProgramHalfWord), (56 bytes).
    Removing stm32f10x_flash.o(i.FLASH_ProgramOptionByteData), (72 bytes).
    Removing stm32f10x_flash.o(i.FLASH_ProgramWord), (68 bytes).
    Removing stm32f10x_flash.o(i.FLASH_ReadOutProtection), (136 bytes).
    Removing stm32f10x_flash.o(i.FLASH_Unlock), (24 bytes).
    Removing stm32f10x_flash.o(i.FLASH_UserOptionByteConfig), (88 bytes).
    Removing stm32f10x_flash.o(i.FLASH_WaitForLastOperation), (40 bytes).
    Removing stm32f10x_gpio.o(i.GPIO_AFIODeInit), (22 bytes).
    Removing stm32f10x_gpio.o(i.GPIO_DeInit), (160 bytes).
    Removing stm32f10x_gpio.o(i.GPIO_EXTILineConfig), (40 bytes).
    Removing stm32f10x_gpio.o(i.GPIO_EventOutputCmd), (12 bytes).
    Removing stm32f10x_gpio.o(i.GPIO_EventOutputConfig), (28 bytes).
    Removing stm32f10x_gpio.o(i.GPIO_PinLockConfig), (16 bytes).
    Removing stm32f10x_gpio.o(i.GPIO_PinRemapConfig), (72 bytes).
    Removing stm32f10x_gpio.o(i.GPIO_ReadInputData), (6 bytes).
    Removing stm32f10x_gpio.o(i.GPIO_ReadInputDataBit), (14 bytes).
    Removing stm32f10x_gpio.o(i.GPIO_ReadOutputData), (6 bytes).
    Removing stm32f10x_gpio.o(i.GPIO_ReadOutputDataBit), (14 bytes).
    Removing stm32f10x_gpio.o(i.GPIO_ResetBits), (4 bytes).
    Removing stm32f10x_gpio.o(i.GPIO_SetBits), (4 bytes).
    Removing stm32f10x_gpio.o(i.GPIO_StructInit), (16 bytes).
    Removing stm32f10x_gpio.o(i.GPIO_Write), (4 bytes).
    Removing stm32f10x_gpio.o(i.GPIO_WriteBit), (10 bytes).
    Removing stm32f10x_nvic.o(i.NVIC_BASEPRICONFIG), (6 bytes).
    Removing stm32f10x_nvic.o(i.NVIC_ClearIRQChannelPendingBit), (24 bytes).
    Removing stm32f10x_nvic.o(i.NVIC_ClearSystemHandlerPendingBit), (24 bytes).
    Removing stm32f10x_nvic.o(i.NVIC_DeInit), (52 bytes).
    Removing stm32f10x_nvic.o(i.NVIC_GenerateCoreReset), (16 bytes).
    Removing stm32f10x_nvic.o(i.NVIC_GenerateSystemReset), (16 bytes).
    Removing stm32f10x_nvic.o(i.NVIC_GetBASEPRI), (4 bytes).
    Removing stm32f10x_nvic.o(i.NVIC_GetCPUID), (12 bytes).
    Removing stm32f10x_nvic.o(i.NVIC_GetCurrentActiveHandler), (16 bytes).
    Removing stm32f10x_nvic.o(i.NVIC_GetCurrentPendingIRQChannel), (16 bytes).
    Removing stm32f10x_nvic.o(i.NVIC_GetFaultAddress), (24 bytes).
    Removing stm32f10x_nvic.o(i.NVIC_GetFaultHandlerSources), (56 bytes).
    Removing stm32f10x_nvic.o(i.NVIC_GetIRQChannelActiveBitStatus), (34 bytes).
    Removing stm32f10x_nvic.o(i.NVIC_GetIRQChannelPendingBitStatus), (34 bytes).
    Removing stm32f10x_nvic.o(i.NVIC_GetSystemHandlerActiveBitStatus), (32 bytes).
    Removing stm32f10x_nvic.o(i.NVIC_GetSystemHandlerPendingBitStatus), (32 bytes).
    Removing stm32f10x_nvic.o(i.NVIC_Init), (124 bytes).
    Removing stm32f10x_nvic.o(i.NVIC_PriorityGroupConfig), (20 bytes).
    Removing stm32f10x_nvic.o(i.NVIC_RESETFAULTMASK), (4 bytes).
    Removing stm32f10x_nvic.o(i.NVIC_RESETPRIMASK), (4 bytes).
    Removing stm32f10x_nvic.o(i.NVIC_SCBDeInit), (80 bytes).
    Removing stm32f10x_nvic.o(i.NVIC_SETFAULTMASK), (4 bytes).
    Removing stm32f10x_nvic.o(i.NVIC_SETPRIMASK), (4 bytes).
    Removing stm32f10x_nvic.o(i.NVIC_SetIRQChannelPendingBit), (12 bytes).
    Removing stm32f10x_nvic.o(i.NVIC_SetSystemHandlerPendingBit), (24 bytes).
    Removing stm32f10x_nvic.o(i.NVIC_StructInit), (12 bytes).
    Removing stm32f10x_nvic.o(i.NVIC_SystemHandlerConfig), (32 bytes).
    Removing stm32f10x_nvic.o(i.NVIC_SystemHandlerPriorityConfig), (76 bytes).
    Removing stm32f10x_nvic.o(i.NVIC_SystemLPConfig), (24 bytes).
    Removing stm32f10x_rcc.o(i.RCC_ADCCLKConfig), (20 bytes).
    Removing stm32f10x_rcc.o(i.RCC_AHBPeriphClockCmd), (24 bytes).
    Removing stm32f10x_rcc.o(i.RCC_APB1PeriphResetCmd), (24 bytes).
    Removing stm32f10x_rcc.o(i.RCC_APB2PeriphResetCmd), (24 bytes).
    Removing stm32f10x_rcc.o(i.RCC_AdjustHSICalibrationValue), (20 bytes).
    Removing stm32f10x_rcc.o(i.RCC_BackupResetCmd), (12 bytes).
    Removing stm32f10x_rcc.o(i.RCC_ClearFlag), (16 bytes).
    Removing stm32f10x_rcc.o(i.RCC_ClearITPendingBit), (12 bytes).
    Removing stm32f10x_rcc.o(i.RCC_ClockSecuritySystemCmd), (12 bytes).
    Removing stm32f10x_rcc.o(i.RCC_GetITStatus), (20 bytes).
    Removing stm32f10x_rcc.o(i.RCC_HSICmd), (12 bytes).
    Removing stm32f10x_rcc.o(i.RCC_ITConfig), (24 bytes).
    Removing stm32f10x_rcc.o(i.RCC_LSEConfig), (32 bytes).
    Removing stm32f10x_rcc.o(i.RCC_LSICmd), (12 bytes).
    Removing stm32f10x_rcc.o(i.RCC_MCOConfig), (12 bytes).
    Removing stm32f10x_rcc.o(i.RCC_RTCCLKCmd), (12 bytes).
    Removing stm32f10x_rcc.o(i.RCC_RTCCLKConfig), (16 bytes).
    Removing stm32f10x_rcc.o(i.RCC_USBCLKConfig), (12 bytes).
    Removing stm32f10x_usart.o(i.USART_ClearFlag), (6 bytes).
    Removing stm32f10x_usart.o(i.USART_ClearITPendingBit), (12 bytes).
    Removing stm32f10x_usart.o(i.USART_ClockInit), (30 bytes).
    Removing stm32f10x_usart.o(i.USART_ClockStructInit), (12 bytes).
    Removing stm32f10x_usart.o(i.USART_DMACmd), (16 bytes).
    Removing stm32f10x_usart.o(i.USART_DeInit), (108 bytes).
    Removing stm32f10x_usart.o(i.USART_GetITStatus), (62 bytes).
    Removing stm32f10x_usart.o(i.USART_HalfDuplexCmd), (20 bytes).
    Removing stm32f10x_usart.o(i.USART_ITConfig), (48 bytes).
    Removing stm32f10x_usart.o(i.USART_IrDACmd), (20 bytes).
    Removing stm32f10x_usart.o(i.USART_IrDAConfig), (16 bytes).
    Removing stm32f10x_usart.o(i.USART_LINBreakDetectLengthConfig), (16 bytes).
    Removing stm32f10x_usart.o(i.USART_LINCmd), (20 bytes).
    Removing stm32f10x_usart.o(i.USART_ReceiveData), (8 bytes).
    Removing stm32f10x_usart.o(i.USART_ReceiverWakeUpCmd), (20 bytes).
    Removing stm32f10x_usart.o(i.USART_SendBreak), (10 bytes).
    Removing stm32f10x_usart.o(i.USART_SetAddress), (16 bytes).
    Removing stm32f10x_usart.o(i.USART_SetGuardTime), (16 bytes).
    Removing stm32f10x_usart.o(i.USART_SetPrescaler), (16 bytes).
    Removing stm32f10x_usart.o(i.USART_SmartCardCmd), (20 bytes).
    Removing stm32f10x_usart.o(i.USART_SmartCardNACKCmd), (20 bytes).
    Removing stm32f10x_usart.o(i.USART_StructInit), (22 bytes).
    Removing stm32f10x_usart.o(i.USART_WakeUpConfig), (16 bytes).
    Removing cortexm3_macro.o(.text), (122 bytes).
    Removing dadd.o(.text), (332 bytes).
    Removing dmul.o(.text), (224 bytes).
    Removing ddiv.o(.text), (222 bytes).
    Removing dfixul.o(.text), (48 bytes).
    Removing cdrcmple.o(.text), (40 bytes).
    Removing depilogue.o(.text), (190 bytes).

116 unused section(s) (total 4842 bytes) removed from the image.

==============================================================================

Image Symbol Table

    Local Symbols

    Symbol Name                              Value     Ov Type        Size  Object(Section)

    ../../../cmprslib/lz77c.c                0x00000000   Number         0  __dclz77c.o ABSOLUTE
    ../../microlib/division.c                0x00000000   Number         0  uidiv.o ABSOLUTE
    ../../microlib/division.c                0x00000000   Number         0  uldiv.o ABSOLUTE
    ../../microlib/fpadd.c                   0x00000000   Number         0  dadd.o ABSOLUTE
    ../../microlib/fpdiv.c                   0x00000000   Number         0  ddiv.o ABSOLUTE
    ../../microlib/fpepilogue.c              0x00000000   Number         0  depilogue.o ABSOLUTE
    ../../microlib/fpfix.c                   0x00000000   Number         0  dfixul.o ABSOLUTE
    ../../microlib/fpmul.c                   0x00000000   Number         0  dmul.o ABSOLUTE
    ../../microlib/init/entry.s              0x00000000   Number         0  entry.o ABSOLUTE
    ../../microlib/init/entry.s              0x00000000   Number         0  entry8.o ABSOLUTE
    ../../microlib/init/entry.s              0x00000000   Number         0  entry7a.o ABSOLUTE
    ../../microlib/init/entry.s              0x00000000   Number         0  entry5.o ABSOLUTE
    ../../microlib/init/entry.s              0x00000000   Number         0  entry2.o ABSOLUTE
    ../../microlib/init/entry.s              0x00000000   Number         0  entry7b.o ABSOLUTE
    ../../microlib/longlong.c                0x00000000   Number         0  llshl.o ABSOLUTE
    ../../microlib/longlong.c                0x00000000   Number         0  llsshr.o ABSOLUTE
    ../../microlib/longlong.c                0x00000000   Number         0  llushr.o ABSOLUTE
    ../../microlib/malloc/malloc.c           0x00000000   Number         0  malloc.o ABSOLUTE
    ../../microlib/malloc/malloc.c           0x00000000   Number         0  mallocra.o ABSOLUTE
    ../../microlib/malloc/malloc.c           0x00000000   Number         0  malloca.o ABSOLUTE
    ../../microlib/malloc/malloc.c           0x00000000   Number         0  mallocr.o ABSOLUTE
    ../../microlib/malloc/mvars.c            0x00000000   Number         0  mvars.o ABSOLUTE
    ../../microlib/printf/printf.c           0x00000000   Number         0  printf5.o ABSOLUTE
    ../../microlib/printf/printf.c           0x00000000   Number         0  printf6.o ABSOLUTE
    ../../microlib/printf/printf.c           0x00000000   Number         0  printf7.o ABSOLUTE
    ../../microlib/printf/printf.c           0x00000000   Number         0  printf8.o ABSOLUTE
    ../../microlib/printf/printf.c           0x00000000   Number         0  printfa.o ABSOLUTE
    ../../microlib/printf/printf.c           0x00000000   Number         0  printfb.o ABSOLUTE
    ../../microlib/printf/printf.c           0x00000000   Number         0  printf0.o ABSOLUTE
    ../../microlib/printf/printf.c           0x00000000   Number         0  printf1.o ABSOLUTE
    ../../microlib/printf/printf.c           0x00000000   Number         0  printf2.o ABSOLUTE
    ../../microlib/printf/printf.c           0x00000000   Number         0  printf3.o ABSOLUTE
    ../../microlib/printf/printf.c           0x00000000   Number         0  printf4.o ABSOLUTE
    ../../microlib/printf/stubs.s            0x00000000   Number         0  stubs.o ABSOLUTE
    ../../microlib/stdio/streams.c           0x00000000   Number         0  stderr.o ABSOLUTE
    ../../microlib/stdio/streams.c           0x00000000   Number         0  stdout.o ABSOLUTE
    ../../microlib/string/memcmp.c           0x00000000   Number         0  memcmp.o ABSOLUTE
    ../../microlib/string/memcpy.c           0x00000000   Number         0  memmovea.o ABSOLUTE
    ../../microlib/string/memcpy.c           0x00000000   Number         0  memcpyb.o ABSOLUTE
    ../../microlib/string/memcpy.c           0x00000000   Number         0  memmoveb.o ABSOLUTE
    ../../microlib/string/memcpy.c           0x00000000   Number         0  memcpya.o ABSOLUTE
    ../../microlib/string/memset.c           0x00000000   Number         0  memseta.o ABSOLUTE
    ../../microlib/string/strlen.c           0x00000000   Number         0  strlen.o ABSOLUTE
    ../../microlib/stubs.s                   0x00000000   Number         0  iusefp.o ABSOLUTE
    cdrcmple.s                               0x00000000   Number         0  cdrcmple.o ABSOLUTE
    cortexm3_macro.s                         0x00000000   Number         0  cortexm3_macro.o ABSOLUTE
    dc.s                                     0x00000000   Number         0  dc.o ABSOLUTE
    handlers.s                               0x00000000   Number         0  handlers.o ABSOLUTE
    init.s                                   0x00000000   Number         0  init.o ABSOLUTE
    main.c                                   0x00000000   Number         0  main.o ABSOLUTE
    matrixssl-3-3-open\core\noOs\noOs.c      0x00000000   Number         0  noos.o ABSOLUTE
    matrixssl-3-3-open\crypto\digest\hmac.c  0x00000000   Number         0  hmac.o ABSOLUTE
    matrixssl-3-3-open\crypto\digest\md5.c   0x00000000   Number         0  md5.o ABSOLUTE
    matrixssl-3-3-open\crypto\digest\sha1.c  0x00000000   Number         0  sha1.o ABSOLUTE
    matrixssl-3-3-open\crypto\keyformat\asn1.c 0x00000000   Number         0  asn1.o ABSOLUTE
    matrixssl-3-3-open\crypto\keyformat\base64.c 0x00000000   Number         0  base64.o ABSOLUTE
    matrixssl-3-3-open\crypto\keyformat\x509.c 0x00000000   Number         0  x509.o ABSOLUTE
    matrixssl-3-3-open\crypto\math\pstm.c    0x00000000   Number         0  pstm.o ABSOLUTE
    matrixssl-3-3-open\crypto\prng\prng.c    0x00000000   Number         0  prng.o ABSOLUTE
    matrixssl-3-3-open\crypto\prng\yarrow.c  0x00000000   Number         0  yarrow.o ABSOLUTE
    matrixssl-3-3-open\crypto\pubkey\pkcs.c  0x00000000   Number         0  pkcs.o ABSOLUTE
    matrixssl-3-3-open\crypto\pubkey\pubkey.c 0x00000000   Number         0  pubkey.o ABSOLUTE
    matrixssl-3-3-open\crypto\pubkey\rsa.c   0x00000000   Number         0  rsa.o ABSOLUTE
    matrixssl-3-3-open\crypto\symmetric\aes.c 0x00000000   Number         0  aes.o ABSOLUTE
    matrixssl-3-3-open\crypto\symmetric\arc4.c 0x00000000   Number         0  arc4.o ABSOLUTE
    matrixssl-3-3-open\crypto\symmetric\des3.c 0x00000000   Number         0  des3.o ABSOLUTE
    matrixssl-3-3-open\crypto\symmetric\rc2.c 0x00000000   Number         0  rc2.o ABSOLUTE
    matrixssl-3-3-open\matrixssl\cipherSuite.c 0x00000000   Number         0  ciphersuite.o ABSOLUTE
    matrixssl-3-3-open\matrixssl\matrixssl.c 0x00000000   Number         0  matrixssl.o ABSOLUTE
    matrixssl-3-3-open\matrixssl\matrixsslApi.c 0x00000000   Number         0  matrixsslapi.o ABSOLUTE
    matrixssl-3-3-open\matrixssl\sslDecode.c 0x00000000   Number         0  ssldecode.o ABSOLUTE
    matrixssl-3-3-open\matrixssl\sslEncode.c 0x00000000   Number         0  sslencode.o ABSOLUTE
    matrixssl-3-3-open\matrixssl\sslv3.c     0x00000000   Number         0  sslv3.o ABSOLUTE
    matrixssl-3-3-open\matrixssl\tls.c       0x00000000   Number         0  tls.o ABSOLUTE
    start.c                                  0x00000000   Number         0  start.o ABSOLUTE
    startup_stm32f10x_xl.s                   0x00000000   Number         0  startup_stm32f10x_xl.o ABSOLUTE
    stm32f10x_flash.c                        0x00000000   Number         0  stm32f10x_flash.o ABSOLUTE
    stm32f10x_gpio.c                         0x00000000   Number         0  stm32f10x_gpio.o ABSOLUTE
    stm32f10x_it.c                           0x00000000   Number         0  stm32f10x_it.o ABSOLUTE
    stm32f10x_nvic.c                         0x00000000   Number         0  stm32f10x_nvic.o ABSOLUTE
    stm32f10x_rcc.c                          0x00000000   Number         0  stm32f10x_rcc.o ABSOLUTE
    stm32f10x_usart.c                        0x00000000   Number         0  stm32f10x_usart.o ABSOLUTE
    RESET                                    0x08000000   Section      304  startup_stm32f10x_xl.o(RESET)
    .ARM.Collect$$$$00000000                 0x08000130   Section        0  entry.o(.ARM.Collect$$$$00000000)
    .ARM.Collect$$$$00000001                 0x08000130   Section        4  entry2.o(.ARM.Collect$$$$00000001)
    .ARM.Collect$$$$00000004                 0x08000134   Section        4  entry5.o(.ARM.Collect$$$$00000004)
    .ARM.Collect$$$$00000008                 0x08000138   Section        0  entry7b.o(.ARM.Collect$$$$00000008)
    .ARM.Collect$$$$00000009                 0x08000138   Section        8  entry8.o(.ARM.Collect$$$$00000009)
    .ARM.Collect$$$$00002712                 0x08000140   Section        4  entry2.o(.ARM.Collect$$$$00002712)
    __lit__00000000                          0x08000140   Data           4  entry2.o(.ARM.Collect$$$$00002712)
    .text                                    0x08000144   Section        0  main.o(.text)
    freeSessionAndConnection                 0x08000147   Thumb Code    28  main.o(.text)
    exchangeAppData                          0x08000163   Thumb Code   190  main.o(.text)
    performHandshake                         0x08000221   Thumb Code   172  main.o(.text)
    initializeChangeCipherReHandshake        0x080002cd   Thumb Code    26  main.o(.text)
    initializeUpgradeKeysReHandshake         0x080002e7   Thumb Code    28  main.o(.text)
    clnCertCheckerUpdate                     0x08000303   Thumb Code     6  main.o(.text)
    initializeUpgradeCertCbackReHandshake    0x08000309   Thumb Code    24  main.o(.text)
    initializeServerInitiatedResumedReHandshake 0x08000321   Thumb Code    24  main.o(.text)
    initializeResumedReHandshake             0x08000339   Thumb Code    24  main.o(.text)
    initializeServerInitiatedReHandshake     0x08000351   Thumb Code    24  main.o(.text)
    clnCertChecker                           0x08000369   Thumb Code     6  main.o(.text)
    initializeResumedHandshake               0x0800036f   Thumb Code    86  main.o(.text)
    initializeReHandshake                    0x080003c5   Thumb Code    24  main.o(.text)
    initializeClient                         0x080003dd   Thumb Code   124  main.o(.text)
    initializeServer                         0x08000459   Thumb Code   116  main.o(.text)
    initializeHandshake                      0x080004cd   Thumb Code    68  main.o(.text)
    .text                                    0x08000f74   Section        0  start.o(.text)
    .text                                    0x0800114c   Section        0  stm32f10x_it.o(.text)
    .text                                    0x080011e0   Section       36  startup_stm32f10x_xl.o(.text)
    .text                                    0x08001204   Section        0  hmac.o(.text)
    .text                                    0x0800155c   Section        0  md5.o(.text)
    md5_compress                             0x0800155d   Thumb Code   474  md5.o(.text)
    .text                                    0x080019ec   Section        0  sha1.o(.text)
    sha1_compress                            0x080019ed   Thumb Code   514  sha1.o(.text)
    .text                                    0x08001eb4   Section        0  asn1.o(.text)
    .text                                    0x080022dc   Section        0  x509.o(.text)
    parseGeneralNames                        0x08002377   Thumb Code   348  x509.o(.text)
    lookupExt                                0x080024d3   Thumb Code    82  x509.o(.text)
    getExplicitExtensions                    0x08002525   Thumb Code   802  x509.o(.text)
    getImplicitBitString                     0x08002847   Thumb Code   154  x509.o(.text)
    getValidity                              0x08002bd1   Thumb Code   324  x509.o(.text)
    getSerialNum                             0x08002d15   Thumb Code   130  x509.o(.text)
    getExplicitVersion                       0x08002d97   Thumb Code   106  x509.o(.text)
    x509ConfirmSignature                     0x080032b3   Thumb Code   250  x509.o(.text)
    .text                                    0x0800357c   Section        0  pstm.o(.text)
    pstm_mul_2d                              0x080038bd   Thumb Code   188  pstm.o(.text)
    s_pstm_add                               0x08003cd5   Thumb Code   320  pstm.o(.text)
    pstm_mod_2d                              0x08003f91   Thumb Code   166  pstm.o(.text)
    pstm_exch                                0x08004773   Thumb Code    28  pstm.o(.text)
    pstm_reverse                             0x08005253   Thumb Code    28  pstm.o(.text)
    .text                                    0x08005324   Section        0  prng.o(.text)
    readRandomData                           0x08005375   Thumb Code   122  prng.o(.text)
    .text                                    0x0800541e   Section        0  yarrow.o(.text)
    .text                                    0x08005694   Section        0  pkcs.o(.text)
    .text                                    0x08005dc4   Section        0  pubkey.o(.text)
    .text                                    0x08005e26   Section        0  rsa.o(.text)
    .text                                    0x08006188   Section        0  aes.o(.text)
    setup_mix                                0x08006189   Thumb Code    58  aes.o(.text)
    setup_mix2                               0x080061c3   Thumb Code   150  aes.o(.text)
    .text                                    0x0800700c   Section        0  des3.o(.text)
    cookey                                   0x0800700d   Thumb Code   150  des3.o(.text)
    deskey                                   0x080070a3   Thumb Code   276  des3.o(.text)
    desfunc                                  0x080071b7   Thumb Code   414  des3.o(.text)
    .text                                    0x08007694   Section        0  noos.o(.text)
    SeedRandom                               0x08007695   Thumb Code     6  noos.o(.text)
    GetRandom                                0x0800769b   Thumb Code    56  noos.o(.text)
    .text                                    0x080077e4   Section        0  ciphersuite.o(.text)
    csNullInit                               0x080077e5   Thumb Code     6  ciphersuite.o(.text)
    csDes3Init                               0x080077eb   Thumb Code   144  ciphersuite.o(.text)
    csAesInit                                0x0800787b   Thumb Code   124  ciphersuite.o(.text)
    csNullEncrypt                            0x080078f7   Thumb Code    32  ciphersuite.o(.text)
    csNullDecrypt                            0x08007917   Thumb Code    32  ciphersuite.o(.text)
    csNullGenerateMac                        0x08007937   Thumb Code    10  ciphersuite.o(.text)
    csNullVerifyMac                          0x08007941   Thumb Code    10  ciphersuite.o(.text)
    csShaGenerateMac                         0x0800794b   Thumb Code    72  ciphersuite.o(.text)
    csShaVerifyMac                           0x08007993   Thumb Code   104  ciphersuite.o(.text)
    haveCorrectKeyAlg                        0x08007c11   Thumb Code    28  ciphersuite.o(.text)
    haveKeyMaterial                          0x08007c2d   Thumb Code   136  ciphersuite.o(.text)
    .text                                    0x08007e04   Section        0  matrixssl.o(.text)
    verifyReadKeys                           0x08007e91   Thumb Code   144  matrixssl.o(.text)
    matrixSslLoadKeyMaterialMem              0x08007f21   Thumb Code   238  matrixssl.o(.text)
    .text                                    0x08008b90   Section        0  matrixsslapi.o(.text)
    revertToDefaultBufsize                   0x0800934f   Thumb Code   120  matrixsslapi.o(.text)
    .text                                    0x08009f6c   Section        0  ssldecode.o(.text)
    parseSSLHandshake                        0x08009f6d   Thumb Code  4566  ssldecode.o(.text)
    .text                                    0x0800b888   Section        0  sslencode.o(.text)
    encryptRecord                            0x0800b8a5   Thumb Code   604  sslencode.o(.text)
    writeRecordHeader                        0x0800bb51   Thumb Code   326  sslencode.o(.text)
    writeFinished                            0x0800bf83   Thumb Code   220  sslencode.o(.text)
    writeChangeCipherSpec                    0x0800c05f   Thumb Code   264  sslencode.o(.text)
    writeClientKeyExchange                   0x0800c167   Thumb Code   324  sslencode.o(.text)
    writeCertificate                         0x0800c2ab   Thumb Code   390  sslencode.o(.text)
    writeAlert                               0x0800c431   Thumb Code   152  sslencode.o(.text)
    secureWriteAdditions                     0x0800c4c9   Thumb Code    72  sslencode.o(.text)
    writeServerHello                         0x0800c511   Thumb Code   728  sslencode.o(.text)
    writeServerHelloDone                     0x0800c7e9   Thumb Code   130  sslencode.o(.text)
    .text                                    0x0800d1b0   Section        0  sslv3.o(.text)
    createKeyBlock                           0x0800d1b1   Thumb Code   412  sslv3.o(.text)
    .text                                    0x0800d5ac   Section        0  tls.o(.text)
    pSha1                                    0x0800d5ad   Thumb Code   214  tls.o(.text)
    pMd5                                     0x0800d683   Thumb Code   210  tls.o(.text)
    prf                                      0x0800d755   Thumb Code   132  tls.o(.text)
    .text                                    0x0800dc20   Section        0  uldiv.o(.text)
    .text                                    0x0800dc82   Section        0  llshl.o(.text)
    .text                                    0x0800dca0   Section        0  llushr.o(.text)
    .text                                    0x0800dcc0   Section        0  memmovea.o(.text)
    .text                                    0x0800dd00   Section        0  memseta.o(.text)
    .text                                    0x0800dd26   Section        0  strlen.o(.text)
    .text                                    0x0800dd36   Section        0  memcmp.o(.text)
    .text                                    0x0800dd50   Section       36  init.o(.text)
    .text                                    0x0800dd74   Section        0  __dclz77c.o(.text)
    i.FLASH_PrefetchBufferCmd                0x0800ddd4   Section        0  stm32f10x_flash.o(i.FLASH_PrefetchBufferCmd)
    i.FLASH_SetLatency                       0x0800ddec   Section        0  stm32f10x_flash.o(i.FLASH_SetLatency)
    i.GPIO_Init                              0x0800de04   Section        0  stm32f10x_gpio.o(i.GPIO_Init)
    i.NVIC_SetVectorTable                    0x0800dea0   Section        0  stm32f10x_nvic.o(i.NVIC_SetVectorTable)
    i.RCC_APB1PeriphClockCmd                 0x0800deb4   Section        0  stm32f10x_rcc.o(i.RCC_APB1PeriphClockCmd)
    i.RCC_APB2PeriphClockCmd                 0x0800decc   Section        0  stm32f10x_rcc.o(i.RCC_APB2PeriphClockCmd)
    i.RCC_DeInit                             0x0800dee4   Section        0  stm32f10x_rcc.o(i.RCC_DeInit)
    i.RCC_GetClocksFreq                      0x0800df20   Section        0  stm32f10x_rcc.o(i.RCC_GetClocksFreq)
    i.RCC_GetFlagStatus                      0x0800dfb8   Section        0  stm32f10x_rcc.o(i.RCC_GetFlagStatus)
    i.RCC_GetSYSCLKSource                    0x0800dfe8   Section        0  stm32f10x_rcc.o(i.RCC_GetSYSCLKSource)
    i.RCC_HCLKConfig                         0x0800dff8   Section        0  stm32f10x_rcc.o(i.RCC_HCLKConfig)
    i.RCC_HSEConfig                          0x0800e00c   Section        0  stm32f10x_rcc.o(i.RCC_HSEConfig)
    i.RCC_PCLK1Config                        0x0800e040   Section        0  stm32f10x_rcc.o(i.RCC_PCLK1Config)
    i.RCC_PCLK2Config                        0x0800e054   Section        0  stm32f10x_rcc.o(i.RCC_PCLK2Config)
    i.RCC_PLLCmd                             0x0800e068   Section        0  stm32f10x_rcc.o(i.RCC_PLLCmd)
    i.RCC_PLLConfig                          0x0800e074   Section        0  stm32f10x_rcc.o(i.RCC_PLLConfig)
    i.RCC_SYSCLKConfig                       0x0800e088   Section        0  stm32f10x_rcc.o(i.RCC_SYSCLKConfig)
    i.RCC_WaitForHSEStartUp                  0x0800e09c   Section        0  stm32f10x_rcc.o(i.RCC_WaitForHSEStartUp)
    i.USART_Cmd                              0x0800e0d0   Section        0  stm32f10x_usart.o(i.USART_Cmd)
    i.USART_GetFlagStatus                    0x0800e0e4   Section        0  stm32f10x_usart.o(i.USART_GetFlagStatus)
    i.USART_Init                             0x0800e0f4   Section        0  stm32f10x_usart.o(i.USART_Init)
    i.USART_SendData                         0x0800e180   Section        0  stm32f10x_usart.o(i.USART_SendData)
    i.__0fprintf$8                           0x0800e188   Section        0  printf8.o(i.__0fprintf$8)
    i.__0printf$8                            0x0800e1a4   Section        0  printf8.o(i.__0printf$8)
    i.__free$realloc                         0x0800e1c4   Section        0  mallocr.o(i.__free$realloc)
    i.__malloc$realloc                       0x0800e220   Section        0  mallocr.o(i.__malloc$realloc)
    i.__scatterload_copy                     0x0800e270   Section       14  handlers.o(i.__scatterload_copy)
    i.__scatterload_null                     0x0800e27e   Section        2  handlers.o(i.__scatterload_null)
    i.__scatterload_zeroinit                 0x0800e280   Section       14  handlers.o(i.__scatterload_zeroinit)
    i._printf_core                           0x0800e290   Section        0  printf8.o(i._printf_core)
    _printf_core                             0x0800e291   Thumb Code  1010  printf8.o(i._printf_core)
    i._printf_post_padding                   0x0800e6b0   Section        0  printf8.o(i._printf_post_padding)
    _printf_post_padding                     0x0800e6b1   Thumb Code    38  printf8.o(i._printf_post_padding)
    i._printf_pre_padding                    0x0800e6d6   Section        0  printf8.o(i._printf_pre_padding)
    _printf_pre_padding                      0x0800e6d7   Thumb Code    48  printf8.o(i._printf_pre_padding)
    i.internal_alloc                         0x0800e708   Section        0  mallocr.o(i.internal_alloc)
    internal_alloc                           0x0800e709   Thumb Code    68  mallocr.o(i.internal_alloc)
    i.realloc                                0x0800e750   Section        0  mallocr.o(i.realloc)
    .constdata                               0x0800e7bc   Section      400  md5.o(.constdata)
    Worder                                   0x0800e7bc   Data          64  md5.o(.constdata)
    Rorder                                   0x0800e7fc   Data          64  md5.o(.constdata)
    Korder                                   0x0800e83c   Data         272  md5.o(.constdata)
    .constdata                               0x0800e94c   Section      160  x509.o(.constdata)
    extTable                                 0x0800e94c   Data         160  x509.o(.constdata)
    .constdata                               0x0800e9ec   Section     4152  aes.o(.constdata)
    TE0                                      0x0800e9ec   Data        1024  aes.o(.constdata)
    Te4                                      0x0800edec   Data        1024  aes.o(.constdata)
    TD0                                      0x0800f1ec   Data        1024  aes.o(.constdata)
    Td4                                      0x0800f5ec   Data        1040  aes.o(.constdata)
    rcon                                     0x0800f9fc   Data          40  aes.o(.constdata)
    .constdata                               0x0800fa24   Section     2312  des3.o(.constdata)
    bytebit                                  0x0800fa24   Data          32  des3.o(.constdata)
    bigbyte                                  0x0800fa44   Data          96  des3.o(.constdata)
    pc1                                      0x0800faa4   Data          56  des3.o(.constdata)
    pc2                                      0x0800fadc   Data          48  des3.o(.constdata)
    totrot                                   0x0800fb0c   Data          16  des3.o(.constdata)
    SP1                                      0x0800fb1c   Data         256  des3.o(.constdata)
    SP2                                      0x0800fc1c   Data         256  des3.o(.constdata)
    SP3                                      0x0800fd1c   Data         256  des3.o(.constdata)
    SP4                                      0x0800fe1c   Data         256  des3.o(.constdata)
    SP5                                      0x0800ff1c   Data         256  des3.o(.constdata)
    SP6                                      0x0801001c   Data         256  des3.o(.constdata)
    SP7                                      0x0801011c   Data         256  des3.o(.constdata)
    SP8                                      0x0801021c   Data         272  des3.o(.constdata)
    .constdata                               0x0801032c   Section       46  matrixssl.o(.constdata)
    copyright                                0x0801032c   Data          46  matrixssl.o(.constdata)
    .constdata                               0x0801035a   Section      106  sslv3.o(.constdata)
    SENDER_CLIENT                            0x0801035a   Data           5  sslv3.o(.constdata)
    SENDER_SERVER                            0x0801035f   Data           5  sslv3.o(.constdata)
    pad1                                     0x08010364   Data          48  sslv3.o(.constdata)
    pad2                                     0x08010394   Data          48  sslv3.o(.constdata)
    .constdata                               0x080103c4   Section       20  stm32f10x_rcc.o(.constdata)
    ADCPrescTable                            0x080103c4   Data           4  stm32f10x_rcc.o(.constdata)
    APBAHBPrescTable                         0x080103c8   Data          16  stm32f10x_rcc.o(.constdata)
    .conststring                             0x080103d8   Section       65  sslv3.o(.conststring)
    .data                                    0x20000000   Section     2232  main.o(.data)
    ciphers                                  0x20000798   Data         288  main.o(.data)
    .data                                    0x200008b8   Section        1  start.o(.data)
    .data                                    0x200008bc   Section       12  noos.o(.data)
    g_ulSeconds                              0x200008bc   Data           4  noos.o(.data)
    g_ulClockRate                            0x200008c0   Data           4  noos.o(.data)
    g_ulRandRegister                         0x200008c4   Data           4  noos.o(.data)
    .data                                    0x200008c8   Section      128  ciphersuite.o(.data)
    supportedCiphers                         0x200008c8   Data         128  ciphersuite.o(.data)
    .data                                    0x20000948   Section       40  sslv3.o(.data)
    salt                                     0x20000948   Data          40  sslv3.o(.data)
    .data                                    0x20000970   Section        8  stm32f10x_rcc.o(.data)
    HSEStatus                                0x20000970   Data           1  stm32f10x_rcc.o(.data)
    StartUpCounter                           0x20000974   Data           4  stm32f10x_rcc.o(.data)
    .data                                    0x20000978   Section        4  stderr.o(.data)
    .data                                    0x2000097c   Section        4  stdout.o(.data)
    .data                                    0x20000980   Section        4  mvars.o(.data)
    .data                                    0x20000984   Section        4  mvars.o(.data)
    .bss                                     0x20000988   Section       84  main.o(.bss)
    clientSessionId                          0x20000988   Data          84  main.o(.bss)
    .bss                                     0x200009dc   Section     4048  matrixssl.o(.bss)
    sessionTable                             0x200009dc   Data        3456  matrixssl.o(.bss)
    gMatrixsslPrng                           0x2000175c   Data         592  matrixssl.o(.bss)
    HEAP                                     0x200019b0   Section    32768  startup_stm32f10x_xl.o(HEAP)
    STACK                                    0x200099b0   Section     1024  startup_stm32f10x_xl.o(STACK)

    Global Symbols

    Symbol Name                              Value     Ov Type        Size  Object(Section)

    BuildAttributes$$THM_ISAv4$P$D$K$B$S$PE$A:L22UL41UL21$X:L11$S22US41US21$IEEE1$IW$USESV6$~STKCKD$USESV7$~SHL$OSPACE$ROPI$EBA8$MICROLIB$REQ8$PRES8$EABIv2 0x00000000   Number         0  anon$$obj.o ABSOLUTE
    __ARM_use_no_argv                        0x00000000   Number         0  start.o ABSOLUTE
    _printf_a                                0x00000000   Number         0  stubs.o ABSOLUTE
    _printf_c                                0x00000000   Number         0  stubs.o ABSOLUTE
    _printf_charcount                        0x00000000   Number         0  stubs.o ABSOLUTE
    _printf_d                                0x00000000   Number         0  stubs.o ABSOLUTE
    _printf_e                                0x00000000   Number         0  stubs.o ABSOLUTE
    _printf_f                                0x00000000   Number         0  stubs.o ABSOLUTE
    _printf_flags                            0x00000000   Number         0  stubs.o ABSOLUTE
    _printf_fp_dec                           0x00000000   Number         0  stubs.o ABSOLUTE
    _printf_fp_hex                           0x00000000   Number         0  stubs.o ABSOLUTE
    _printf_g                                0x00000000   Number         0  stubs.o ABSOLUTE
    _printf_i                                0x00000000   Number         0  stubs.o ABSOLUTE
    _printf_int_dec                          0x00000000   Number         0  stubs.o ABSOLUTE
    _printf_l                                0x00000000   Number         0  stubs.o ABSOLUTE
    _printf_lc                               0x00000000   Number         0  stubs.o ABSOLUTE
    _printf_ll                               0x00000000   Number         0  stubs.o ABSOLUTE
    _printf_lld                              0x00000000   Number         0  stubs.o ABSOLUTE
    _printf_lli                              0x00000000   Number         0  stubs.o ABSOLUTE
    _printf_llo                              0x00000000   Number         0  stubs.o ABSOLUTE
    _printf_llu                              0x00000000   Number         0  stubs.o ABSOLUTE
    _printf_llx                              0x00000000   Number         0  stubs.o ABSOLUTE
    _printf_longlong_dec                     0x00000000   Number         0  stubs.o ABSOLUTE
    _printf_longlong_hex                     0x00000000   Number         0  stubs.o ABSOLUTE
    _printf_longlong_oct                     0x00000000   Number         0  stubs.o ABSOLUTE
    _printf_ls                               0x00000000   Number         0  stubs.o ABSOLUTE
    _printf_mbtowc                           0x00000000   Number         0  stubs.o ABSOLUTE
    _printf_n                                0x00000000   Number         0  stubs.o ABSOLUTE
    _printf_o                                0x00000000   Number         0  stubs.o ABSOLUTE
    _printf_p                                0x00000000   Number         0  stubs.o ABSOLUTE
    _printf_percent                          0x00000000   Number         0  stubs.o ABSOLUTE
    _printf_pre_padding                      0x00000000   Number         0  stubs.o ABSOLUTE
    _printf_return_value                     0x00000000   Number         0  stubs.o ABSOLUTE
    _printf_s                                0x00000000   Number         0  stubs.o ABSOLUTE
    _printf_sizespec                         0x00000000   Number         0  stubs.o ABSOLUTE
    _printf_str                              0x00000000   Number         0  stubs.o ABSOLUTE
    _printf_truncate_signed                  0x00000000   Number         0  stubs.o ABSOLUTE
    _printf_truncate_unsigned                0x00000000   Number         0  stubs.o ABSOLUTE
    _printf_u                                0x00000000   Number         0  stubs.o ABSOLUTE
    _printf_wc                               0x00000000   Number         0  stubs.o ABSOLUTE
    _printf_wctomb                           0x00000000   Number         0  stubs.o ABSOLUTE
    _printf_widthprec                        0x00000000   Number         0  stubs.o ABSOLUTE
    _printf_x                                0x00000000   Number         0  stubs.o ABSOLUTE
    _clock_init                               - Undefined Weak Reference
    __Vectors_Size                           0x00000130   Number         0  startup_stm32f10x_xl.o ABSOLUTE
    __Vectors                                0x08000000   Data           4  startup_stm32f10x_xl.o(RESET)
    __Vectors_End                            0x08000130   Data           0  startup_stm32f10x_xl.o(RESET)
    __main                                   0x08000131   Thumb Code     0  entry.o(.ARM.Collect$$$$00000000)
    _main_stk                                0x08000131   Thumb Code     0  entry2.o(.ARM.Collect$$$$00000001)
    _main_scatterload                        0x08000135   Thumb Code     0  entry5.o(.ARM.Collect$$$$00000004)
    __main_after_scatterload                 0x08000139   Thumb Code     0  entry5.o(.ARM.Collect$$$$00000004)
    _main_clock                              0x08000139   Thumb Code     0  entry7b.o(.ARM.Collect$$$$00000008)
    _main_init                               0x08000139   Thumb Code     0  entry8.o(.ARM.Collect$$$$00000009)
    SystemInit                               0x08000145   Thumb Code     2  main.o(.text)
    mainSSLTest                              0x08000511   Thumb Code  2364  main.o(.text)
    USART_Configuration                      0x08000f75   Thumb Code    50  start.o(.text)
    GPIO_Configuration                       0x08000fa7   Thumb Code    50  start.o(.text)
    NVIC_Configuration                       0x08000fd9   Thumb Code    14  start.o(.text)
    RCC_Configuration                        0x08000fe7   Thumb Code   126  start.o(.text)
    main                                     0x08001065   Thumb Code    66  start.o(.text)
    fputc                                    0x080010a7   Thumb Code    58  start.o(.text)
    NMIException                             0x0800114d   Thumb Code     2  stm32f10x_it.o(.text)
    NMI_Handler                              0x0800114d   Thumb Code     0  stm32f10x_it.o(.text)
    HardFaultException                       0x0800114f   Thumb Code     4  stm32f10x_it.o(.text)
    HardFault_Handler                        0x0800114f   Thumb Code     0  stm32f10x_it.o(.text)
    MemManageException                       0x08001153   Thumb Code     4  stm32f10x_it.o(.text)
    MemManage_Handler                        0x08001153   Thumb Code     0  stm32f10x_it.o(.text)
    BusFaultException                        0x08001157   Thumb Code     4  stm32f10x_it.o(.text)
    BusFault_Handler                         0x08001157   Thumb Code     0  stm32f10x_it.o(.text)
    UsageFaultException                      0x0800115b   Thumb Code     4  stm32f10x_it.o(.text)
    UsageFault_Handler                       0x0800115b   Thumb Code     0  stm32f10x_it.o(.text)
    DebugMon_Handler                         0x0800115f   Thumb Code     0  stm32f10x_it.o(.text)
    DebugMonitor                             0x0800115f   Thumb Code     2  stm32f10x_it.o(.text)
    SVCHandler                               0x08001161   Thumb Code     2  stm32f10x_it.o(.text)
    SVC_Handler                              0x08001161   Thumb Code     0  stm32f10x_it.o(.text)
    PendSVC                                  0x08001163   Thumb Code     2  stm32f10x_it.o(.text)
    PendSV_Handler                           0x08001163   Thumb Code     0  stm32f10x_it.o(.text)
    SysTickHandler                           0x08001165   Thumb Code     2  stm32f10x_it.o(.text)
    SysTick_Handler                          0x08001165   Thumb Code     0  stm32f10x_it.o(.text)
    WWDG_IRQHandler                          0x08001167   Thumb Code     2  stm32f10x_it.o(.text)
    PVD_IRQHandler                           0x08001169   Thumb Code     2  stm32f10x_it.o(.text)
    TAMPER_IRQHandler                        0x0800116b   Thumb Code     2  stm32f10x_it.o(.text)
    RTC_IRQHandler                           0x0800116d   Thumb Code     2  stm32f10x_it.o(.text)
    FLASH_IRQHandler                         0x0800116f   Thumb Code     2  stm32f10x_it.o(.text)
    RCC_IRQHandler                           0x08001171   Thumb Code     2  stm32f10x_it.o(.text)
    EXTI0_IRQHandler                         0x08001173   Thumb Code     2  stm32f10x_it.o(.text)
    EXTI1_IRQHandler                         0x08001175   Thumb Code     2  stm32f10x_it.o(.text)
    EXTI2_IRQHandler                         0x08001177   Thumb Code     2  stm32f10x_it.o(.text)
    EXTI3_IRQHandler                         0x08001179   Thumb Code     2  stm32f10x_it.o(.text)
    EXTI4_IRQHandler                         0x0800117b   Thumb Code     2  stm32f10x_it.o(.text)
    DMA1_Channel1_IRQHandler                 0x0800117d   Thumb Code     2  stm32f10x_it.o(.text)
    DMA1_Channel2_IRQHandler                 0x0800117f   Thumb Code     2  stm32f10x_it.o(.text)
    DMA1_Channel3_IRQHandler                 0x08001181   Thumb Code     2  stm32f10x_it.o(.text)
    DMA1_Channel4_IRQHandler                 0x08001183   Thumb Code     2  stm32f10x_it.o(.text)
    DMA1_Channel5_IRQHandler                 0x08001185   Thumb Code     2  stm32f10x_it.o(.text)
    DMA1_Channel6_IRQHandler                 0x08001187   Thumb Code     2  stm32f10x_it.o(.text)
    DMA1_Channel7_IRQHandler                 0x08001189   Thumb Code     2  stm32f10x_it.o(.text)
    ADC1_2_IRQHandler                        0x0800118b   Thumb Code     2  stm32f10x_it.o(.text)
    USB_HP_CAN_TX_IRQHandler                 0x0800118d   Thumb Code     2  stm32f10x_it.o(.text)
    USB_LP_CAN_RX0_IRQHandler                0x0800118f   Thumb Code     2  stm32f10x_it.o(.text)
    CAN_RX1_IRQHandler                       0x08001191   Thumb Code     2  stm32f10x_it.o(.text)
    CAN_SCE_IRQHandler                       0x08001193   Thumb Code     2  stm32f10x_it.o(.text)
    EXTI9_5_IRQHandler                       0x08001195   Thumb Code     2  stm32f10x_it.o(.text)
    TIM1_BRK_IRQHandler                      0x08001197   Thumb Code     2  stm32f10x_it.o(.text)
    TIM1_UP_IRQHandler                       0x08001199   Thumb Code     2  stm32f10x_it.o(.text)
    TIM1_TRG_COM_IRQHandler                  0x0800119b   Thumb Code     2  stm32f10x_it.o(.text)
    TIM1_CC_IRQHandler                       0x0800119d   Thumb Code     2  stm32f10x_it.o(.text)
    TIM2_IRQHandler                          0x0800119f   Thumb Code     2  stm32f10x_it.o(.text)
    TIM3_IRQHandler                          0x080011a1   Thumb Code     2  stm32f10x_it.o(.text)
    TIM4_IRQHandler                          0x080011a3   Thumb Code     2  stm32f10x_it.o(.text)
    I2C1_EV_IRQHandler                       0x080011a5   Thumb Code     2  stm32f10x_it.o(.text)
    I2C1_ER_IRQHandler                       0x080011a7   Thumb Code     2  stm32f10x_it.o(.text)
    I2C2_EV_IRQHandler                       0x080011a9   Thumb Code     2  stm32f10x_it.o(.text)
    I2C2_ER_IRQHandler                       0x080011ab   Thumb Code     2  stm32f10x_it.o(.text)
    SPI1_IRQHandler                          0x080011ad   Thumb Code     2  stm32f10x_it.o(.text)
    SPI2_IRQHandler                          0x080011af   Thumb Code     2  stm32f10x_it.o(.text)
    USART1_IRQHandler                        0x080011b1   Thumb Code     2  stm32f10x_it.o(.text)
    USART2_IRQHandler                        0x080011b3   Thumb Code     2  stm32f10x_it.o(.text)
    USART3_IRQHandler                        0x080011b5   Thumb Code     2  stm32f10x_it.o(.text)
    EXTI15_10_IRQHandler                     0x080011b7   Thumb Code     2  stm32f10x_it.o(.text)
    RTCAlarm_IRQHandler                      0x080011b9   Thumb Code     2  stm32f10x_it.o(.text)
    USBWakeUp_IRQHandler                     0x080011bb   Thumb Code     2  stm32f10x_it.o(.text)
    TIM8_BRK_IRQHandler                      0x080011bd   Thumb Code     2  stm32f10x_it.o(.text)
    TIM8_UP_IRQHandler                       0x080011bf   Thumb Code     2  stm32f10x_it.o(.text)
    TIM8_TRG_COM_IRQHandler                  0x080011c1   Thumb Code     2  stm32f10x_it.o(.text)
    TIM8_CC_IRQHandler                       0x080011c3   Thumb Code     2  stm32f10x_it.o(.text)
    ADC3_IRQHandler                          0x080011c5   Thumb Code     2  stm32f10x_it.o(.text)
    FSMC_IRQHandler                          0x080011c7   Thumb Code     2  stm32f10x_it.o(.text)
    SDIO_IRQHandler                          0x080011c9   Thumb Code     2  stm32f10x_it.o(.text)
    TIM5_IRQHandler                          0x080011cb   Thumb Code     2  stm32f10x_it.o(.text)
    SPI3_IRQHandler                          0x080011cd   Thumb Code     2  stm32f10x_it.o(.text)
    UART4_IRQHandler                         0x080011cf   Thumb Code     2  stm32f10x_it.o(.text)
    UART5_IRQHandler                         0x080011d1   Thumb Code     2  stm32f10x_it.o(.text)
    TIM6_IRQHandler                          0x080011d3   Thumb Code     2  stm32f10x_it.o(.text)
    TIM7_IRQHandler                          0x080011d5   Thumb Code     2  stm32f10x_it.o(.text)
    DMA2_Channel1_IRQHandler                 0x080011d7   Thumb Code     2  stm32f10x_it.o(.text)
    DMA2_Channel2_IRQHandler                 0x080011d9   Thumb Code     2  stm32f10x_it.o(.text)
    DMA2_Channel3_IRQHandler                 0x080011db   Thumb Code     2  stm32f10x_it.o(.text)
    DMA2_Channel4_5_IRQHandler               0x080011dd   Thumb Code     2  stm32f10x_it.o(.text)
    Reset_Handler                            0x080011e1   Thumb Code     8  startup_stm32f10x_xl.o(.text)
    CAN1_RX1_IRQHandler                      0x080011fb   Thumb Code     0  startup_stm32f10x_xl.o(.text)
    CAN1_SCE_IRQHandler                      0x080011fb   Thumb Code     0  startup_stm32f10x_xl.o(.text)
    TIM1_BRK_TIM9_IRQHandler                 0x080011fb   Thumb Code     0  startup_stm32f10x_xl.o(.text)
    TIM1_TRG_COM_TIM11_IRQHandler            0x080011fb   Thumb Code     0  startup_stm32f10x_xl.o(.text)
    TIM1_UP_TIM10_IRQHandler                 0x080011fb   Thumb Code     0  startup_stm32f10x_xl.o(.text)
    TIM8_BRK_TIM12_IRQHandler                0x080011fb   Thumb Code     0  startup_stm32f10x_xl.o(.text)
    TIM8_TRG_COM_TIM14_IRQHandler            0x080011fb   Thumb Code     0  startup_stm32f10x_xl.o(.text)
    TIM8_UP_TIM13_IRQHandler                 0x080011fb   Thumb Code     0  startup_stm32f10x_xl.o(.text)
    USB_HP_CAN1_TX_IRQHandler                0x080011fb   Thumb Code     0  startup_stm32f10x_xl.o(.text)
    USB_LP_CAN1_RX0_IRQHandler               0x080011fb   Thumb Code     0  startup_stm32f10x_xl.o(.text)
    psHmacMd5Final                           0x08001205   Thumb Code   100  hmac.o(.text)
    psHmacMd5Update                          0x08001269   Thumb Code    46  hmac.o(.text)
    psHmacMd5Init                            0x08001297   Thumb Code   118  hmac.o(.text)
    psHmacMd5                                0x0800130d   Thumb Code   104  hmac.o(.text)
    psHmacSha1Final                          0x08001375   Thumb Code   100  hmac.o(.text)
    psHmacSha1Update                         0x080013d9   Thumb Code    46  hmac.o(.text)
    psHmacSha1Init                           0x08001407   Thumb Code   118  hmac.o(.text)
    psHmacSha1                               0x0800147d   Thumb Code   104  hmac.o(.text)
    psMd5Init                                0x08001737   Thumb Code    56  md5.o(.text)
    psMd5Update                              0x0800176f   Thumb Code   146  md5.o(.text)
    psMd5Final                               0x08001801   Thumb Code   492  md5.o(.text)
    psSha1Init                               0x08001bef   Thumb Code    60  sha1.o(.text)
    psSha1Update                             0x08001c2b   Thumb Code   142  sha1.o(.text)
    psSha1Final                              0x08001cb9   Thumb Code   506  sha1.o(.text)
    getAsnLength                             0x08001eb5   Thumb Code   126  asn1.o(.text)
    getAsnBig                                0x08001f33   Thumb Code   118  asn1.o(.text)
    getAsnSequence                           0x08001fa9   Thumb Code    66  asn1.o(.text)
    getAsnSet                                0x08001feb   Thumb Code    60  asn1.o(.text)
    getAsnInteger                            0x08002027   Thumb Code   174  asn1.o(.text)
    getAsnAlgorithmIdentifier                0x080020d5   Thumb Code   252  asn1.o(.text)
    getAsnRsaPubKey                          0x080021d1   Thumb Code   174  asn1.o(.text)
    psX509GetSignature                       0x080022dd   Thumb Code   154  x509.o(.text)
    psX509GetDNAttributes                    0x080028e1   Thumb Code   752  x509.o(.text)
    psX509ParseCert                          0x08002e01   Thumb Code   906  x509.o(.text)
    psX509FreeDNStruct                       0x0800318b   Thumb Code    76  x509.o(.text)
    psX509FreeCert                           0x080031d7   Thumb Code   220  x509.o(.text)
    psX509AuthenticateCert                   0x080033ad   Thumb Code   432  x509.o(.text)
    pstm_init_size                           0x0800357d   Thumb Code    66  pstm.o(.text)
    pstm_init                                0x080035bf   Thumb Code    60  pstm.o(.text)
    pstm_grow                                0x080035fb   Thumb Code    70  pstm.o(.text)
    pstm_copy                                0x08003641   Thumb Code    98  pstm.o(.text)
    pstm_clamp                               0x080036a3   Thumb Code    44  pstm.o(.text)
    pstm_clear                               0x080036cf   Thumb Code    48  pstm.o(.text)
    pstm_clear_multi                         0x080036ff   Thumb Code    80  pstm.o(.text)
    pstm_zero                                0x0800374f   Thumb Code    28  pstm.o(.text)
    pstm_cmp_mag                             0x0800376b   Thumb Code   112  pstm.o(.text)
    pstm_cmp                                 0x080037db   Thumb Code    58  pstm.o(.text)
    pstm_init_for_read_unsigned_bin          0x08003815   Thumb Code    34  pstm.o(.text)
    pstm_lshd                                0x08003837   Thumb Code   134  pstm.o(.text)
    pstm_read_unsigned_bin                   0x08003979   Thumb Code   116  pstm.o(.text)
    pstm_count_bits                          0x080039ed   Thumb Code    48  pstm.o(.text)
    pstm_unsigned_bin_size                   0x08003a1d   Thumb Code    38  pstm.o(.text)
    pstm_set                                 0x08003a43   Thumb Code    32  pstm.o(.text)
    pstm_rshd                                0x08003a63   Thumb Code    94  pstm.o(.text)
    pstm_2expt                               0x08003ac1   Thumb Code   106  pstm.o(.text)
    pstm_mul_2                               0x08003b2b   Thumb Code   186  pstm.o(.text)
    s_pstm_sub                               0x08003be5   Thumb Code   240  pstm.o(.text)
    pstm_sub                                 0x08003e15   Thumb Code   108  pstm.o(.text)
    pstm_sub_d                               0x08003e81   Thumb Code    62  pstm.o(.text)
    pstm_montgomery_setup                    0x08003ebf   Thumb Code    72  pstm.o(.text)
    pstm_montgomery_calc_normalization       0x08003f07   Thumb Code   138  pstm.o(.text)
    pstm_mul_d                               0x08004037   Thumb Code   200  pstm.o(.text)
    pstm_div_2d                              0x080040ff   Thumb Code   254  pstm.o(.text)
    pstm_div_2                               0x080041fd   Thumb Code   186  pstm.o(.text)
    pstm_init_copy                           0x080042b7   Thumb Code    82  pstm.o(.text)
    pstm_add                                 0x08004309   Thumb Code   106  pstm.o(.text)
    pstm_div                                 0x08004373   Thumb Code  1024  pstm.o(.text)
    pstm_mod                                 0x0800478f   Thumb Code   114  pstm.o(.text)
    pstm_mul_comba                           0x08004801   Thumb Code   438  pstm.o(.text)
    pstm_mulmod                              0x080049b7   Thumb Code   126  pstm.o(.text)
    pstm_montgomery_reduce                   0x08004a35   Thumb Code   390  pstm.o(.text)
    pstm_sqr_comba                           0x08004bbb   Thumb Code   632  pstm.o(.text)
    pstm_exptmod                             0x08004e33   Thumb Code  1056  pstm.o(.text)
    pstm_to_unsigned_bin                     0x0800526f   Thumb Code   120  pstm.o(.text)
    pstm_cmp_d                               0x080052e7   Thumb Code    62  pstm.o(.text)
    psInitPrng                               0x08005325   Thumb Code    80  prng.o(.text)
    psGetPrng                                0x080053ef   Thumb Code    48  prng.o(.text)
    psYarrowStart                            0x0800541f   Thumb Code    28  yarrow.o(.text)
    psYarrowAddEntropy                       0x0800543b   Thumb Code    70  yarrow.o(.text)
    psYarrowReseed                           0x08005481   Thumb Code   206  yarrow.o(.text)
    psYarrowRead                             0x0800554f   Thumb Code   194  yarrow.o(.text)
    psYarrowDone                             0x08005611   Thumb Code     6  yarrow.o(.text)
    psYarrowExport                           0x08005617   Thumb Code    54  yarrow.o(.text)
    psYarrowImport                           0x0800564d   Thumb Code    72  yarrow.o(.text)
    pkcs1Pad                                 0x08005695   Thumb Code   132  pkcs.o(.text)
    pkcs1Unpad                               0x08005719   Thumb Code   112  pkcs.o(.text)
    pkcs1ParsePrivBin                        0x08005789   Thumb Code   310  pkcs.o(.text)
    pkcs5pbkdf2                              0x080058bf   Thumb Code   262  pkcs.o(.text)
    pkcs8ParsePrivBin                        0x080059c5   Thumb Code   842  pkcs.o(.text)
    pkcs5pbkdf1                              0x08005d0f   Thumb Code   164  pkcs.o(.text)
    psNewPubKey                              0x08005dc5   Thumb Code    60  pubkey.o(.text)
    psFreePubKey                             0x08005e01   Thumb Code    38  pubkey.o(.text)
    psRsaFreeKey                             0x08005e27   Thumb Code    74  rsa.o(.text)
    psRsaCrypt                               0x08005e71   Thumb Code   476  rsa.o(.text)
    psRsaEncryptPub                          0x0800604d   Thumb Code   104  rsa.o(.text)
    psRsaDecryptPriv                         0x080060b5   Thumb Code   106  rsa.o(.text)
    psRsaDecryptPub                          0x0800611f   Thumb Code   104  rsa.o(.text)
    psAesInitKey                             0x08006259   Thumb Code   726  aes.o(.text)
    psAesInit                                0x0800652f   Thumb Code    96  aes.o(.text)
    psAesEncryptBlock                        0x0800658f   Thumb Code  1170  aes.o(.text)
    psAesEncrypt                             0x08006a21   Thumb Code   142  aes.o(.text)
    psAesDecryptBlock                        0x08006aaf   Thumb Code  1180  aes.o(.text)
    psAesDecrypt                             0x08006f4b   Thumb Code   176  aes.o(.text)
    psDes3InitKey                            0x08007355   Thumb Code   110  des3.o(.text)
    psDes3Init                               0x080073c3   Thumb Code    96  des3.o(.text)
    psDes3EncryptBlock                       0x08007423   Thumb Code   178  des3.o(.text)
    psDes3Encrypt                            0x080074d5   Thumb Code   142  des3.o(.text)
    psDes3DecryptBlock                       0x08007563   Thumb Code   128  des3.o(.text)
    psDes3Decrypt                            0x080075e3   Thumb Code   176  des3.o(.text)
    SslTimerIntHandler                       0x080076d3   Thumb Code     2  noos.o(.text)
    abort                                    0x080076d5   Thumb Code     4  noos.o(.text)
    NoOSTime                                 0x080076d9   Thumb Code    18  noos.o(.text)
    sslSetHardwareTimer                      0x080076eb   Thumb Code     2  noos.o(.text)
    sslOpenOsdep                             0x080076ed   Thumb Code    14  noos.o(.text)
    sslCloseOsdep                            0x080076fb   Thumb Code     4  noos.o(.text)
    sslGetEntropy                            0x080076ff   Thumb Code    32  noos.o(.text)
    _psTrace                                 0x0800771f   Thumb Code    12  noos.o(.text)
    _psTraceStr                              0x0800772b   Thumb Code    26  noos.o(.text)
    psBreak                                  0x08007745   Thumb Code     2  noos.o(.text)
    psGetTime                                0x08007747   Thumb Code    14  noos.o(.text)
    psDiffMsecs                              0x08007755   Thumb Code    82  noos.o(.text)
    psCompareTime                            0x080077a7   Thumb Code    36  noos.o(.text)
    psCoreOpen                               0x080077cb   Thumb Code     2  noos.o(.text)
    psCoreClose                              0x080077cd   Thumb Code     2  noos.o(.text)
    csRsaEncryptPub                          0x080079fb   Thumb Code    64  ciphersuite.o(.text)
    csRsaDecryptPub                          0x08007a3b   Thumb Code    64  ciphersuite.o(.text)
    csRsaEncryptPriv                         0x08007a7b   Thumb Code    14  ciphersuite.o(.text)
    csRsaDecryptPriv                         0x08007a89   Thumb Code    64  ciphersuite.o(.text)
    matrixSslSetCipherSuiteEnabledStatus     0x08007ac9   Thumb Code   328  ciphersuite.o(.text)
    sslGetCipherSpec                         0x08007cb5   Thumb Code   120  ciphersuite.o(.text)
    sslGetCipherSpecList                     0x08007d2d   Thumb Code   160  ciphersuite.o(.text)
    sslGetCipherSpecListLen                  0x08007dcd   Thumb Code    52  ciphersuite.o(.text)
    matrixSslOpen                            0x08007e05   Thumb Code    50  matrixssl.o(.text)
    matrixSslGetPrngData                     0x08007e37   Thumb Code    22  matrixssl.o(.text)
    matrixSslClose                           0x08007e4d   Thumb Code    28  matrixssl.o(.text)
    matrixSslNewKeys                         0x08007e69   Thumb Code    40  matrixssl.o(.text)
    matrixSslLoadRsaKeysMem                  0x0800800f   Thumb Code    46  matrixssl.o(.text)
    matrixSslDeleteKeys                      0x0800803d   Thumb Code    48  matrixssl.o(.text)
    sslActivateWriteCipher                   0x0800806d   Thumb Code   206  matrixssl.o(.text)
    sslActivateReadCipher                    0x0800813b   Thumb Code   220  matrixssl.o(.text)
    matrixSslNewSession                      0x08008217   Thumb Code   406  matrixssl.o(.text)
    matrixUpdateSession                      0x080083ad   Thumb Code   228  matrixssl.o(.text)
    matrixSslDeleteSession                   0x08008491   Thumb Code   130  matrixssl.o(.text)
    matrixClearSession                       0x08008513   Thumb Code   154  matrixssl.o(.text)
    matrixSslSetSessionOption                0x080085ad   Thumb Code    50  matrixssl.o(.text)
    matrixSslGetAnonStatus                   0x080085df   Thumb Code     8  matrixssl.o(.text)
    matrixSslHandshakeIsComplete             0x080085e7   Thumb Code    20  matrixssl.o(.text)
    matrixSslSetCertValidator                0x080085fb   Thumb Code    10  matrixssl.o(.text)
    sslInitHSHash                            0x08008605   Thumb Code    24  matrixssl.o(.text)
    sslUpdateHSHash                          0x0800861d   Thumb Code    36  matrixssl.o(.text)
    sslSnapshotHSHash                        0x08008641   Thumb Code    94  matrixssl.o(.text)
    sslCreateKeys                            0x0800869f   Thumb Code    32  matrixssl.o(.text)
    matrixRegisterSession                    0x080086bf   Thumb Code   466  matrixssl.o(.text)
    matrixResumeSession                      0x08008891   Thumb Code   356  matrixssl.o(.text)
    matrixSslGetSessionId                    0x080089f5   Thumb Code   106  matrixssl.o(.text)
    sslResetContext                          0x08008a5f   Thumb Code    38  matrixssl.o(.text)
    matrixValidateCerts                      0x08008a85   Thumb Code   218  matrixssl.o(.text)
    matrixUserCertValidator                  0x08008b5f   Thumb Code    40  matrixssl.o(.text)
    matrixSslNewClientSession                0x08008b91   Thumb Code   274  matrixsslapi.o(.text)
    matrixSslNewServerSession                0x08008ca3   Thumb Code    98  matrixsslapi.o(.text)
    matrixSslGetReadbuf                      0x08008d05   Thumb Code    90  matrixsslapi.o(.text)
    matrixSslGetOutdata                      0x08008d5f   Thumb Code    74  matrixsslapi.o(.text)
    matrixSslGetWritebuf                     0x08008da9   Thumb Code   574  matrixsslapi.o(.text)
    matrixSslEncodeWritebuf                  0x08008fe7   Thumb Code   582  matrixsslapi.o(.text)
    matrixSslEncodeToOutdata                 0x0800922d   Thumb Code   290  matrixsslapi.o(.text)
    matrixSslReceivedData                    0x080093c7   Thumb Code  1780  matrixsslapi.o(.text)
    matrixSslProcessedData                   0x08009abb   Thumb Code   168  matrixsslapi.o(.text)
    matrixSslEncodeClosureAlert              0x08009b63   Thumb Code   242  matrixsslapi.o(.text)
    matrixSslEncodeRehandshake               0x08009c55   Thumb Code   544  matrixsslapi.o(.text)
    matrixSslAddRehandshakeCredits           0x08009e75   Thumb Code    30  matrixsslapi.o(.text)
    matrixSslSentData                        0x08009e93   Thumb Code   214  matrixsslapi.o(.text)
    matrixSslDecode                          0x0800b143   Thumb Code  1796  ssldecode.o(.text)
    sslWritePad                              0x0800b889   Thumb Code    28  sslencode.o(.text)
    psWriteHandshakeHeader                   0x0800bb01   Thumb Code    36  sslencode.o(.text)
    psWriteRecordInfo                        0x0800bb25   Thumb Code    44  sslencode.o(.text)
    matrixSslEncode                          0x0800bc97   Thumb Code   508  sslencode.o(.text)
    matrixSslGetEncodedSize                  0x0800be93   Thumb Code   240  sslencode.o(.text)
    sslEncodeResponse                        0x0800c86b   Thumb Code  1094  sslencode.o(.text)
    sslEncodeClosureAlert                    0x0800ccb1   Thumb Code    42  sslencode.o(.text)
    matrixSslEncodeHelloRequest              0x0800ccdb   Thumb Code   206  sslencode.o(.text)
    matrixSslEncodeClientHello               0x0800cda9   Thumb Code  1032  sslencode.o(.text)
    sslDeriveKeys                            0x0800d34d   Thumb Code   192  sslv3.o(.text)
    sslGenerateFinishedHash                  0x0800d40d   Thumb Code   222  sslv3.o(.text)
    ssl3HMACSha1                             0x0800d4eb   Thumb Code   174  sslv3.o(.text)
    tlsDeriveKeys                            0x0800d7d9   Thumb Code   404  tls.o(.text)
    tlsHMACSha1                              0x0800d96d   Thumb Code   306  tls.o(.text)
    tlsGenerateFinishedHash                  0x0800da9f   Thumb Code   112  tls.o(.text)
    matrixSslNewHelloExtension               0x0800db0f   Thumb Code    38  tls.o(.text)
    matrixSslDeleteHelloExtension            0x0800db35   Thumb Code    58  tls.o(.text)
    matrixSslLoadHelloExtension              0x0800db6f   Thumb Code   146  tls.o(.text)
    __aeabi_uldivmod                         0x0800dc21   Thumb Code    98  uldiv.o(.text)
    __aeabi_llsl                             0x0800dc83   Thumb Code    30  llshl.o(.text)
    _ll_shift_l                              0x0800dc83   Thumb Code     0  llshl.o(.text)
    __aeabi_llsr                             0x0800dca1   Thumb Code    32  llushr.o(.text)
    _ll_ushift_r                             0x0800dca1   Thumb Code     0  llushr.o(.text)
    ___aeabi_memcpy8$move                    0x0800dcc1   Thumb Code     0  memmovea.o(.text)
    __aeabi_memcpy                           0x0800dcc1   Thumb Code    64  memmovea.o(.text)
    __aeabi_memcpy4                          0x0800dcc1   Thumb Code     0  memmovea.o(.text)
    __aeabi_memmove                          0x0800dcc1   Thumb Code     0  memmovea.o(.text)
    __aeabi_memmove4                         0x0800dcc1   Thumb Code     0  memmovea.o(.text)
    __aeabi_memmove8                         0x0800dcc1   Thumb Code     0  memmovea.o(.text)
    __aeabi_memset                           0x0800dd01   Thumb Code    14  memseta.o(.text)
    __aeabi_memset4                          0x0800dd01   Thumb Code     0  memseta.o(.text)
    __aeabi_memset8                          0x0800dd01   Thumb Code     0  memseta.o(.text)
    __aeabi_memclr                           0x0800dd0f   Thumb Code     4  memseta.o(.text)
    __aeabi_memclr4                          0x0800dd0f   Thumb Code     0  memseta.o(.text)
    __aeabi_memclr8                          0x0800dd0f   Thumb Code     0  memseta.o(.text)
    _memset$wrapper                          0x0800dd13   Thumb Code    20  memseta.o(.text)
    strlen                                   0x0800dd27   Thumb Code    16  strlen.o(.text)
    memcmp                                   0x0800dd37   Thumb Code    26  memcmp.o(.text)
    __scatterload                            0x0800dd51   Thumb Code    28  init.o(.text)
    __scatterload_rt2                        0x0800dd51   Thumb Code     0  init.o(.text)
    __decompress                             0x0800dd75   Thumb Code     0  __dclz77c.o(.text)
    __decompress2                            0x0800dd75   Thumb Code    96  __dclz77c.o(.text)
    FLASH_PrefetchBufferCmd                  0x0800ddd5   Thumb Code    18  stm32f10x_flash.o(i.FLASH_PrefetchBufferCmd)
    FLASH_SetLatency                         0x0800dded   Thumb Code    18  stm32f10x_flash.o(i.FLASH_SetLatency)
    GPIO_Init                                0x0800de05   Thumb Code   154  stm32f10x_gpio.o(i.GPIO_Init)
    NVIC_SetVectorTable                      0x0800dea1   Thumb Code    12  stm32f10x_nvic.o(i.NVIC_SetVectorTable)
    RCC_APB1PeriphClockCmd                   0x0800deb5   Thumb Code    18  stm32f10x_rcc.o(i.RCC_APB1PeriphClockCmd)
    RCC_APB2PeriphClockCmd                   0x0800decd   Thumb Code    18  stm32f10x_rcc.o(i.RCC_APB2PeriphClockCmd)
    RCC_DeInit                               0x0800dee5   Thumb Code    48  stm32f10x_rcc.o(i.RCC_DeInit)
    RCC_GetClocksFreq                        0x0800df21   Thumb Code   136  stm32f10x_rcc.o(i.RCC_GetClocksFreq)
    RCC_GetFlagStatus                        0x0800dfb9   Thumb Code    44  stm32f10x_rcc.o(i.RCC_GetFlagStatus)
    RCC_GetSYSCLKSource                      0x0800dfe9   Thumb Code    10  stm32f10x_rcc.o(i.RCC_GetSYSCLKSource)
    RCC_HCLKConfig                           0x0800dff9   Thumb Code    14  stm32f10x_rcc.o(i.RCC_HCLKConfig)
    RCC_HSEConfig                            0x0800e00d   Thumb Code    48  stm32f10x_rcc.o(i.RCC_HSEConfig)
    RCC_PCLK1Config                          0x0800e041   Thumb Code    14  stm32f10x_rcc.o(i.RCC_PCLK1Config)
    RCC_PCLK2Config                          0x0800e055   Thumb Code    16  stm32f10x_rcc.o(i.RCC_PCLK2Config)
    RCC_PLLCmd                               0x0800e069   Thumb Code     6  stm32f10x_rcc.o(i.RCC_PLLCmd)
    RCC_PLLConfig                            0x0800e075   Thumb Code    16  stm32f10x_rcc.o(i.RCC_PLLConfig)
    RCC_SYSCLKConfig                         0x0800e089   Thumb Code    14  stm32f10x_rcc.o(i.RCC_SYSCLKConfig)
    RCC_WaitForHSEStartUp                    0x0800e09d   Thumb Code    46  stm32f10x_rcc.o(i.RCC_WaitForHSEStartUp)
    USART_Cmd                                0x0800e0d1   Thumb Code    20  stm32f10x_usart.o(i.USART_Cmd)
    USART_GetFlagStatus                      0x0800e0e5   Thumb Code    14  stm32f10x_usart.o(i.USART_GetFlagStatus)
    USART_Init                               0x0800e0f5   Thumb Code   134  stm32f10x_usart.o(i.USART_Init)
    USART_SendData                           0x0800e181   Thumb Code     8  stm32f10x_usart.o(i.USART_SendData)
    __0fprintf$8                             0x0800e189   Thumb Code    22  printf8.o(i.__0fprintf$8)
    __1fprintf$8                             0x0800e189   Thumb Code     0  printf8.o(i.__0fprintf$8)
    __2fprintf                               0x0800e189   Thumb Code     0  printf8.o(i.__0fprintf$8)
    __0printf$8                              0x0800e1a5   Thumb Code    22  printf8.o(i.__0printf$8)
    __1printf$8                              0x0800e1a5   Thumb Code     0  printf8.o(i.__0printf$8)
    __2printf                                0x0800e1a5   Thumb Code     0  printf8.o(i.__0printf$8)
    free                                     0x0800e1c5   Thumb Code    88  mallocr.o(i.__free$realloc)
    malloc                                   0x0800e221   Thumb Code    64  mallocr.o(i.__malloc$realloc)
    __scatterload_copy                       0x0800e271   Thumb Code    14  handlers.o(i.__scatterload_copy)
    __scatterload_null                       0x0800e27f   Thumb Code     2  handlers.o(i.__scatterload_null)
    __scatterload_zeroinit                   0x0800e281   Thumb Code    14  handlers.o(i.__scatterload_zeroinit)
    realloc                                  0x0800e751   Thumb Code   104  mallocr.o(i.realloc)
    Region$$Table$$Base                      0x0801041c   Number         0  anon$$obj.o(Region$$Table)
    Region$$Table$$Limit                     0x0801043c   Number         0  anon$$obj.o(Region$$Table)
    privkeySrvBuf                            0x20000000   Data         608  main.o(.data)
    certSrvBuf                               0x20000260   Data         676  main.o(.data)
    CAcertSrvBuf                             0x20000504   Data         660  main.o(.data)
    HSEStartUpStatus                         0x200008b8   Data           1  start.o(.data)
    __stderr                                 0x20000978   Data           4  stderr.o(.data)
    __stdout                                 0x2000097c   Data           4  stdout.o(.data)
    __microlib_freelist                      0x20000980   Data           4  mvars.o(.data)
    __microlib_freelist_initialised          0x20000984   Data           4  mvars.o(.data)
    __heap_base                              0x200019b0   Data           0  startup_stm32f10x_xl.o(HEAP)
    __heap_limit                             0x200099b0   Data           0  startup_stm32f10x_xl.o(HEAP)
    __initial_sp                             0x20009db0   Data           0  startup_stm32f10x_xl.o(STACK)



==============================================================================

Memory Map of the image

  Image Entry point : 0x08000131

  Load Region LR_IROM1 (Base: 0x08000000, Size: 0x00010dc4, Max: 0x00100000, ABSOLUTE, COMPRESSED[0x00010a2c])

    Execution Region ER_IROM1 (Base: 0x08000000, Size: 0x0001043c, Max: 0x00100000, ABSOLUTE)

    Base Addr    Size         Type   Attr      Idx    E Section Name        Object

    0x08000000   0x00000130   Data   RO          211    RESET               startup_stm32f10x_xl.o
    0x08000130   0x00000000   Code   RO         1519  * .ARM.Collect$$$$00000000  mc_w.l(entry.o)
    0x08000130   0x00000004   Code   RO         1832    .ARM.Collect$$$$00000001  mc_w.l(entry2.o)
    0x08000134   0x00000004   Code   RO         1835    .ARM.Collect$$$$00000004  mc_w.l(entry5.o)
    0x08000138   0x00000000   Code   RO         1837    .ARM.Collect$$$$00000008  mc_w.l(entry7b.o)
    0x08000138   0x00000008   Code   RO         1838    .ARM.Collect$$$$00000009  mc_w.l(entry8.o)
    0x08000140   0x00000004   Code   RO         1833    .ARM.Collect$$$$00002712  mc_w.l(entry2.o)
    0x08000144   0x00000e30   Code   RO            1    .text               main.o
    0x08000f74   0x000001d8   Code   RO           95    .text               start.o
    0x0800114c   0x00000092   Code   RO          194    .text               stm32f10x_it.o
    0x080011de   0x00000002   PAD
    0x080011e0   0x00000024   Code   RO          212    .text               startup_stm32f10x_xl.o
    0x08001204   0x00000358   Code   RO          217    .text               hmac.o
    0x0800155c   0x00000490   Code   RO          259    .text               md5.o
    0x080019ec   0x000004c6   Code   RO          273    .text               sha1.o
    0x08001eb2   0x00000002   PAD
    0x08001eb4   0x00000428   Code   RO          285    .text               asn1.o
    0x080022dc   0x000012a0   Code   RO          341    .text               x509.o
    0x0800357c   0x00001da8   Code   RO          355    .text               pstm.o
    0x08005324   0x000000fa   Code   RO          397    .text               prng.o
    0x0800541e   0x00000276   Code   RO          439    .text               yarrow.o
    0x08005694   0x00000730   Code   RO          451    .text               pkcs.o
    0x08005dc4   0x00000062   Code   RO          493    .text               pubkey.o
    0x08005e26   0x00000360   Code   RO          505    .text               rsa.o
    0x08006186   0x00000002   PAD
    0x08006188   0x00000e84   Code   RO          517    .text               aes.o
    0x0800700c   0x00000686   Code   RO          567    .text               des3.o
    0x08007692   0x00000002   PAD
    0x08007694   0x00000150   Code   RO          587    .text               noos.o
    0x080077e4   0x00000620   Code   RO          604    .text               ciphersuite.o
    0x08007e04   0x00000d8c   Code   RO          630    .text               matrixssl.o
    0x08008b90   0x000013dc   Code   RO          645    .text               matrixsslapi.o
    0x08009f6c   0x0000191c   Code   RO          657    .text               ssldecode.o
    0x0800b888   0x00001928   Code   RO          669    .text               sslencode.o
    0x0800d1b0   0x000003fc   Code   RO          681    .text               sslv3.o
    0x0800d5ac   0x00000674   Code   RO          697    .text               tls.o
    0x0800dc20   0x00000062   Code   RO         1523    .text               mc_w.l(uldiv.o)
    0x0800dc82   0x0000001e   Code   RO         1525    .text               mc_w.l(llshl.o)
    0x0800dca0   0x00000020   Code   RO         1527    .text               mc_w.l(llushr.o)
    0x0800dcc0   0x00000040   Code   RO         1531    .text               mc_w.l(memmovea.o)
    0x0800dd00   0x00000026   Code   RO         1533    .text               mc_w.l(memseta.o)
    0x0800dd26   0x00000010   Code   RO         1535    .text               mc_w.l(strlen.o)
    0x0800dd36   0x0000001a   Code   RO         1537    .text               mc_w.l(memcmp.o)
    0x0800dd50   0x00000024   Code   RO         1855    .text               mc_w.l(init.o)
    0x0800dd74   0x00000060   Code   RO         1869    .text               mc_w.l(__dclz77c.o)
    0x0800ddd4   0x00000018   Code   RO          723    i.FLASH_PrefetchBufferCmd  STM32F10xR.LIB(stm32f10x_flash.o)
    0x0800ddec   0x00000018   Code   RO          728    i.FLASH_SetLatency  STM32F10xR.LIB(stm32f10x_flash.o)
    0x0800de04   0x0000009a   Code   RO          858    i.GPIO_Init         STM32F10xR.LIB(stm32f10x_gpio.o)
    0x0800de9e   0x00000002   PAD
    0x0800dea0   0x00000014   Code   RO          986    i.NVIC_SetVectorTable  STM32F10xR.LIB(stm32f10x_nvic.o)
    0x0800deb4   0x00000018   Code   RO         1149    i.RCC_APB1PeriphClockCmd  STM32F10xR.LIB(stm32f10x_rcc.o)
    0x0800decc   0x00000018   Code   RO         1151    i.RCC_APB2PeriphClockCmd  STM32F10xR.LIB(stm32f10x_rcc.o)
    0x0800dee4   0x0000003c   Code   RO         1158    i.RCC_DeInit        STM32F10xR.LIB(stm32f10x_rcc.o)
    0x0800df20   0x00000098   Code   RO         1159    i.RCC_GetClocksFreq  STM32F10xR.LIB(stm32f10x_rcc.o)
    0x0800dfb8   0x00000030   Code   RO         1160    i.RCC_GetFlagStatus  STM32F10xR.LIB(stm32f10x_rcc.o)
    0x0800dfe8   0x00000010   Code   RO         1162    i.RCC_GetSYSCLKSource  STM32F10xR.LIB(stm32f10x_rcc.o)
    0x0800dff8   0x00000014   Code   RO         1163    i.RCC_HCLKConfig    STM32F10xR.LIB(stm32f10x_rcc.o)
    0x0800e00c   0x00000034   Code   RO         1164    i.RCC_HSEConfig     STM32F10xR.LIB(stm32f10x_rcc.o)
    0x0800e040   0x00000014   Code   RO         1170    i.RCC_PCLK1Config   STM32F10xR.LIB(stm32f10x_rcc.o)
    0x0800e054   0x00000014   Code   RO         1171    i.RCC_PCLK2Config   STM32F10xR.LIB(stm32f10x_rcc.o)
    0x0800e068   0x0000000c   Code   RO         1172    i.RCC_PLLCmd        STM32F10xR.LIB(stm32f10x_rcc.o)
    0x0800e074   0x00000014   Code   RO         1173    i.RCC_PLLConfig     STM32F10xR.LIB(stm32f10x_rcc.o)
    0x0800e088   0x00000014   Code   RO         1176    i.RCC_SYSCLKConfig  STM32F10xR.LIB(stm32f10x_rcc.o)
    0x0800e09c   0x00000034   Code   RO         1178    i.RCC_WaitForHSEStartUp  STM32F10xR.LIB(stm32f10x_rcc.o)
    0x0800e0d0   0x00000014   Code   RO         1352    i.USART_Cmd         STM32F10xR.LIB(stm32f10x_usart.o)
    0x0800e0e4   0x0000000e   Code   RO         1355    i.USART_GetFlagStatus  STM32F10xR.LIB(stm32f10x_usart.o)
    0x0800e0f2   0x00000002   PAD
    0x0800e0f4   0x0000008c   Code   RO         1359    i.USART_Init        STM32F10xR.LIB(stm32f10x_usart.o)
    0x0800e180   0x00000008   Code   RO         1367    i.USART_SendData    STM32F10xR.LIB(stm32f10x_usart.o)
    0x0800e188   0x0000001c   Code   RO         1749    i.__0fprintf$8      mc_w.l(printf8.o)
    0x0800e1a4   0x00000020   Code   RO         1750    i.__0printf$8       mc_w.l(printf8.o)
    0x0800e1c4   0x0000005c   Code   RO         1808    i.__free$realloc    mc_w.l(mallocr.o)
    0x0800e220   0x00000050   Code   RO         1809    i.__malloc$realloc  mc_w.l(mallocr.o)
    0x0800e270   0x0000000e   Code   RO         1863    i.__scatterload_copy  mc_w.l(handlers.o)
    0x0800e27e   0x00000002   Code   RO         1864    i.__scatterload_null  mc_w.l(handlers.o)
    0x0800e280   0x0000000e   Code   RO         1865    i.__scatterload_zeroinit  mc_w.l(handlers.o)
    0x0800e28e   0x00000002   PAD
    0x0800e290   0x00000420   Code   RO         1757    i._printf_core      mc_w.l(printf8.o)
    0x0800e6b0   0x00000026   Code   RO         1758    i._printf_post_padding  mc_w.l(printf8.o)
    0x0800e6d6   0x00000030   Code   RO         1759    i._printf_pre_padding  mc_w.l(printf8.o)
    0x0800e706   0x00000002   PAD
    0x0800e708   0x00000048   Code   RO         1810    i.internal_alloc    mc_w.l(mallocr.o)
    0x0800e750   0x0000006c   Code   RO         1811    i.realloc           mc_w.l(mallocr.o)
    0x0800e7bc   0x00000190   Data   RO          260    .constdata          md5.o
    0x0800e94c   0x000000a0   Data   RO          342    .constdata          x509.o
    0x0800e9ec   0x00001038   Data   RO          518    .constdata          aes.o
    0x0800fa24   0x00000908   Data   RO          568    .constdata          des3.o
    0x0801032c   0x0000002e   Data   RO          632    .constdata          matrixssl.o
    0x0801035a   0x0000006a   Data   RO          682    .constdata          sslv3.o
    0x080103c4   0x00000014   Data   RO         1179    .constdata          STM32F10xR.LIB(stm32f10x_rcc.o)
    0x080103d8   0x00000041   Data   RO          683    .conststring        sslv3.o
    0x08010419   0x00000003   PAD
    0x0801041c   0x00000020   Data   RO         1861    Region$$Table       anon$$obj.o


    Execution Region RW_IRAM1 (Base: 0x20000000, Size: 0x00009db0, Max: 0x00018000, ABSOLUTE, COMPRESSED[0x000005f0])

    Base Addr    Size         Type   Attr      Idx    E Section Name        Object

    0x20000000   0x000008b8   Data   RW            3    .data               main.o
    0x200008b8   0x00000001   Data   RW           96    .data               start.o
    0x200008b9   0x00000003   PAD
    0x200008bc   0x0000000c   Data   RW          588    .data               noos.o
    0x200008c8   0x00000080   Data   RW          605    .data               ciphersuite.o
    0x20000948   0x00000028   Data   RW          684    .data               sslv3.o
    0x20000970   0x00000008   Data   RW         1180    .data               STM32F10xR.LIB(stm32f10x_rcc.o)
    0x20000978   0x00000004   Data   RW         1522    .data               mc_w.l(stderr.o)
    0x2000097c   0x00000004   Data   RW         1839    .data               mc_w.l(stdout.o)
    0x20000980   0x00000004   Data   RW         1842    .data               mc_w.l(mvars.o)
    0x20000984   0x00000004   Data   RW         1843    .data               mc_w.l(mvars.o)
    0x20000988   0x00000054   Zero   RW            2    .bss                main.o
    0x200009dc   0x00000fd0   Zero   RW          631    .bss                matrixssl.o
    0x200019ac   0x00000004   PAD
    0x200019b0   0x00008000   Zero   RW          210    HEAP                startup_stm32f10x_xl.o
    0x200099b0   0x00000400   Zero   RW          209    STACK               startup_stm32f10x_xl.o


==============================================================================

Image component sizes


      Code (inc. data)   RO Data    RW Data    ZI Data      Debug   Object Name

      3716         30       4152          0          0       6835   aes.o
      1064         94          0          0          0       8250   asn1.o
      1568        112          0        128          0      15075   ciphersuite.o
      1670         52       2312          0          0       5453   des3.o
       856        120          0          0          0       4388   hmac.o
      3632       1512          0       2232         84      27925   main.o
      3468         26         46          0       4048      11034   matrixssl.o
      5084        478          0          0          0       9037   matrixsslapi.o
      1168        108        400          0          0       2851   md5.o
       336         22          0         12          0       4973   noos.o
      1840        118          0          0          0       7846   pkcs.o
       250          0          0          0          0       3979   prng.o
      7592          0          0          0          0      24421   pstm.o
        98          0          0          0          0       1115   pubkey.o
       864          0          0          0          0       3467   rsa.o
      1222        118          0          0          0       2826   sha1.o
      6428        164          0          0          0       7474   ssldecode.o
      6440        154          0          0          0      13382   sslencode.o
      1020         20        171         40          0       3465   sslv3.o
       472        108          0          1          0      36504   start.o
        36          8        304          0      33792        756   startup_stm32f10x_xl.o
       146          0          0          0          0       7300   stm32f10x_it.o
      1652        176          0          0          0       5605   tls.o
      4768        274        160          0          0      11240   x509.o
       630          0          0          0          0       3482   yarrow.o

    ----------------------------------------------------------------------
     56028       3694       7580       2416      37928     228683   Object Totals
         0          0         32          0          0          0   (incl. Generated)
         8          0          3          3          4          0   (incl. Padding)

    ----------------------------------------------------------------------

      Code (inc. data)   RO Data    RW Data    ZI Data      Debug   Library Member Name

        48         12          0          0          0        885   stm32f10x_flash.o
       154          0          0          0          0       1476   stm32f10x_gpio.o
        20          8          0          0          0        470   stm32f10x_nvic.o
       540         92         20          8          0       9006   stm32f10x_rcc.o
       182          6          0          0          0       3360   stm32f10x_usart.o
        96          0          0          0          0          0   __dclz77c.o
         0          0          0          0          0          0   entry.o
         8          4          0          0          0          0   entry2.o
         4          0          0          0          0          0   entry5.o
         0          0          0          0          0          0   entry7b.o
         8          4          0          0          0          0   entry8.o
        30          0          0          0          0          0   handlers.o
        36          8          0          0          0         68   init.o
        30          0          0          0          0         68   llshl.o
        32          0          0          0          0         68   llushr.o
       352         28          0          0          0        356   mallocr.o
        26          0          0          0          0         80   memcmp.o
        64          0          0          0          0         76   memmovea.o
        38          0          0          0          0        108   memseta.o
         0          0          0          8          0          0   mvars.o
      1202         62          0          0          0        436   printf8.o
         0          0          0          4          0          0   stderr.o
         0          0          0          4          0          0   stdout.o
        16          0          0          0          0         68   strlen.o
        98          0          0          0          0         92   uldiv.o

    ----------------------------------------------------------------------
      2992        224         20         24          0      16617   Library Totals
         8          0          0          0          0          0   (incl. Padding)

    ----------------------------------------------------------------------

      Code (inc. data)   RO Data    RW Data    ZI Data      Debug   Library Name

       944        118         20          8          0      15197   STM32F10xR.LIB
      2040        106          0         16          0       1420   mc_w.l

    ----------------------------------------------------------------------
      2992        224         20         24          0      16617   Library Totals

    ----------------------------------------------------------------------

==============================================================================


      Code (inc. data)   RO Data    RW Data    ZI Data      Debug   

     59020       3918       7600       2440      37928     242076   Grand Totals
     59020       3918       7600       1520      37928     242076   ELF Image Totals (compressed)
     59020       3918       7600       1520          0          0   ROM Totals

==============================================================================

    Total RO  Size (Code + RO Data)                66620 (  65.06kB)
    Total RW  Size (RW Data + ZI Data)             40368 (  39.42kB)
    Total ROM Size (Code + RO Data + RW Data)      68140 (  66.54kB)

==============================================================================

